[matrix] 4 runs, budget 5.0h, devices=['cuda:0', 'cuda:1']
  cuda:0: 2 runs (seeds [42, 456])
  cuda:1: 2 runs (seeds [123, 789])
[cuda:0] (1/2) skip s6sparse_moe_balanced_K5_tk2_s42 (already done)
[cuda:1] (1/2) skip s6sparse_moe_balanced_K5_tk2_s123 (already done)
[cuda:0] (2/2) RUN s6sparse_moe_balanced_K5_tk2_s456
[cuda:1] (2/2) RUN s6sparse_moe_balanced_K5_tk2_s789
[cuda:0] (2/2) OK s6sparse_moe_balanced_K5_tk2_s456 73.3min
[cuda:1] (2/2) OK s6sparse_moe_balanced_K5_tk2_s789 80.3min

[matrix] done: 26 ok, 0 failed, 2 skipped

[matrix] summarizing ...
# E5 报告：场景内泛化（macro-AUC）下的 scenario-routed MoE

- 生成时间：自动汇总（26 个 run 已完成）
- 主终点：macro AUC over scenarios [0, 1, 2, 3, 4, 5, 6, 8]（test，等权）
- 预注册：`docs/20260815-0018-场景内泛化MoE长程矩阵预注册.md`

## Stage 1（主实验）：arch × loss × 4 seed

| seed | dense+pooled | moe+pooled | dense+balanced | moe+balanced | Δ_moe(bal) | Δ_moe(pool) | Δ_loss(dense) |
|---|---|---|---|---|---|---|---|
| 42 | 0.734496 | 0.736062 | 0.730582 | 0.732450 | +0.001868 | +0.001566 | -0.003914 |
| 123 | 0.733585 | 0.732641 | 0.729614 | 0.731774 | +0.002161 | -0.000945 | -0.003972 |
| 456 | 0.734498 | 0.737058 | 0.730107 | 0.731291 | +0.001185 | +0.002560 | -0.004392 |
| 789 | 0.734746 | 0.736977 | 0.731200 | 0.733510 | +0.002311 | +0.002231 | -0.003546 |

**噪声地板（实测）** = 2 × SD(dense+balanced macro) = 0.001354

**Δ_moe(balanced) 均值 = +0.001881**

**判定 = `PASS`** — all seeds positive AND mean > measured noise floor

**函数保持哨兵**（frozen-router MoE − dense，应 ≈0，容差 0.01）：s42=-0.000261, s123=+0.000083 → PASS

## 逐场景分解（moe+balanced − dense+balanced，seed 平均）

| scenario | dense | moe | Δ |
|---|---|---|---|
| s0 | 0.6948 | 0.6973 | +0.0025 |
| s1 | 0.7120 | 0.7126 | +0.0006 |
| s2 | 0.7567 | 0.7567 | -0.0000 |
| s3 | 0.7481 | 0.7525 | +0.0044 |
| s4 | 0.7359 | 0.7365 | +0.0006 |
| s5 | 0.7251 | 0.7284 | +0.0033 |
| s6 | 0.7294 | 0.7302 | +0.0007 |
| s8 | 0.7410 | 0.7439 | +0.0029 |

## 口径对照：同一批 run 在 pooled 端点上的 Δ

| seed | Δ_moe(macro) | Δ_moe(pooled) | 倍数 |
|---|---|---|---|
| 42 | +0.001868 | +0.000931 | 2.0x |
| 123 | +0.002161 | +0.000950 | 2.3x |
| 456 | +0.001185 | -0.000174 | 6.8x |
| 789 | +0.002311 | +0.000407 | 5.7x |

> 若 macro 的 |Δ| 显著大于 pooled 的 |Δ|，即定量证明「过去用 pooled 端点测不到该机制」。

## Stage 4：lr 稳健性

| lr | Δ_moe 均值 | 正向 seed 数 |
|---|---|---|
| 0.001 | +0.001881 | 4/4 |


wrote cache/macro_auc_27k/e5_decision.json
wrote cache/macro_auc_27k/e5_report.md
