2026-08-12 11:17:50,511 [gpu-keeper] 监测启动: gpu=0 trigger=idle 阈值=3s 假程序时长=20s 目标利用率=10%
2026-08-12 11:17:54,653 [gpu-keeper] 已启动假计算程序 pid=11584（目标利用率 ~10%）
2026-08-12 11:17:56,735 [gpu-keeper] 检测到真实 GPU 任务（pids={3643798}），停止假程序并让位
2026-08-12 11:17:56,735 [gpu-keeper] 正在终止假计算程序 pid=11584
2026-08-12 11:18:03,087 [gpu-keeper] 已启动假计算程序 pid=11680（目标利用率 ~10%）
2026-08-12 11:18:05,817 [gpu-keeper] 假计算程序在 cuda:0 上运行，目标利用率 ~10%
2026-08-12 11:18:07,517 [gpu-keeper] 检测到真实 GPU 任务（pids={3646341}），停止假程序并让位
2026-08-12 11:18:07,517 [gpu-keeper] 正在终止假计算程序 pid=11680
2026-08-12 11:18:13,857 [gpu-keeper] 已启动假计算程序 pid=11800（目标利用率 ~10%）
2026-08-12 11:18:16,011 [gpu-keeper] 检测到真实 GPU 任务（pids={3653555}），停止假程序并让位
2026-08-12 11:18:16,011 [gpu-keeper] 正在终止假计算程序 pid=11800
2026-08-12 11:18:22,509 [gpu-keeper] 已启动假计算程序 pid=11965（目标利用率 ~10%）
2026-08-12 11:18:24,310 [gpu-keeper] 假计算程序在 cuda:0 上运行，目标利用率 ~10%
2026-08-12 11:18:24,563 [gpu-keeper] 检测到真实 GPU 任务（pids={3654034, 3654116}），停止假程序并让位
2026-08-12 11:18:24,564 [gpu-keeper] 正在终止假计算程序 pid=11965
2026-08-12 11:18:55,775 [gpu-keeper] 收到信号 15，清理退出
2026-08-12 11:22:40,357 [gpu-keeper] 监测启动: gpu=0 trigger=idle 阈值=1200s 假程序时长=1200s 目标利用率=10%
2026-08-12 11:42:47,270 [gpu-keeper] 已启动假计算程序 pid=16155（目标利用率 ~10%）
2026-08-12 11:42:49,161 [gpu-keeper] 假计算程序在 cuda:0 上运行，目标利用率 ~10%
2026-08-12 11:42:57,334 [gpu-keeper] 检测到真实 GPU 任务（pids={3962288}），停止假程序并让位
2026-08-12 11:42:57,334 [gpu-keeper] 正在终止假计算程序 pid=16155
2026-08-12 12:03:13,440 [gpu-keeper] 已启动假计算程序 pid=19536（目标利用率 ~10%）
2026-08-12 12:03:15,405 [gpu-keeper] 假计算程序在 cuda:0 上运行，目标利用率 ~10%
2026-08-12 12:03:23,500 [gpu-keeper] 检测到真实 GPU 任务（pids={30591}），停止假程序并让位
2026-08-12 12:03:23,501 [gpu-keeper] 正在终止假计算程序 pid=19536
2026-08-12 12:23:40,653 [gpu-keeper] 已启动假计算程序 pid=22801（目标利用率 ~10%）
2026-08-12 12:23:42,584 [gpu-keeper] 假计算程序在 cuda:0 上运行，目标利用率 ~10%
2026-08-12 12:23:50,721 [gpu-keeper] 检测到真实 GPU 任务（pids={284833}），停止假程序并让位
2026-08-12 12:23:50,721 [gpu-keeper] 正在终止假计算程序 pid=22801
2026-08-12 13:04:54,361 [gpu-keeper] 已启动假计算程序 pid=29395（目标利用率 ~10%）
2026-08-12 13:04:56,240 [gpu-keeper] 假计算程序在 cuda:0 上运行，目标利用率 ~10%
2026-08-12 13:05:04,636 [gpu-keeper] 检测到真实 GPU 任务（pids={804978}），停止假程序并让位
2026-08-12 13:05:04,636 [gpu-keeper] 正在终止假计算程序 pid=29395
2026-08-12 13:25:21,610 [gpu-keeper] 已启动假计算程序 pid=31877（目标利用率 ~10%）
2026-08-12 13:25:23,526 [gpu-keeper] 假计算程序在 cuda:0 上运行，目标利用率 ~10%
2026-08-12 13:25:31,667 [gpu-keeper] 检测到真实 GPU 任务（pids={1067976}），停止假程序并让位
2026-08-12 13:25:31,667 [gpu-keeper] 正在终止假计算程序 pid=31877
2026-08-12 13:30:24,000 [gpu-keeper] 收到信号 15，清理退出
2026-08-12 13:30:28,486 [gpu-keeper] 监测启动: gpu=0 trigger=idle 阈值=1200s 假程序时长=1200s 目标利用率=100%
2026-08-12 15:19:21,773 [gpu-keeper] 已启动假计算程序 pid=65503（目标利用率 ~100%）
2026-08-12 15:19:23,911 [gpu-keeper] 假计算程序在 cuda:0 上运行，目标利用率 ~100%
2026-08-12 15:19:31,835 [gpu-keeper] 检测到真实 GPU 任务（pids={2532047}），停止假程序并让位
2026-08-12 15:19:31,836 [gpu-keeper] 正在终止假计算程序 pid=65503
2026-08-12 15:39:49,220 [gpu-keeper] 已启动假计算程序 pid=67962（目标利用率 ~100%）
2026-08-12 15:39:51,589 [gpu-keeper] 假计算程序在 cuda:0 上运行，目标利用率 ~100%
2026-08-12 15:39:59,276 [gpu-keeper] 检测到真实 GPU 任务（pids={2784863}），停止假程序并让位
2026-08-12 15:39:59,277 [gpu-keeper] 正在终止假计算程序 pid=67962
2026-08-12 16:00:16,043 [gpu-keeper] 已启动假计算程序 pid=71074（目标利用率 ~100%）
2026-08-12 16:00:18,007 [gpu-keeper] 假计算程序在 cuda:0 上运行，目标利用率 ~100%
2026-08-12 16:00:26,101 [gpu-keeper] 检测到真实 GPU 任务（pids={3057819}），停止假程序并让位
2026-08-12 16:00:26,101 [gpu-keeper] 正在终止假计算程序 pid=71074
2026-08-12 16:13:56,295 [gpu-keeper] 收到信号 15，清理退出
2026-08-12 16:14:00,747 [gpu-keeper] 监测启动: gpu=0 trigger=idle 空闲阈值=5s 假程序时长=20s 冷却间隔=20s 目标利用率=100%
2026-08-12 16:14:01,943 [gpu-keeper] 监测启动: gpu=0 trigger=idle 空闲阈值=60s 假程序时长=1200s 冷却间隔=1200s 目标利用率=100%
2026-08-12 16:14:07,430 [gpu-keeper] 已启动假计算程序 pid=73045（目标利用率 ~100%）
2026-08-12 16:14:09,423 [gpu-keeper] 假计算程序在 cuda:0 上运行，目标利用率 ~100%
2026-08-12 16:14:09,466 [gpu-keeper] 检测到真实 GPU 任务（pids={3233100}），停止假程序并让位
2026-08-12 16:14:09,467 [gpu-keeper] 正在终止假计算程序 pid=73045
2026-08-12 16:14:18,004 [gpu-keeper] 已启动假计算程序 pid=73145（目标利用率 ~100%）
2026-08-12 16:14:19,924 [gpu-keeper] 假计算程序在 cuda:0 上运行，目标利用率 ~100%
2026-08-12 16:14:20,044 [gpu-keeper] 检测到真实 GPU 任务（pids={3234247}），停止假程序并让位
2026-08-12 16:14:20,045 [gpu-keeper] 正在终止假计算程序 pid=73145
2026-08-12 16:14:28,479 [gpu-keeper] 已启动假计算程序 pid=73238（目标利用率 ~100%）
2026-08-12 16:14:30,538 [gpu-keeper] 检测到真实 GPU 任务（pids={3235435}），停止假程序并让位
2026-08-12 16:14:30,538 [gpu-keeper] 正在终止假计算程序 pid=73238
2026-08-12 16:14:39,058 [gpu-keeper] 已启动假计算程序 pid=73331（目标利用率 ~100%）
2026-08-12 16:14:41,134 [gpu-keeper] 检测到真实 GPU 任务（pids={3237393}），停止假程序并让位
2026-08-12 16:14:41,135 [gpu-keeper] 正在终止假计算程序 pid=73331
2026-08-12 16:14:49,572 [gpu-keeper] 已启动假计算程序 pid=73424（目标利用率 ~100%）
2026-08-12 16:14:51,450 [gpu-keeper] 假计算程序在 cuda:0 上运行，目标利用率 ~100%
2026-08-12 16:14:51,611 [gpu-keeper] 检测到真实 GPU 任务（pids={3238369}），停止假程序并让位
2026-08-12 16:14:51,611 [gpu-keeper] 正在终止假计算程序 pid=73424
2026-08-12 16:14:59,999 [gpu-keeper] 已启动假计算程序 pid=73519（目标利用率 ~100%）
2026-08-12 16:15:01,907 [gpu-keeper] 假计算程序在 cuda:0 上运行，目标利用率 ~100%
2026-08-12 16:15:02,038 [gpu-keeper] 检测到真实 GPU 任务（pids={3239947}），停止假程序并让位
2026-08-12 16:15:02,038 [gpu-keeper] 正在终止假计算程序 pid=73519
2026-08-12 16:15:11,070 [gpu-keeper] 已启动假计算程序 pid=73628（目标利用率 ~100%）
2026-08-12 16:15:13,009 [gpu-keeper] 假计算程序在 cuda:0 上运行，目标利用率 ~100%
2026-08-12 16:15:13,110 [gpu-keeper] 检测到真实 GPU 任务（pids={3249294}），停止假程序并让位
2026-08-12 16:15:13,110 [gpu-keeper] 正在终止假计算程序 pid=73628
2026-08-12 16:15:21,500 [gpu-keeper] 已启动假计算程序 pid=73728（目标利用率 ~100%）
2026-08-12 16:15:23,443 [gpu-keeper] 假计算程序在 cuda:0 上运行，目标利用率 ~100%
2026-08-12 16:15:23,540 [gpu-keeper] 检测到真实 GPU 任务（pids={3249995}），停止假程序并让位
2026-08-12 16:15:23,540 [gpu-keeper] 正在终止假计算程序 pid=73728
2026-08-12 16:15:32,569 [gpu-keeper] 监测启动: gpu=0 trigger=idle 空闲阈值=60s 假程序时长=1200s 冷却间隔=1200s 目标利用率=100%
2026-08-12 16:16:32,897 [gpu-keeper] 已启动假计算程序 pid=74215（目标利用率 ~100%）
2026-08-12 16:16:35,064 [gpu-keeper] 假计算程序在 cuda:0 上运行，目标利用率 ~100%
2026-08-12 16:16:42,939 [gpu-keeper] 检测到真实 GPU 任务（pids={3263146}），停止假程序并让位
2026-08-12 16:16:42,939 [gpu-keeper] 正在终止假计算程序 pid=74215
2026-08-12 16:16:50,330 [gpu-keeper] 收到信号 15，清理退出
2026-08-12 16:16:54,772 [gpu-keeper] 监测启动: gpu=0 trigger=idle 空闲阈值=5s 假程序时长=30s 冷却间隔=20s 目标利用率=100%
2026-08-12 16:17:00,970 [gpu-keeper] 已启动假计算程序 pid=74405（目标利用率 ~100%）
2026-08-12 16:17:02,006 [gpu-keeper] 监测启动: gpu=0 trigger=idle 空闲阈值=60s 假程序时长=1200s 冷却间隔=1200s 目标利用率=100%
2026-08-12 16:17:02,908 [gpu-keeper] 假计算程序在 cuda:0 上运行，目标利用率 ~100%
2026-08-12 16:17:03,007 [gpu-keeper] 检测到真实 GPU 任务（pids={3265423}），停止假程序并让位
2026-08-12 16:17:03,008 [gpu-keeper] 正在终止假计算程序 pid=74405
2026-08-12 16:17:11,614 [gpu-keeper] 已启动假计算程序 pid=74511（目标利用率 ~100%）
2026-08-12 16:17:13,539 [gpu-keeper] 假计算程序在 cuda:0 上运行，目标利用率 ~100%
2026-08-12 16:17:13,653 [gpu-keeper] 检测到真实 GPU 任务（pids={3272660}），停止假程序并让位
2026-08-12 16:17:13,653 [gpu-keeper] 正在终止假计算程序 pid=74511
2026-08-12 16:17:22,046 [gpu-keeper] 已启动假计算程序 pid=74607（目标利用率 ~100%）
2026-08-12 16:17:23,962 [gpu-keeper] 假计算程序在 cuda:0 上运行，目标利用率 ~100%
2026-08-12 16:17:24,085 [gpu-keeper] 检测到真实 GPU 任务（pids={3273387}），停止假程序并让位
2026-08-12 16:17:24,086 [gpu-keeper] 正在终止假计算程序 pid=74607
2026-08-12 16:17:32,471 [gpu-keeper] 已启动假计算程序 pid=74700（目标利用率 ~100%）
2026-08-12 16:17:34,390 [gpu-keeper] 假计算程序在 cuda:0 上运行，目标利用率 ~100%
2026-08-12 16:17:34,521 [gpu-keeper] 检测到真实 GPU 任务（pids={3274594}），停止假程序并让位
2026-08-12 16:17:34,521 [gpu-keeper] 正在终止假计算程序 pid=74700
2026-08-12 16:17:42,909 [gpu-keeper] 已启动假计算程序 pid=74793（目标利用率 ~100%）
2026-08-12 16:17:44,935 [gpu-keeper] 假计算程序在 cuda:0 上运行，目标利用率 ~100%
2026-08-12 16:17:44,956 [gpu-keeper] 检测到真实 GPU 任务（pids={3275703}），停止假程序并让位
2026-08-12 16:17:44,956 [gpu-keeper] 正在终止假计算程序 pid=74793
2026-08-12 16:17:53,357 [gpu-keeper] 已启动假计算程序 pid=74886（目标利用率 ~100%）
2026-08-12 16:17:55,406 [gpu-keeper] 检测到真实 GPU 任务（pids={3276418}），停止假程序并让位
2026-08-12 16:17:55,407 [gpu-keeper] 正在终止假计算程序 pid=74886
2026-08-12 16:17:59,212 [gpu-keeper] 监测启动: gpu=0 trigger=idle 空闲阈值=60s 假程序时长=1200s 冷却间隔=1200s 目标利用率=100%
2026-08-12 16:23:45,236 [gpu-keeper] 监测启动: gpu=0 trigger=idle 空闲阈值=60s 假程序时长=1200s 冷却间隔=1200s 目标利用率=100%
