2026-08-12 19:24:50,555 [gpu-keeper] 监测启动: gpu=1 trigger=idle 空闲阈值=60s 假程序时长=1200s 冷却间隔=1200s 目标利用率=100%
2026-08-12 19:39:34,605 [gpu-keeper] 假计算程序在 cuda:1 上运行，目标利用率 ~100%
2026-08-12 19:39:34,956 [gpu-keeper] 已启动假计算程序（宿主 pid=146638，GPU pid=1689319，目标利用率 ~100%）
2026-08-12 19:59:37,971 [gpu-keeper] 假程序已运行 1205s，到期停止，进入冷却 1200s
2026-08-12 19:59:37,971 [gpu-keeper] 正在终止假计算程序（宿主 pid=146638）
2026-08-12 20:19:42,206 [gpu-keeper] 已启动假计算程序（宿主 pid=163014，GPU pid=2213193，目标利用率 ~100%）
2026-08-12 20:19:42,323 [gpu-keeper] 假计算程序在 cuda:1 上运行，目标利用率 ~100%
2026-08-12 20:39:45,650 [gpu-keeper] 假程序已运行 1205s，到期停止，进入冷却 1200s
2026-08-12 20:39:45,651 [gpu-keeper] 正在终止假计算程序（宿主 pid=163014）
2026-08-12 20:59:50,170 [gpu-keeper] 假计算程序在 cuda:1 上运行，目标利用率 ~100%
2026-08-12 20:59:50,545 [gpu-keeper] 已启动假计算程序（宿主 pid=175921，GPU pid=2729416，目标利用率 ~100%）
2026-08-12 21:19:53,482 [gpu-keeper] 假程序已运行 1205s，到期停止，进入冷却 1200s
2026-08-12 21:19:53,482 [gpu-keeper] 正在终止假计算程序（宿主 pid=175921）
2026-08-12 21:39:58,094 [gpu-keeper] 已启动假计算程序（宿主 pid=190314，GPU pid=3262528，目标利用率 ~100%）
2026-08-12 21:39:58,207 [gpu-keeper] 假计算程序在 cuda:1 上运行，目标利用率 ~100%
2026-08-12 22:00:00,567 [gpu-keeper] 假程序已运行 1204s，到期停止，进入冷却 1200s
2026-08-12 22:00:00,567 [gpu-keeper] 正在终止假计算程序（宿主 pid=190314）
2026-08-12 22:20:05,544 [gpu-keeper] 假计算程序在 cuda:1 上运行，目标利用率 ~100%
2026-08-12 22:20:05,783 [gpu-keeper] 已启动假计算程序（宿主 pid=204150，GPU pid=3790968，目标利用率 ~100%）
2026-08-12 22:40:08,883 [gpu-keeper] 假程序已运行 1205s，到期停止，进入冷却 1200s
2026-08-12 22:40:08,884 [gpu-keeper] 正在终止假计算程序（宿主 pid=204150）
2026-08-12 23:00:13,420 [gpu-keeper] 假计算程序在 cuda:1 上运行，目标利用率 ~100%
2026-08-12 23:00:13,766 [gpu-keeper] 已启动假计算程序（宿主 pid=222088，GPU pid=131821，目标利用率 ~100%）
2026-08-12 23:20:16,814 [gpu-keeper] 假程序已运行 1205s，到期停止，进入冷却 1200s
2026-08-12 23:20:16,814 [gpu-keeper] 正在终止假计算程序（宿主 pid=222088）
2026-08-12 23:40:21,471 [gpu-keeper] 假计算程序在 cuda:1 上运行，目标利用率 ~100%
2026-08-12 23:40:21,713 [gpu-keeper] 已启动假计算程序（宿主 pid=233891，GPU pid=651454，目标利用率 ~100%）
2026-08-12 23:46:32,526 [gpu-keeper] 检测到真实 GPU 任务（pids=[727986]），停止假程序并让位
2026-08-12 23:46:32,526 [gpu-keeper] 正在终止假计算程序（宿主 pid=233891）
2026-08-12 23:57:35,511 [gpu-keeper] 假计算程序在 cuda:1 上运行，目标利用率 ~100%
2026-08-12 23:57:35,890 [gpu-keeper] 已启动假计算程序（宿主 pid=240222，GPU pid=874069，目标利用率 ~100%）
2026-08-12 23:58:56,141 [gpu-keeper] 检测到真实 GPU 任务（pids=[887147]），停止假程序并让位
2026-08-12 23:58:56,142 [gpu-keeper] 正在终止假计算程序（宿主 pid=240222）
2026-08-13 00:12:59,687 [gpu-keeper] 已启动假计算程序（宿主 pid=249715，GPU pid=1084231，目标利用率 ~100%）
2026-08-13 00:12:59,799 [gpu-keeper] 假计算程序在 cuda:1 上运行，目标利用率 ~100%
2026-08-13 00:33:02,588 [gpu-keeper] 假程序已运行 1204s，到期停止，进入冷却 1200s
2026-08-13 00:33:02,589 [gpu-keeper] 正在终止假计算程序（宿主 pid=249715）
2026-08-13 00:53:07,520 [gpu-keeper] 假计算程序在 cuda:1 上运行，目标利用率 ~100%
2026-08-13 00:53:07,882 [gpu-keeper] 已启动假计算程序（宿主 pid=259607，GPU pid=1611380，目标利用率 ~100%）
2026-08-13 01:13:10,665 [gpu-keeper] 假程序已运行 1204s，到期停止，进入冷却 1200s
2026-08-13 01:13:10,666 [gpu-keeper] 正在终止假计算程序（宿主 pid=259607）
2026-08-13 01:33:15,315 [gpu-keeper] 假计算程序在 cuda:1 上运行，目标利用率 ~100%
2026-08-13 01:33:15,694 [gpu-keeper] 已启动假计算程序（宿主 pid=269636，GPU pid=2129381，目标利用率 ~100%）
2026-08-13 01:53:18,770 [gpu-keeper] 假程序已运行 1205s，到期停止，进入冷却 1200s
2026-08-13 01:53:18,770 [gpu-keeper] 正在终止假计算程序（宿主 pid=269636）
2026-08-13 02:13:23,285 [gpu-keeper] 假计算程序在 cuda:1 上运行，目标利用率 ~100%
2026-08-13 02:13:23,631 [gpu-keeper] 已启动假计算程序（宿主 pid=279543，GPU pid=2646622，目标利用率 ~100%）
2026-08-13 02:33:26,682 [gpu-keeper] 假程序已运行 1205s，到期停止，进入冷却 1200s
2026-08-13 02:33:26,682 [gpu-keeper] 正在终止假计算程序（宿主 pid=279543）
2026-08-13 02:53:31,154 [gpu-keeper] 假计算程序在 cuda:1 上运行，目标利用率 ~100%
2026-08-13 02:53:31,497 [gpu-keeper] 已启动假计算程序（宿主 pid=289418，GPU pid=3170361，目标利用率 ~100%）
2026-08-13 03:13:34,487 [gpu-keeper] 假程序已运行 1205s，到期停止，进入冷却 1200s
2026-08-13 03:13:34,488 [gpu-keeper] 正在终止假计算程序（宿主 pid=289418）
2026-08-13 03:33:39,484 [gpu-keeper] 假计算程序在 cuda:1 上运行，目标利用率 ~100%
2026-08-13 03:33:39,840 [gpu-keeper] 已启动假计算程序（宿主 pid=299405，GPU pid=3690366，目标利用率 ~100%）
2026-08-13 03:53:42,748 [gpu-keeper] 假程序已运行 1205s，到期停止，进入冷却 1200s
2026-08-13 03:53:42,749 [gpu-keeper] 正在终止假计算程序（宿主 pid=299405）
2026-08-13 04:13:47,645 [gpu-keeper] 假计算程序在 cuda:1 上运行，目标利用率 ~100%
2026-08-13 04:13:47,985 [gpu-keeper] 已启动假计算程序（宿主 pid=309318，GPU pid=16040，目标利用率 ~100%）
2026-08-13 04:33:50,683 [gpu-keeper] 假程序已运行 1204s，到期停止，进入冷却 1200s
2026-08-13 04:33:50,684 [gpu-keeper] 正在终止假计算程序（宿主 pid=309318）
2026-08-13 04:53:55,360 [gpu-keeper] 假计算程序在 cuda:1 上运行，目标利用率 ~100%
2026-08-13 04:53:55,761 [gpu-keeper] 已启动假计算程序（宿主 pid=319208，GPU pid=529763，目标利用率 ~100%）
2026-08-13 05:13:58,824 [gpu-keeper] 假程序已运行 1205s，到期停止，进入冷却 1200s
2026-08-13 05:13:58,825 [gpu-keeper] 正在终止假计算程序（宿主 pid=319208）
2026-08-13 05:34:03,456 [gpu-keeper] 假计算程序在 cuda:1 上运行，目标利用率 ~100%
2026-08-13 05:34:03,853 [gpu-keeper] 已启动假计算程序（宿主 pid=328538，GPU pid=1045777，目标利用率 ~100%）
2026-08-13 05:54:06,942 [gpu-keeper] 假程序已运行 1205s，到期停止，进入冷却 1200s
2026-08-13 05:54:06,943 [gpu-keeper] 正在终止假计算程序（宿主 pid=328538）
2026-08-13 06:14:11,261 [gpu-keeper] 已启动假计算程序（宿主 pid=338443，GPU pid=1559094，目标利用率 ~100%）
2026-08-13 06:14:11,363 [gpu-keeper] 假计算程序在 cuda:1 上运行，目标利用率 ~100%
2026-08-13 06:34:14,096 [gpu-keeper] 假程序已运行 1204s，到期停止，进入冷却 1200s
2026-08-13 06:34:14,096 [gpu-keeper] 正在终止假计算程序（宿主 pid=338443）
2026-08-13 06:54:18,530 [gpu-keeper] 已启动假计算程序（宿主 pid=348333，GPU pid=2058746，目标利用率 ~100%）
2026-08-13 06:54:18,614 [gpu-keeper] 假计算程序在 cuda:1 上运行，目标利用率 ~100%
2026-08-13 07:14:21,291 [gpu-keeper] 假程序已运行 1204s，到期停止，进入冷却 1200s
2026-08-13 07:14:21,291 [gpu-keeper] 正在终止假计算程序（宿主 pid=348333）
2026-08-13 07:34:25,549 [gpu-keeper] 已启动假计算程序（宿主 pid=357648，GPU pid=2558927，目标利用率 ~100%）
2026-08-13 07:34:25,736 [gpu-keeper] 假计算程序在 cuda:1 上运行，目标利用率 ~100%
2026-08-13 07:54:28,491 [gpu-keeper] 假程序已运行 1204s，到期停止，进入冷却 1200s
2026-08-13 07:54:28,492 [gpu-keeper] 正在终止假计算程序（宿主 pid=357648）
2026-08-13 08:14:33,078 [gpu-keeper] 已启动假计算程序（宿主 pid=367638，GPU pid=3072600，目标利用率 ~100%）
2026-08-13 08:14:33,199 [gpu-keeper] 假计算程序在 cuda:1 上运行，目标利用率 ~100%
2026-08-13 08:34:36,232 [gpu-keeper] 假程序已运行 1204s，到期停止，进入冷却 1200s
2026-08-13 08:34:36,232 [gpu-keeper] 正在终止假计算程序（宿主 pid=367638）
2026-08-13 08:54:41,158 [gpu-keeper] 假计算程序在 cuda:1 上运行，目标利用率 ~100%
2026-08-13 08:54:41,562 [gpu-keeper] 已启动假计算程序（宿主 pid=377529，GPU pid=3576870，目标利用率 ~100%）
2026-08-13 09:14:44,910 [gpu-keeper] 假程序已运行 1205s，到期停止，进入冷却 1200s
2026-08-13 09:14:44,910 [gpu-keeper] 正在终止假计算程序（宿主 pid=377529）
2026-08-13 09:34:49,029 [gpu-keeper] 已启动假计算程序（宿主 pid=386871，GPU pid=4078093，目标利用率 ~100%）
2026-08-13 09:34:49,106 [gpu-keeper] 假计算程序在 cuda:1 上运行，目标利用率 ~100%
2026-08-13 09:54:51,874 [gpu-keeper] 假程序已运行 1204s，到期停止，进入冷却 1200s
2026-08-13 09:54:51,874 [gpu-keeper] 正在终止假计算程序（宿主 pid=386871）
2026-08-13 10:14:56,281 [gpu-keeper] 已启动假计算程序（宿主 pid=396794，GPU pid=387479，目标利用率 ~100%）
2026-08-13 10:14:56,364 [gpu-keeper] 假计算程序在 cuda:1 上运行，目标利用率 ~100%
2026-08-13 10:34:58,701 [gpu-keeper] 假程序已运行 1204s，到期停止，进入冷却 1200s
2026-08-13 10:34:58,701 [gpu-keeper] 正在终止假计算程序（宿主 pid=396794）
2026-08-13 10:55:03,014 [gpu-keeper] 已启动假计算程序（宿主 pid=406407，GPU pid=885716，目标利用率 ~100%）
2026-08-13 10:55:03,125 [gpu-keeper] 假计算程序在 cuda:1 上运行，目标利用率 ~100%
2026-08-13 11:15:05,762 [gpu-keeper] 假程序已运行 1204s，到期停止，进入冷却 1200s
2026-08-13 11:15:05,763 [gpu-keeper] 正在终止假计算程序（宿主 pid=406407）
2026-08-13 11:35:10,908 [gpu-keeper] 假计算程序在 cuda:1 上运行，目标利用率 ~100%
2026-08-13 11:35:11,306 [gpu-keeper] 已启动假计算程序（宿主 pid=416321，GPU pid=1408191，目标利用率 ~100%）
2026-08-13 11:55:13,702 [gpu-keeper] 假程序已运行 1204s，到期停止，进入冷却 1200s
2026-08-13 11:55:13,702 [gpu-keeper] 正在终止假计算程序（宿主 pid=416321）
2026-08-13 12:15:19,908 [gpu-keeper] 已启动假计算程序（宿主 pid=426437，GPU pid=1879983，目标利用率 ~100%）
2026-08-13 12:15:19,990 [gpu-keeper] 假计算程序在 cuda:1 上运行，目标利用率 ~100%
2026-08-13 12:35:22,768 [gpu-keeper] 假程序已运行 1204s，到期停止，进入冷却 1200s
2026-08-13 12:35:22,769 [gpu-keeper] 正在终止假计算程序（宿主 pid=426437）
2026-08-13 12:55:27,971 [gpu-keeper] 已启动假计算程序（宿主 pid=435876，GPU pid=2340512，目标利用率 ~100%）
2026-08-13 12:55:28,072 [gpu-keeper] 假计算程序在 cuda:1 上运行，目标利用率 ~100%
2026-08-13 13:15:30,353 [gpu-keeper] 假程序已运行 1203s，到期停止，进入冷却 1200s
2026-08-13 13:15:30,353 [gpu-keeper] 正在终止假计算程序（宿主 pid=435876）
2026-08-13 13:35:34,922 [gpu-keeper] 已启动假计算程序（宿主 pid=446730，GPU pid=2804783，目标利用率 ~100%）
2026-08-13 13:35:35,007 [gpu-keeper] 假计算程序在 cuda:1 上运行，目标利用率 ~100%
2026-08-13 13:55:39,042 [gpu-keeper] 假程序已运行 1205s，到期停止，进入冷却 1200s
2026-08-13 13:55:39,042 [gpu-keeper] 正在终止假计算程序（宿主 pid=446730）
2026-08-13 14:15:43,233 [gpu-keeper] 已启动假计算程序（宿主 pid=456628，GPU pid=3315212，目标利用率 ~100%）
2026-08-13 14:15:43,351 [gpu-keeper] 假计算程序在 cuda:1 上运行，目标利用率 ~100%
2026-08-13 14:35:47,182 [gpu-keeper] 假程序已运行 1205s，到期停止，进入冷却 1200s
2026-08-13 14:35:47,183 [gpu-keeper] 正在终止假计算程序（宿主 pid=456628）
2026-08-13 14:55:51,705 [gpu-keeper] 假计算程序在 cuda:1 上运行，目标利用率 ~100%
2026-08-13 14:55:52,098 [gpu-keeper] 已启动假计算程序（宿主 pid=465931，GPU pid=3789825，目标利用率 ~100%）
2026-08-13 15:15:54,996 [gpu-keeper] 假程序已运行 1205s，到期停止，进入冷却 1200s
2026-08-13 15:15:54,996 [gpu-keeper] 正在终止假计算程序（宿主 pid=465931）
2026-08-13 15:36:01,057 [gpu-keeper] 假计算程序在 cuda:1 上运行，目标利用率 ~100%
2026-08-13 15:36:01,413 [gpu-keeper] 已启动假计算程序（宿主 pid=476390，GPU pid=70813，目标利用率 ~100%）
2026-08-13 15:56:04,008 [gpu-keeper] 假程序已运行 1204s，到期停止，进入冷却 1200s
2026-08-13 15:56:04,008 [gpu-keeper] 正在终止假计算程序（宿主 pid=476390）
2026-08-13 16:16:09,612 [gpu-keeper] 假计算程序在 cuda:1 上运行，目标利用率 ~100%
2026-08-13 16:16:09,956 [gpu-keeper] 已启动假计算程序（宿主 pid=486895，GPU pid=561195，目标利用率 ~100%）
2026-08-13 16:36:12,664 [gpu-keeper] 假程序已运行 1204s，到期停止，进入冷却 1200s
2026-08-13 16:36:12,664 [gpu-keeper] 正在终止假计算程序（宿主 pid=486895）
2026-08-13 16:48:34,951 [gpu-keeper] 冷却期出现真实 GPU 任务（pids=[942380]），让位并恢复监测
2026-08-13 16:50:07,324 [gpu-keeper] 假计算程序在 cuda:1 上运行，目标利用率 ~100%
2026-08-13 16:50:07,523 [gpu-keeper] 已启动假计算程序（宿主 pid=495287，GPU pid=960117，目标利用率 ~100%）
2026-08-13 17:10:10,274 [gpu-keeper] 假程序已运行 1205s，到期停止，进入冷却 1200s
2026-08-13 17:10:10,274 [gpu-keeper] 正在终止假计算程序（宿主 pid=495287）
2026-08-13 17:25:42,857 [gpu-keeper] 冷却期出现真实 GPU 任务（pids=[1394096]），让位并恢复监测
2026-08-13 18:12:02,673 [gpu-keeper] 已启动假计算程序（宿主 pid=525184，GPU pid=1960554,1961818，目标利用率 ~100%）
2026-08-13 18:12:02,805 [gpu-keeper] 假计算程序在 cuda:1 上运行，目标利用率 ~100%
2026-08-13 18:32:05,886 [gpu-keeper] 假程序已运行 1204s，到期停止，进入冷却 1200s
2026-08-13 18:32:05,886 [gpu-keeper] 正在终止假计算程序（宿主 pid=525184）
2026-08-13 18:32:16,474 [gpu-keeper] 冷却期出现真实 GPU 任务（pids=[1960554]），让位并恢复监测
2026-08-13 20:11:14,097 [gpu-keeper] 假计算程序在 cuda:1 上运行，目标利用率 ~100%
2026-08-13 20:11:14,512 [gpu-keeper] 已启动假计算程序（宿主 pid=568613，GPU pid=3440850，目标利用率 ~100%）
2026-08-13 20:31:18,400 [gpu-keeper] 假程序已运行 1206s，到期停止，进入冷却 1200s
2026-08-13 20:31:18,400 [gpu-keeper] 正在终止假计算程序（宿主 pid=568613）
2026-08-13 20:51:22,744 [gpu-keeper] 假计算程序在 cuda:1 上运行，目标利用率 ~100%
2026-08-13 20:51:23,110 [gpu-keeper] 已启动假计算程序（宿主 pid=578597，GPU pid=3919698，目标利用率 ~100%）
2026-08-13 21:11:26,468 [gpu-keeper] 假程序已运行 1205s，到期停止，进入冷却 1200s
2026-08-13 21:11:26,468 [gpu-keeper] 正在终止假计算程序（宿主 pid=578597）
2026-08-13 21:31:31,791 [gpu-keeper] 假计算程序在 cuda:1 上运行，目标利用率 ~100%
2026-08-13 21:31:32,048 [gpu-keeper] 已启动假计算程序（宿主 pid=587915，GPU pid=205112，目标利用率 ~100%）
2026-08-13 21:51:35,110 [gpu-keeper] 假程序已运行 1205s，到期停止，进入冷却 1200s
2026-08-13 21:51:35,110 [gpu-keeper] 正在终止假计算程序（宿主 pid=587915）
2026-08-13 22:11:40,652 [gpu-keeper] 假计算程序在 cuda:1 上运行，目标利用率 ~100%
2026-08-13 22:11:40,990 [gpu-keeper] 已启动假计算程序（宿主 pid=597871，GPU pid=683402，目标利用率 ~100%）
2026-08-13 22:31:43,852 [gpu-keeper] 假程序已运行 1204s，到期停止，进入冷却 1200s
2026-08-13 22:31:43,853 [gpu-keeper] 正在终止假计算程序（宿主 pid=597871）
2026-08-13 22:51:48,994 [gpu-keeper] 假计算程序在 cuda:1 上运行，目标利用率 ~100%
2026-08-13 22:51:49,391 [gpu-keeper] 已启动假计算程序（宿主 pid=608048，GPU pid=1166633，目标利用率 ~100%）
2026-08-13 23:11:52,526 [gpu-keeper] 假程序已运行 1205s，到期停止，进入冷却 1200s
2026-08-13 23:11:52,526 [gpu-keeper] 正在终止假计算程序（宿主 pid=608048）
2026-08-13 23:31:57,901 [gpu-keeper] 已启动假计算程序（宿主 pid=617372，GPU pid=1642474，目标利用率 ~100%）
2026-08-13 23:31:58,019 [gpu-keeper] 假计算程序在 cuda:1 上运行，目标利用率 ~100%
2026-08-13 23:52:00,488 [gpu-keeper] 假程序已运行 1204s，到期停止，进入冷却 1200s
2026-08-13 23:52:00,488 [gpu-keeper] 正在终止假计算程序（宿主 pid=617372）
2026-08-14 00:12:06,115 [gpu-keeper] 已启动假计算程序（宿主 pid=627871，GPU pid=2126150，目标利用率 ~100%）
2026-08-14 00:12:06,364 [gpu-keeper] 假计算程序在 cuda:1 上运行，目标利用率 ~100%
2026-08-14 00:32:09,258 [gpu-keeper] 假程序已运行 1205s，到期停止，进入冷却 1200s
2026-08-14 00:32:09,258 [gpu-keeper] 正在终止假计算程序（宿主 pid=627871）
2026-08-14 00:52:13,919 [gpu-keeper] 假计算程序在 cuda:1 上运行，目标利用率 ~100%
2026-08-14 00:52:14,289 [gpu-keeper] 已启动假计算程序（宿主 pid=637187，GPU pid=2607272，目标利用率 ~100%）
2026-08-14 01:12:17,849 [gpu-keeper] 假程序已运行 1205s，到期停止，进入冷却 1200s
2026-08-14 01:12:17,850 [gpu-keeper] 正在终止假计算程序（宿主 pid=637187）
2026-08-14 01:32:22,507 [gpu-keeper] 假计算程序在 cuda:1 上运行，目标利用率 ~100%
2026-08-14 01:32:22,878 [gpu-keeper] 已启动假计算程序（宿主 pid=647083，GPU pid=3097896，目标利用率 ~100%）
2026-08-14 01:52:25,955 [gpu-keeper] 假程序已运行 1205s，到期停止，进入冷却 1200s
2026-08-14 01:52:25,955 [gpu-keeper] 正在终止假计算程序（宿主 pid=647083）
2026-08-14 02:12:30,608 [gpu-keeper] 已启动假计算程序（宿主 pid=656973，GPU pid=3579073，目标利用率 ~100%）
2026-08-14 02:12:30,714 [gpu-keeper] 假计算程序在 cuda:1 上运行，目标利用率 ~100%
2026-08-14 02:32:33,493 [gpu-keeper] 假程序已运行 1204s，到期停止，进入冷却 1200s
2026-08-14 02:32:33,494 [gpu-keeper] 正在终止假计算程序（宿主 pid=656973）
2026-08-14 02:52:39,046 [gpu-keeper] 假计算程序在 cuda:1 上运行，目标利用率 ~100%
2026-08-14 02:52:39,337 [gpu-keeper] 已启动假计算程序（宿主 pid=666352，GPU pid=4054043，目标利用率 ~100%）
2026-08-14 03:12:42,391 [gpu-keeper] 假程序已运行 1205s，到期停止，进入冷却 1200s
2026-08-14 03:12:42,391 [gpu-keeper] 正在终止假计算程序（宿主 pid=666352）
2026-08-14 03:32:46,824 [gpu-keeper] 假计算程序在 cuda:1 上运行，目标利用率 ~100%
2026-08-14 03:32:47,204 [gpu-keeper] 已启动假计算程序（宿主 pid=677124，GPU pid=338869，目标利用率 ~100%）
2026-08-14 03:52:50,001 [gpu-keeper] 假程序已运行 1204s，到期停止，进入冷却 1200s
2026-08-14 03:52:50,001 [gpu-keeper] 正在终止假计算程序（宿主 pid=677124）
2026-08-14 04:12:54,786 [gpu-keeper] 假计算程序在 cuda:1 上运行，目标利用率 ~100%
2026-08-14 04:12:55,066 [gpu-keeper] 已启动假计算程序（宿主 pid=686443，GPU pid=809005，目标利用率 ~100%）
2026-08-14 04:32:59,073 [gpu-keeper] 假程序已运行 1206s，到期停止，进入冷却 1200s
2026-08-14 04:32:59,073 [gpu-keeper] 正在终止假计算程序（宿主 pid=686443）
2026-08-14 04:53:03,624 [gpu-keeper] 已启动假计算程序（宿主 pid=696335，GPU pid=1279965，目标利用率 ~100%）
2026-08-14 04:53:03,748 [gpu-keeper] 假计算程序在 cuda:1 上运行，目标利用率 ~100%
2026-08-14 05:13:07,514 [gpu-keeper] 假程序已运行 1205s，到期停止，进入冷却 1200s
2026-08-14 05:13:07,515 [gpu-keeper] 正在终止假计算程序（宿主 pid=696335）
2026-08-14 05:33:11,724 [gpu-keeper] 已启动假计算程序（宿主 pid=706941，GPU pid=1753493，目标利用率 ~100%）
2026-08-14 05:33:11,860 [gpu-keeper] 假计算程序在 cuda:1 上运行，目标利用率 ~100%
2026-08-14 05:53:14,605 [gpu-keeper] 假程序已运行 1204s，到期停止，进入冷却 1200s
2026-08-14 05:53:14,605 [gpu-keeper] 正在终止假计算程序（宿主 pid=706941）
2026-08-14 06:13:20,161 [gpu-keeper] 已启动假计算程序（宿主 pid=716244，GPU pid=2218553，目标利用率 ~100%）
2026-08-14 06:13:20,291 [gpu-keeper] 假计算程序在 cuda:1 上运行，目标利用率 ~100%
2026-08-14 06:33:23,225 [gpu-keeper] 假程序已运行 1204s，到期停止，进入冷却 1200s
2026-08-14 06:33:23,225 [gpu-keeper] 正在终止假计算程序（宿主 pid=716244）
2026-08-14 06:53:29,891 [gpu-keeper] 已启动假计算程序（宿主 pid=726107，GPU pid=2683219，目标利用率 ~100%）
2026-08-14 06:53:30,005 [gpu-keeper] 假计算程序在 cuda:1 上运行，目标利用率 ~100%
2026-08-14 07:13:32,860 [gpu-keeper] 假程序已运行 1204s，到期停止，进入冷却 1200s
2026-08-14 07:13:32,861 [gpu-keeper] 正在终止假计算程序（宿主 pid=726107）
2026-08-14 07:33:37,765 [gpu-keeper] 已启动假计算程序（宿主 pid=736657，GPU pid=3164979，目标利用率 ~100%）
2026-08-14 07:33:37,878 [gpu-keeper] 假计算程序在 cuda:1 上运行，目标利用率 ~100%
2026-08-14 07:53:40,391 [gpu-keeper] 假程序已运行 1204s，到期停止，进入冷却 1200s
2026-08-14 07:53:40,392 [gpu-keeper] 正在终止假计算程序（宿主 pid=736657）
2026-08-14 08:13:45,265 [gpu-keeper] 已启动假计算程序（宿主 pid=745992，GPU pid=3629167，目标利用率 ~100%）
2026-08-14 08:13:45,440 [gpu-keeper] 假计算程序在 cuda:1 上运行，目标利用率 ~100%
2026-08-14 08:33:48,640 [gpu-keeper] 假程序已运行 1204s，到期停止，进入冷却 1200s
2026-08-14 08:33:48,641 [gpu-keeper] 正在终止假计算程序（宿主 pid=745992）
2026-08-14 08:53:53,143 [gpu-keeper] 假计算程序在 cuda:1 上运行，目标利用率 ~100%
2026-08-14 08:53:53,555 [gpu-keeper] 已启动假计算程序（宿主 pid=755861，GPU pid=4092212，目标利用率 ~100%）
2026-08-14 09:13:57,004 [gpu-keeper] 假程序已运行 1205s，到期停止，进入冷却 1200s
2026-08-14 09:13:57,005 [gpu-keeper] 正在终止假计算程序（宿主 pid=755861）
2026-08-14 09:34:01,951 [gpu-keeper] 已启动假计算程序（宿主 pid=765768，GPU pid=369573，目标利用率 ~100%）
2026-08-14 09:34:02,066 [gpu-keeper] 假计算程序在 cuda:1 上运行，目标利用率 ~100%
2026-08-14 09:54:04,914 [gpu-keeper] 假程序已运行 1204s，到期停止，进入冷却 1200s
2026-08-14 09:54:04,914 [gpu-keeper] 正在终止假计算程序（宿主 pid=765768）
2026-08-14 10:14:11,469 [gpu-keeper] 已启动假计算程序（宿主 pid=775104，GPU pid=831103，目标利用率 ~100%）
2026-08-14 10:14:11,545 [gpu-keeper] 假计算程序在 cuda:1 上运行，目标利用率 ~100%
2026-08-14 10:34:14,354 [gpu-keeper] 假程序已运行 1204s，到期停止，进入冷却 1200s
2026-08-14 10:34:14,354 [gpu-keeper] 正在终止假计算程序（宿主 pid=775104）
2026-08-14 10:54:20,333 [gpu-keeper] 假计算程序在 cuda:1 上运行，目标利用率 ~100%
2026-08-14 10:54:20,719 [gpu-keeper] 已启动假计算程序（宿主 pid=785287，GPU pid=1282376，目标利用率 ~100%）
2026-08-14 11:14:24,132 [gpu-keeper] 假程序已运行 1205s，到期停止，进入冷却 1200s
2026-08-14 11:14:24,132 [gpu-keeper] 正在终止假计算程序（宿主 pid=785287）
2026-08-14 11:29:17,735 [gpu-keeper] 冷却期出现真实 GPU 任务（pids=[1671366]），让位并恢复监测
2026-08-14 11:34:49,512 [gpu-keeper] 已启动假计算程序（宿主 pid=795440，GPU pid=1732202，目标利用率 ~100%）
2026-08-14 11:34:49,625 [gpu-keeper] 假计算程序在 cuda:1 上运行，目标利用率 ~100%
2026-08-14 11:37:09,800 [gpu-keeper] 检测到真实 GPU 任务（pids=[1761673]），停止假程序并让位
2026-08-14 11:37:09,800 [gpu-keeper] 正在终止假计算程序（宿主 pid=795440）
2026-08-14 12:37:53,479 [gpu-keeper] 假计算程序在 cuda:1 上运行，目标利用率 ~100%
2026-08-14 12:37:53,526 [gpu-keeper] 已启动假计算程序（宿主 pid=818655，GPU pid=2459102，目标利用率 ~100%）
2026-08-14 12:57:57,970 [gpu-keeper] 假程序已运行 1206s，到期停止，进入冷却 1200s
2026-08-14 12:57:57,971 [gpu-keeper] 正在终止假计算程序（宿主 pid=818655）
2026-08-14 13:18:03,703 [gpu-keeper] 已启动假计算程序（宿主 pid=829501，GPU pid=2918927，目标利用率 ~100%）
2026-08-14 13:18:03,772 [gpu-keeper] 假计算程序在 cuda:1 上运行，目标利用率 ~100%
2026-08-14 13:38:09,286 [gpu-keeper] 假程序已运行 1207s，到期停止，进入冷却 1200s
2026-08-14 13:38:09,286 [gpu-keeper] 正在终止假计算程序（宿主 pid=829501）
2026-08-14 13:58:15,127 [gpu-keeper] 假计算程序在 cuda:1 上运行，目标利用率 ~100%
2026-08-14 13:58:15,429 [gpu-keeper] 已启动假计算程序（宿主 pid=840207，GPU pid=3373639，目标利用率 ~100%）
2026-08-14 14:18:20,111 [gpu-keeper] 假程序已运行 1206s，到期停止，进入冷却 1200s
2026-08-14 14:18:20,112 [gpu-keeper] 正在终止假计算程序（宿主 pid=840207）
2026-08-14 14:38:25,547 [gpu-keeper] 假计算程序在 cuda:1 上运行，目标利用率 ~100%
2026-08-14 14:38:25,850 [gpu-keeper] 已启动假计算程序（宿主 pid=849697，GPU pid=3819861，目标利用率 ~100%）
2026-08-14 14:58:30,412 [gpu-keeper] 假程序已运行 1206s，到期停止，进入冷却 1200s
2026-08-14 14:58:30,412 [gpu-keeper] 正在终止假计算程序（宿主 pid=849697）
2026-08-14 15:18:36,110 [gpu-keeper] 已启动假计算程序（宿主 pid=859927，GPU pid=79929，目标利用率 ~100%）
2026-08-14 15:18:36,223 [gpu-keeper] 假计算程序在 cuda:1 上运行，目标利用率 ~100%
2026-08-14 15:38:39,604 [gpu-keeper] 假程序已运行 1205s，到期停止，进入冷却 1200s
2026-08-14 15:38:39,605 [gpu-keeper] 正在终止假计算程序（宿主 pid=859927）
2026-08-14 15:58:44,167 [gpu-keeper] 假计算程序在 cuda:1 上运行，目标利用率 ~100%
2026-08-14 15:58:44,539 [gpu-keeper] 已启动假计算程序（宿主 pid=869872，GPU pid=526393，目标利用率 ~100%）
2026-08-14 16:18:48,621 [gpu-keeper] 假程序已运行 1206s，到期停止，进入冷却 1200s
2026-08-14 16:18:48,621 [gpu-keeper] 正在终止假计算程序（宿主 pid=869872）
2026-08-14 16:38:52,891 [gpu-keeper] 已启动假计算程序（宿主 pid=880063，GPU pid=1041584，目标利用率 ~100%）
2026-08-14 16:38:53,008 [gpu-keeper] 假计算程序在 cuda:1 上运行，目标利用率 ~100%
2026-08-14 16:58:55,965 [gpu-keeper] 假程序已运行 1204s，到期停止，进入冷却 1200s
2026-08-14 16:58:55,965 [gpu-keeper] 正在终止假计算程序（宿主 pid=880063）
2026-08-14 17:19:01,236 [gpu-keeper] 已启动假计算程序（宿主 pid=889954，GPU pid=1530472，目标利用率 ~100%）
2026-08-14 17:19:01,350 [gpu-keeper] 假计算程序在 cuda:1 上运行，目标利用率 ~100%
2026-08-14 17:39:04,152 [gpu-keeper] 假程序已运行 1204s，到期停止，进入冷却 1200s
2026-08-14 17:39:04,152 [gpu-keeper] 正在终止假计算程序（宿主 pid=889954）
2026-08-14 17:59:08,968 [gpu-keeper] 假计算程序在 cuda:1 上运行，目标利用率 ~100%
2026-08-14 17:59:09,341 [gpu-keeper] 已启动假计算程序（宿主 pid=899267，GPU pid=2024497，目标利用率 ~100%）
2026-08-14 18:19:12,141 [gpu-keeper] 假程序已运行 1204s，到期停止，进入冷却 1200s
2026-08-14 18:19:12,141 [gpu-keeper] 正在终止假计算程序（宿主 pid=899267）
2026-08-14 18:39:16,562 [gpu-keeper] 已启动假计算程序（宿主 pid=909731，GPU pid=2519221，目标利用率 ~100%）
2026-08-14 18:39:16,673 [gpu-keeper] 假计算程序在 cuda:1 上运行，目标利用率 ~100%
2026-08-14 18:59:19,448 [gpu-keeper] 假程序已运行 1204s，到期停止，进入冷却 1200s
2026-08-14 18:59:19,448 [gpu-keeper] 正在终止假计算程序（宿主 pid=909731）
2026-08-14 19:19:24,366 [gpu-keeper] 假计算程序在 cuda:1 上运行，目标利用率 ~100%
2026-08-14 19:19:24,781 [gpu-keeper] 已启动假计算程序（宿主 pid=920207，GPU pid=3018686，目标利用率 ~100%）
2026-08-14 19:39:27,913 [gpu-keeper] 假程序已运行 1205s，到期停止，进入冷却 1200s
2026-08-14 19:39:27,913 [gpu-keeper] 正在终止假计算程序（宿主 pid=920207）
2026-08-14 19:59:32,450 [gpu-keeper] 假计算程序在 cuda:1 上运行，目标利用率 ~100%
2026-08-14 19:59:32,831 [gpu-keeper] 已启动假计算程序（宿主 pid=929549，GPU pid=3506821，目标利用率 ~100%）
2026-08-14 20:09:04,542 [gpu-keeper] 检测到真实 GPU 任务（pids=[3618498]），停止假程序并让位
2026-08-14 20:09:04,542 [gpu-keeper] 正在终止假计算程序（宿主 pid=929549）
2026-08-14 20:17:57,343 [gpu-keeper] 已启动假计算程序（宿主 pid=936110，GPU pid=3728273，目标利用率 ~100%）
2026-08-14 20:17:57,448 [gpu-keeper] 假计算程序在 cuda:1 上运行，目标利用率 ~100%
2026-08-14 20:18:37,457 [gpu-keeper] 检测到真实 GPU 任务（pids=[3739968, 3740715]），停止假程序并让位
2026-08-14 20:18:37,458 [gpu-keeper] 正在终止假计算程序（宿主 pid=936110）
2026-08-14 20:42:23,345 [gpu-keeper] 已启动假计算程序（宿主 pid=959446，GPU pid=4060497，目标利用率 ~100%）
2026-08-14 20:42:23,390 [gpu-keeper] 假计算程序在 cuda:1 上运行，目标利用率 ~100%
2026-08-14 20:47:44,091 [gpu-keeper] 检测到真实 GPU 任务（pids=[4120223]），停止假程序并让位
2026-08-14 20:47:44,091 [gpu-keeper] 正在终止假计算程序（宿主 pid=959446）
2026-08-14 21:17:20,474 [gpu-keeper] 已启动假计算程序（宿主 pid=971954，GPU pid=289137，目标利用率 ~100%）
2026-08-14 21:17:20,589 [gpu-keeper] 假计算程序在 cuda:1 上运行，目标利用率 ~100%
2026-08-14 21:29:22,381 [gpu-keeper] 检测到真实 GPU 任务（pids=[433666]），停止假程序并让位
2026-08-14 21:29:22,381 [gpu-keeper] 正在终止假计算程序（宿主 pid=971954）
2026-08-14 21:40:36,710 [gpu-keeper] 已启动假计算程序（宿主 pid=980246，GPU pid=570726，目标利用率 ~100%）
2026-08-14 21:40:36,772 [gpu-keeper] 假计算程序在 cuda:1 上运行，目标利用率 ~100%
2026-08-14 22:00:39,701 [gpu-keeper] 假程序已运行 1204s，到期停止，进入冷却 1200s
2026-08-14 22:00:39,701 [gpu-keeper] 正在终止假计算程序（宿主 pid=980246）
2026-08-14 22:10:51,481 [gpu-keeper] 冷却期出现真实 GPU 任务（pids=[927136]），让位并恢复监测
2026-08-14 22:12:32,885 [gpu-keeper] 已启动假计算程序（宿主 pid=988522，GPU pid=948250，目标利用率 ~100%）
2026-08-14 22:12:33,008 [gpu-keeper] 假计算程序在 cuda:1 上运行，目标利用率 ~100%
2026-08-14 22:16:33,495 [gpu-keeper] 检测到真实 GPU 任务（pids=[996031]），停止假程序并让位
2026-08-14 22:16:33,495 [gpu-keeper] 正在终止假计算程序（宿主 pid=988522）
2026-08-14 22:24:56,364 [gpu-keeper] 已启动假计算程序（宿主 pid=993455，GPU pid=1094848，目标利用率 ~100%）
2026-08-14 22:24:56,470 [gpu-keeper] 假计算程序在 cuda:1 上运行，目标利用率 ~100%
2026-08-14 22:44:59,844 [gpu-keeper] 假程序已运行 1205s，到期停止，进入冷却 1200s
2026-08-14 22:44:59,844 [gpu-keeper] 正在终止假计算程序（宿主 pid=993455）
2026-08-14 23:05:04,427 [gpu-keeper] 已启动假计算程序（宿主 pid=1003258，GPU pid=1550695，目标利用率 ~100%）
2026-08-14 23:05:04,614 [gpu-keeper] 假计算程序在 cuda:1 上运行，目标利用率 ~100%
2026-08-14 23:25:07,758 [gpu-keeper] 假程序已运行 1204s，到期停止，进入冷却 1200s
2026-08-14 23:25:07,759 [gpu-keeper] 正在终止假计算程序（宿主 pid=1003258）
2026-08-14 23:45:11,953 [gpu-keeper] 已启动假计算程序（宿主 pid=1013723，GPU pid=2014182，目标利用率 ~100%）
2026-08-14 23:45:12,030 [gpu-keeper] 假计算程序在 cuda:1 上运行，目标利用率 ~100%
2026-08-15 00:00:54,534 [gpu-keeper] 检测到真实 GPU 任务（pids=[2190442]），停止假程序并让位
2026-08-15 00:00:54,534 [gpu-keeper] 正在终止假计算程序（宿主 pid=1013723）
2026-08-15 00:02:07,582 [gpu-keeper] 假计算程序在 cuda:1 上运行，目标利用率 ~100%
2026-08-15 00:02:07,835 [gpu-keeper] 已启动假计算程序（宿主 pid=1018177，GPU pid=2206720，目标利用率 ~100%）
2026-08-15 00:06:48,508 [gpu-keeper] 检测到真实 GPU 任务（pids=[2257447]），停止假程序并让位
2026-08-15 00:06:48,509 [gpu-keeper] 正在终止假计算程序（宿主 pid=1018177）
2026-08-15 00:08:40,093 [gpu-keeper] 已启动假计算程序（宿主 pid=1020789，GPU pid=2278969，目标利用率 ~100%）
2026-08-15 00:08:40,177 [gpu-keeper] 假计算程序在 cuda:1 上运行，目标利用率 ~100%
2026-08-15 00:15:00,996 [gpu-keeper] 检测到真实 GPU 任务（pids=[2351644]），停止假程序并让位
2026-08-15 00:15:00,997 [gpu-keeper] 正在终止假计算程序（宿主 pid=1020789）
2026-08-15 01:33:48,556 [gpu-keeper] 已启动假计算程序（宿主 pid=1061911，GPU pid=3287103，目标利用率 ~100%）
2026-08-15 01:33:48,673 [gpu-keeper] 假计算程序在 cuda:1 上运行，目标利用率 ~100%
2026-08-15 01:53:51,131 [gpu-keeper] 假程序已运行 1204s，到期停止，进入冷却 1200s
2026-08-15 01:53:51,132 [gpu-keeper] 正在终止假计算程序（宿主 pid=1061911）
2026-08-15 02:13:55,854 [gpu-keeper] 已启动假计算程序（宿主 pid=1071224，GPU pid=3739904，目标利用率 ~100%）
2026-08-15 02:13:55,965 [gpu-keeper] 假计算程序在 cuda:1 上运行，目标利用率 ~100%
2026-08-15 02:34:00,019 [gpu-keeper] 假程序已运行 1205s，到期停止，进入冷却 1200s
2026-08-15 02:34:00,019 [gpu-keeper] 正在终止假计算程序（宿主 pid=1071224）
2026-08-15 02:54:05,244 [gpu-keeper] 已启动假计算程序（宿主 pid=1081703，GPU pid=4192507，目标利用率 ~100%）
2026-08-15 02:54:05,326 [gpu-keeper] 假计算程序在 cuda:1 上运行，目标利用率 ~100%
2026-08-15 03:14:09,275 [gpu-keeper] 假程序已运行 1206s，到期停止，进入冷却 1200s
2026-08-15 03:14:09,275 [gpu-keeper] 正在终止假计算程序（宿主 pid=1081703）
2026-08-15 03:34:13,958 [gpu-keeper] 假计算程序在 cuda:1 上运行，目标利用率 ~100%
2026-08-15 03:34:14,270 [gpu-keeper] 已启动假计算程序（宿主 pid=1091616，GPU pid=457301，目标利用率 ~100%）
2026-08-15 03:54:19,023 [gpu-keeper] 假程序已运行 1206s，到期停止，进入冷却 1200s
2026-08-15 03:54:19,023 [gpu-keeper] 正在终止假计算程序（宿主 pid=1091616）
2026-08-15 04:14:23,522 [gpu-keeper] 已启动假计算程序（宿主 pid=1101534，GPU pid=903250，目标利用率 ~100%）
2026-08-15 04:14:23,598 [gpu-keeper] 假计算程序在 cuda:1 上运行，目标利用率 ~100%
2026-08-15 04:34:28,497 [gpu-keeper] 假程序已运行 1206s，到期停止，进入冷却 1200s
2026-08-15 04:34:28,497 [gpu-keeper] 正在终止假计算程序（宿主 pid=1101534）
2026-08-15 04:54:32,710 [gpu-keeper] 已启动假计算程序（宿主 pid=1111458，GPU pid=1360430，目标利用率 ~100%）
2026-08-15 04:54:32,828 [gpu-keeper] 假计算程序在 cuda:1 上运行，目标利用率 ~100%
2026-08-15 05:14:35,496 [gpu-keeper] 假程序已运行 1204s，到期停止，进入冷却 1200s
2026-08-15 05:14:35,497 [gpu-keeper] 正在终止假计算程序（宿主 pid=1111458）
2026-08-15 05:34:41,428 [gpu-keeper] 已启动假计算程序（宿主 pid=1121688，GPU pid=1810013，目标利用率 ~100%）
2026-08-15 05:34:41,504 [gpu-keeper] 假计算程序在 cuda:1 上运行，目标利用率 ~100%
2026-08-15 05:54:44,219 [gpu-keeper] 假程序已运行 1204s，到期停止，进入冷却 1200s
2026-08-15 05:54:44,219 [gpu-keeper] 正在终止假计算程序（宿主 pid=1121688）
2026-08-15 06:14:49,690 [gpu-keeper] 已启动假计算程序（宿主 pid=1131592，GPU pid=2259134，目标利用率 ~100%）
2026-08-15 06:14:49,803 [gpu-keeper] 假计算程序在 cuda:1 上运行，目标利用率 ~100%
2026-08-15 06:34:52,644 [gpu-keeper] 假程序已运行 1204s，到期停止，进入冷却 1200s
2026-08-15 06:34:52,644 [gpu-keeper] 正在终止假计算程序（宿主 pid=1131592）
2026-08-15 06:54:57,485 [gpu-keeper] 已启动假计算程序（宿主 pid=1141477，GPU pid=2712942，目标利用率 ~100%）
2026-08-15 06:54:57,585 [gpu-keeper] 假计算程序在 cuda:1 上运行，目标利用率 ~100%
2026-08-15 07:15:00,748 [gpu-keeper] 假程序已运行 1204s，到期停止，进入冷却 1200s
2026-08-15 07:15:00,748 [gpu-keeper] 正在终止假计算程序（宿主 pid=1141477）
2026-08-15 07:35:04,869 [gpu-keeper] 假计算程序在 cuda:1 上运行，目标利用率 ~100%
2026-08-15 07:35:05,222 [gpu-keeper] 已启动假计算程序（宿主 pid=1151396，GPU pid=3170653，目标利用率 ~100%）
2026-08-15 07:55:09,427 [gpu-keeper] 假程序已运行 1206s，到期停止，进入冷却 1200s
2026-08-15 07:55:09,427 [gpu-keeper] 正在终止假计算程序（宿主 pid=1151396）
2026-08-15 08:15:13,793 [gpu-keeper] 已启动假计算程序（宿主 pid=1161306，GPU pid=3624338，目标利用率 ~100%）
2026-08-15 08:15:13,835 [gpu-keeper] 假计算程序在 cuda:1 上运行，目标利用率 ~100%
2026-08-15 08:35:17,692 [gpu-keeper] 假程序已运行 1205s，到期停止，进入冷却 1200s
2026-08-15 08:35:17,693 [gpu-keeper] 正在终止假计算程序（宿主 pid=1161306）
2026-08-15 08:55:22,057 [gpu-keeper] 已启动假计算程序（宿主 pid=1171184，GPU pid=4076266，目标利用率 ~100%）
2026-08-15 08:55:22,134 [gpu-keeper] 假计算程序在 cuda:1 上运行，目标利用率 ~100%
2026-08-15 09:15:25,190 [gpu-keeper] 假程序已运行 1204s，到期停止，进入冷却 1200s
2026-08-15 09:15:25,190 [gpu-keeper] 正在终止假计算程序（宿主 pid=1171184）
2026-08-15 09:35:30,770 [gpu-keeper] 已启动假计算程序（宿主 pid=1181076，GPU pid=333276，目标利用率 ~100%）
2026-08-15 09:35:30,918 [gpu-keeper] 假计算程序在 cuda:1 上运行，目标利用率 ~100%
2026-08-15 09:55:33,891 [gpu-keeper] 假程序已运行 1204s，到期停止，进入冷却 1200s
2026-08-15 09:55:33,892 [gpu-keeper] 正在终止假计算程序（宿主 pid=1181076）
2026-08-15 10:15:39,477 [gpu-keeper] 已启动假计算程序（宿主 pid=1191034，GPU pid=784886，目标利用率 ~100%）
2026-08-15 10:15:39,581 [gpu-keeper] 假计算程序在 cuda:1 上运行，目标利用率 ~100%
2026-08-15 10:35:42,118 [gpu-keeper] 假程序已运行 1204s，到期停止，进入冷却 1200s
2026-08-15 10:35:42,118 [gpu-keeper] 正在终止假计算程序（宿主 pid=1191034）
2026-08-15 10:55:46,381 [gpu-keeper] 已启动假计算程序（宿主 pid=1201026，GPU pid=1238800，目标利用率 ~100%）
2026-08-15 10:55:46,470 [gpu-keeper] 假计算程序在 cuda:1 上运行，目标利用率 ~100%
2026-08-15 11:15:49,924 [gpu-keeper] 假程序已运行 1205s，到期停止，进入冷却 1200s
2026-08-15 11:15:49,925 [gpu-keeper] 正在终止假计算程序（宿主 pid=1201026）
2026-08-15 11:35:54,672 [gpu-keeper] 已启动假计算程序（宿主 pid=1211110，GPU pid=1688980，目标利用率 ~100%）
2026-08-15 11:35:54,851 [gpu-keeper] 假计算程序在 cuda:1 上运行，目标利用率 ~100%
2026-08-15 11:55:58,476 [gpu-keeper] 假程序已运行 1205s，到期停止，进入冷却 1200s
2026-08-15 11:55:58,476 [gpu-keeper] 正在终止假计算程序（宿主 pid=1211110）
2026-08-15 12:16:03,636 [gpu-keeper] 假计算程序在 cuda:1 上运行，目标利用率 ~100%
2026-08-15 12:16:03,715 [gpu-keeper] 已启动假计算程序（宿主 pid=1220465，GPU pid=2139498，目标利用率 ~100%）
2026-08-15 12:36:08,091 [gpu-keeper] 假程序已运行 1206s，到期停止，进入冷却 1200s
2026-08-15 12:36:08,092 [gpu-keeper] 正在终止假计算程序（宿主 pid=1220465）
2026-08-15 12:56:12,456 [gpu-keeper] 已启动假计算程序（宿主 pid=1231576，GPU pid=2597253，目标利用率 ~100%）
2026-08-15 12:56:12,534 [gpu-keeper] 假计算程序在 cuda:1 上运行，目标利用率 ~100%
2026-08-15 13:16:15,365 [gpu-keeper] 假程序已运行 1204s，到期停止，进入冷却 1200s
2026-08-15 13:16:15,365 [gpu-keeper] 正在终止假计算程序（宿主 pid=1231576）
2026-08-15 13:36:21,350 [gpu-keeper] 已启动假计算程序（宿主 pid=1241482，GPU pid=3059945，目标利用率 ~100%）
2026-08-15 13:36:21,432 [gpu-keeper] 假计算程序在 cuda:1 上运行，目标利用率 ~100%
2026-08-15 13:56:24,085 [gpu-keeper] 假程序已运行 1204s，到期停止，进入冷却 1200s
2026-08-15 13:56:24,085 [gpu-keeper] 正在终止假计算程序（宿主 pid=1241482）
2026-08-15 14:16:30,054 [gpu-keeper] 已启动假计算程序（宿主 pid=1250801，GPU pid=3506503，目标利用率 ~100%）
2026-08-15 14:16:30,176 [gpu-keeper] 假计算程序在 cuda:1 上运行，目标利用率 ~100%
2026-08-15 14:36:32,985 [gpu-keeper] 假程序已运行 1204s，到期停止，进入冷却 1200s
2026-08-15 14:36:32,985 [gpu-keeper] 正在终止假计算程序（宿主 pid=1250801）
2026-08-15 14:56:39,022 [gpu-keeper] 假计算程序在 cuda:1 上运行，目标利用率 ~100%
2026-08-15 14:56:39,373 [gpu-keeper] 已启动假计算程序（宿主 pid=1261405，GPU pid=3957607，目标利用率 ~100%）
2026-08-15 15:16:41,936 [gpu-keeper] 假程序已运行 1204s，到期停止，进入冷却 1200s
2026-08-15 15:16:41,936 [gpu-keeper] 正在终止假计算程序（宿主 pid=1261405）
2026-08-15 15:35:15,405 [gpu-keeper] 冷却期出现真实 GPU 任务（pids=[184506]），让位并恢复监测
2026-08-15 15:37:16,899 [gpu-keeper] 已启动假计算程序（宿主 pid=1272691，GPU pid=227946，目标利用率 ~100%）
2026-08-15 15:37:17,014 [gpu-keeper] 假计算程序在 cuda:1 上运行，目标利用率 ~100%
2026-08-15 15:44:18,126 [gpu-keeper] 检测到真实 GPU 任务（pids=[288007]），停止假程序并让位
2026-08-15 15:44:18,127 [gpu-keeper] 正在终止假计算程序（宿主 pid=1272691）
2026-08-15 16:03:01,958 [gpu-keeper] 已启动假计算程序（宿主 pid=1280496，GPU pid=513831，目标利用率 ~100%）
2026-08-15 16:03:02,200 [gpu-keeper] 假计算程序在 cuda:1 上运行，目标利用率 ~100%
2026-08-15 16:07:12,565 [gpu-keeper] 检测到真实 GPU 任务（pids=[544538]），停止假程序并让位
2026-08-15 16:07:12,566 [gpu-keeper] 正在终止假计算程序（宿主 pid=1280496）
2026-08-15 17:03:14,050 [gpu-keeper] 已启动假计算程序（宿主 pid=1296093，GPU pid=1202576，目标利用率 ~100%）
2026-08-15 17:03:14,135 [gpu-keeper] 假计算程序在 cuda:1 上运行，目标利用率 ~100%
2026-08-15 17:03:34,089 [gpu-keeper] 检测到真实 GPU 任务（pids=[1186218]），停止假程序并让位
2026-08-15 17:03:34,089 [gpu-keeper] 正在终止假计算程序（宿主 pid=1296093）
2026-08-15 18:14:49,309 [gpu-keeper] 已启动假计算程序（宿主 pid=1314543，GPU pid=2003471，目标利用率 ~100%）
2026-08-15 18:14:49,371 [gpu-keeper] 假计算程序在 cuda:1 上运行，目标利用率 ~100%
2026-08-15 18:15:19,367 [gpu-keeper] 检测到真实 GPU 任务（pids=[1993139]），停止假程序并让位
2026-08-15 18:15:19,368 [gpu-keeper] 正在终止假计算程序（宿主 pid=1314543）
2026-08-15 19:21:43,193 [gpu-keeper] 已启动假计算程序（宿主 pid=1331860，GPU pid=2762929，目标利用率 ~100%）
2026-08-15 19:21:43,307 [gpu-keeper] 假计算程序在 cuda:1 上运行，目标利用率 ~100%
2026-08-15 19:22:13,451 [gpu-keeper] 检测到真实 GPU 任务（pids=[2751617]），停止假程序并让位
2026-08-15 19:22:13,451 [gpu-keeper] 正在终止假计算程序（宿主 pid=1331860）
2026-08-15 20:56:40,991 [gpu-keeper] 已启动假计算程序（宿主 pid=1355622，GPU pid=3840976，目标利用率 ~100%）
2026-08-15 20:56:41,069 [gpu-keeper] 假计算程序在 cuda:1 上运行，目标利用率 ~100%
2026-08-15 20:57:11,050 [gpu-keeper] 检测到真实 GPU 任务（pids=[3829255]），停止假程序并让位
2026-08-15 20:57:11,050 [gpu-keeper] 正在终止假计算程序（宿主 pid=1355622）
2026-08-15 21:55:32,872 [gpu-keeper] 已启动假计算程序（宿主 pid=1370503，GPU pid=313310，目标利用率 ~100%）
2026-08-15 21:55:32,986 [gpu-keeper] 假计算程序在 cuda:1 上运行，目标利用率 ~100%
2026-08-15 21:56:02,936 [gpu-keeper] 检测到真实 GPU 任务（pids=[303196]），停止假程序并让位
2026-08-15 21:56:02,937 [gpu-keeper] 正在终止假计算程序（宿主 pid=1370503）
2026-08-15 23:08:20,901 [gpu-keeper] 已启动假计算程序（宿主 pid=1388703，GPU pid=1136729，目标利用率 ~100%）
2026-08-15 23:08:21,196 [gpu-keeper] 假计算程序在 cuda:1 上运行，目标利用率 ~100%
2026-08-15 23:08:40,942 [gpu-keeper] 检测到真实 GPU 任务（pids=[1124716]），停止假程序并让位
2026-08-15 23:08:40,942 [gpu-keeper] 正在终止假计算程序（宿主 pid=1388703）
2026-08-16 00:15:45,049 [gpu-keeper] 假计算程序在 cuda:1 上运行，目标利用率 ~100%
2026-08-16 00:15:45,157 [gpu-keeper] 已启动假计算程序（宿主 pid=1406234，GPU pid=1894859，目标利用率 ~100%）
2026-08-16 00:16:15,220 [gpu-keeper] 检测到真实 GPU 任务（pids=[1883104]），停止假程序并让位
2026-08-16 00:16:15,220 [gpu-keeper] 正在终止假计算程序（宿主 pid=1406234）
2026-08-16 01:46:23,167 [gpu-keeper] 已启动假计算程序（宿主 pid=1428859，GPU pid=2927631，目标利用率 ~100%）
2026-08-16 01:46:23,280 [gpu-keeper] 假计算程序在 cuda:1 上运行，目标利用率 ~100%
2026-08-16 01:46:43,231 [gpu-keeper] 检测到真实 GPU 任务（pids=[2915404]），停止假程序并让位
2026-08-16 01:46:43,231 [gpu-keeper] 正在终止假计算程序（宿主 pid=1428859）
2026-08-16 02:51:16,583 [gpu-keeper] 已启动假计算程序（宿主 pid=1444963，GPU pid=3657626，目标利用率 ~100%）
2026-08-16 02:51:16,697 [gpu-keeper] 假计算程序在 cuda:1 上运行，目标利用率 ~100%
2026-08-16 03:11:20,681 [gpu-keeper] 假程序已运行 1205s，到期停止，进入冷却 1200s
2026-08-16 03:11:20,681 [gpu-keeper] 正在终止假计算程序（宿主 pid=1444963）
2026-08-16 03:31:25,801 [gpu-keeper] 假计算程序在 cuda:1 上运行，目标利用率 ~100%
2026-08-16 03:31:25,909 [gpu-keeper] 已启动假计算程序（宿主 pid=1454283，GPU pid=4109139，目标利用率 ~100%）
2026-08-16 03:51:29,748 [gpu-keeper] 假程序已运行 1206s，到期停止，进入冷却 1200s
2026-08-16 03:51:29,749 [gpu-keeper] 正在终止假计算程序（宿主 pid=1454283）
2026-08-16 04:11:34,430 [gpu-keeper] 已启动假计算程序（宿主 pid=1464276，GPU pid=368092，目标利用率 ~100%）
2026-08-16 04:11:34,509 [gpu-keeper] 假计算程序在 cuda:1 上运行，目标利用率 ~100%
2026-08-16 04:31:38,462 [gpu-keeper] 假程序已运行 1205s，到期停止，进入冷却 1200s
2026-08-16 04:31:38,462 [gpu-keeper] 正在终止假计算程序（宿主 pid=1464276）
2026-08-16 04:51:43,505 [gpu-keeper] 已启动假计算程序（宿主 pid=1473584，GPU pid=818568，目标利用率 ~100%）
2026-08-16 04:51:43,614 [gpu-keeper] 假计算程序在 cuda:1 上运行，目标利用率 ~100%
2026-08-16 05:11:48,125 [gpu-keeper] 假程序已运行 1206s，到期停止，进入冷却 1200s
2026-08-16 05:11:48,126 [gpu-keeper] 正在终止假计算程序（宿主 pid=1473584）
2026-08-16 05:31:52,522 [gpu-keeper] 已启动假计算程序（宿主 pid=1483473，GPU pid=1272912，目标利用率 ~100%）
2026-08-16 05:31:52,607 [gpu-keeper] 假计算程序在 cuda:1 上运行，目标利用率 ~100%
2026-08-16 05:51:56,329 [gpu-keeper] 假程序已运行 1205s，到期停止，进入冷却 1200s
2026-08-16 05:51:56,330 [gpu-keeper] 正在终止假计算程序（宿主 pid=1483473）
2026-08-16 06:12:01,022 [gpu-keeper] 已启动假计算程序（宿主 pid=1493370，GPU pid=1721095，目标利用率 ~100%）
2026-08-16 06:12:01,099 [gpu-keeper] 假计算程序在 cuda:1 上运行，目标利用率 ~100%
2026-08-16 06:32:04,027 [gpu-keeper] 假程序已运行 1204s，到期停止，进入冷却 1200s
2026-08-16 06:32:04,027 [gpu-keeper] 正在终止假计算程序（宿主 pid=1493370）
2026-08-16 06:52:10,657 [gpu-keeper] 已启动假计算程序（宿主 pid=1502707，GPU pid=2176743，目标利用率 ~100%）
2026-08-16 06:52:10,714 [gpu-keeper] 假计算程序在 cuda:1 上运行，目标利用率 ~100%
2026-08-16 07:12:13,647 [gpu-keeper] 假程序已运行 1204s，到期停止，进入冷却 1200s
2026-08-16 07:12:13,647 [gpu-keeper] 正在终止假计算程序（宿主 pid=1502707）
2026-08-16 07:32:19,687 [gpu-keeper] 已启动假计算程序（宿主 pid=1512609，GPU pid=2627536，目标利用率 ~100%）
2026-08-16 07:32:19,799 [gpu-keeper] 假计算程序在 cuda:1 上运行，目标利用率 ~100%
2026-08-16 07:52:22,653 [gpu-keeper] 假程序已运行 1204s，到期停止，进入冷却 1200s
2026-08-16 07:52:22,653 [gpu-keeper] 正在终止假计算程序（宿主 pid=1512609）
2026-08-16 08:12:28,854 [gpu-keeper] 假计算程序在 cuda:1 上运行，目标利用率 ~100%
2026-08-16 08:12:29,237 [gpu-keeper] 已启动假计算程序（宿主 pid=1521948，GPU pid=3085090，目标利用率 ~100%）
2026-08-16 08:32:31,900 [gpu-keeper] 假程序已运行 1204s，到期停止，进入冷却 1200s
2026-08-16 08:32:31,901 [gpu-keeper] 正在终止假计算程序（宿主 pid=1521948）
2026-08-16 08:52:36,340 [gpu-keeper] 已启动假计算程序（宿主 pid=1531952，GPU pid=3533944，目标利用率 ~100%）
2026-08-16 08:52:36,453 [gpu-keeper] 假计算程序在 cuda:1 上运行，目标利用率 ~100%
2026-08-16 09:12:39,806 [gpu-keeper] 假程序已运行 1205s，到期停止，进入冷却 1200s
2026-08-16 09:12:39,806 [gpu-keeper] 正在终止假计算程序（宿主 pid=1531952）
2026-08-16 09:32:44,166 [gpu-keeper] 已启动假计算程序（宿主 pid=1542745，GPU pid=3983153，目标利用率 ~100%）
2026-08-16 09:32:44,292 [gpu-keeper] 假计算程序在 cuda:1 上运行，目标利用率 ~100%
2026-08-16 09:52:48,641 [gpu-keeper] 假程序已运行 1206s，到期停止，进入冷却 1200s
2026-08-16 09:52:48,641 [gpu-keeper] 正在终止假计算程序（宿主 pid=1542745）
2026-08-16 10:12:53,558 [gpu-keeper] 已启动假计算程序（宿主 pid=1552248，GPU pid=243795，目标利用率 ~100%）
2026-08-16 10:12:53,658 [gpu-keeper] 假计算程序在 cuda:1 上运行，目标利用率 ~100%
2026-08-16 10:32:57,616 [gpu-keeper] 假程序已运行 1205s，到期停止，进入冷却 1200s
2026-08-16 10:32:57,616 [gpu-keeper] 正在终止假计算程序（宿主 pid=1552248）
2026-08-16 10:53:01,948 [gpu-keeper] 已启动假计算程序（宿主 pid=1562190，GPU pid=691093，目标利用率 ~100%）
2026-08-16 10:53:02,062 [gpu-keeper] 假计算程序在 cuda:1 上运行，目标利用率 ~100%
2026-08-16 11:13:04,908 [gpu-keeper] 假程序已运行 1204s，到期停止，进入冷却 1200s
2026-08-16 11:13:04,909 [gpu-keeper] 正在终止假计算程序（宿主 pid=1562190）
2026-08-16 11:33:10,570 [gpu-keeper] 已启动假计算程序（宿主 pid=1572366，GPU pid=1152486，目标利用率 ~100%）
2026-08-16 11:33:10,646 [gpu-keeper] 假计算程序在 cuda:1 上运行，目标利用率 ~100%
2026-08-16 11:53:13,634 [gpu-keeper] 假程序已运行 1204s，到期停止，进入冷却 1200s
2026-08-16 11:53:13,634 [gpu-keeper] 正在终止假计算程序（宿主 pid=1572366）
2026-08-16 12:13:19,577 [gpu-keeper] 假计算程序在 cuda:1 上运行，目标利用率 ~100%
2026-08-16 12:13:19,952 [gpu-keeper] 已启动假计算程序（宿主 pid=1581829，GPU pid=1601169，目标利用率 ~100%）
2026-08-16 12:33:22,872 [gpu-keeper] 假程序已运行 1205s，到期停止，进入冷却 1200s
2026-08-16 12:33:22,872 [gpu-keeper] 正在终止假计算程序（宿主 pid=1581829）
2026-08-16 12:51:06,743 [gpu-keeper] 冷却期出现真实 GPU 任务（pids=[2004492]），让位并恢复监测
2026-08-16 12:53:08,549 [gpu-keeper] 已启动假计算程序（宿主 pid=1592921，GPU pid=2049588，目标利用率 ~100%）
2026-08-16 12:53:08,611 [gpu-keeper] 假计算程序在 cuda:1 上运行，目标利用率 ~100%
2026-08-16 12:56:38,991 [gpu-keeper] 检测到真实 GPU 任务（pids=[2072541]），停止假程序并让位
2026-08-16 12:56:38,992 [gpu-keeper] 正在终止假计算程序（宿主 pid=1592921）
2026-08-16 14:03:54,225 [gpu-keeper] 假计算程序在 cuda:1 上运行，目标利用率 ~100%
2026-08-16 14:03:54,559 [gpu-keeper] 已启动假计算程序（宿主 pid=1611107，GPU pid=2843382，目标利用率 ~100%）
2026-08-16 14:04:24,616 [gpu-keeper] 检测到真实 GPU 任务（pids=[2831632]），停止假程序并让位
2026-08-16 14:04:24,617 [gpu-keeper] 正在终止假计算程序（宿主 pid=1611107）
2026-08-16 15:36:22,997 [gpu-keeper] 已启动假计算程序（宿主 pid=1633917，GPU pid=3895725，目标利用率 ~100%）
2026-08-16 15:36:23,071 [gpu-keeper] 假计算程序在 cuda:1 上运行，目标利用率 ~100%
2026-08-16 15:36:43,035 [gpu-keeper] 检测到真实 GPU 任务（pids=[3883360]），停止假程序并让位
2026-08-16 15:36:43,036 [gpu-keeper] 正在终止假计算程序（宿主 pid=1633917）
2026-08-16 16:59:00,426 [gpu-keeper] 已启动假计算程序（宿主 pid=1656710，GPU pid=634288，目标利用率 ~100%）
2026-08-16 16:59:00,481 [gpu-keeper] 假计算程序在 cuda:1 上运行，目标利用率 ~100%
2026-08-16 16:59:30,483 [gpu-keeper] 检测到真实 GPU 任务（pids=[623060]），停止假程序并让位
2026-08-16 16:59:30,483 [gpu-keeper] 正在终止假计算程序（宿主 pid=1656710）
2026-08-16 17:14:34,591 [gpu-keeper] 假计算程序在 cuda:1 上运行，目标利用率 ~100%
2026-08-16 17:14:34,902 [gpu-keeper] 已启动假计算程序（宿主 pid=1661442，GPU pid=813400，目标利用率 ~100%）
2026-08-16 17:15:05,149 [gpu-keeper] 检测到真实 GPU 任务（pids=[802784]），停止假程序并让位
2026-08-16 17:15:05,150 [gpu-keeper] 正在终止假计算程序（宿主 pid=1661442）
2026-08-16 18:35:01,412 [gpu-keeper] 已启动假计算程序（宿主 pid=1681157，GPU pid=1722764，目标利用率 ~100%）
2026-08-16 18:35:01,529 [gpu-keeper] 假计算程序在 cuda:1 上运行，目标利用率 ~100%
2026-08-16 18:55:04,556 [gpu-keeper] 假程序已运行 1204s，到期停止，进入冷却 1200s
2026-08-16 18:55:04,556 [gpu-keeper] 正在终止假计算程序（宿主 pid=1681157）
2026-08-16 19:15:11,171 [gpu-keeper] 已启动假计算程序（宿主 pid=1691082，GPU pid=2177928，目标利用率 ~100%）
2026-08-16 19:15:11,284 [gpu-keeper] 假计算程序在 cuda:1 上运行，目标利用率 ~100%
2026-08-16 19:35:13,911 [gpu-keeper] 假程序已运行 1204s，到期停止，进入冷却 1200s
2026-08-16 19:35:13,912 [gpu-keeper] 正在终止假计算程序（宿主 pid=1691082）
2026-08-16 19:55:19,834 [gpu-keeper] 假计算程序在 cuda:1 上运行，目标利用率 ~100%
2026-08-16 19:55:20,133 [gpu-keeper] 已启动假计算程序（宿主 pid=1700386，GPU pid=2631189，目标利用率 ~100%）
2026-08-16 20:15:22,682 [gpu-keeper] 假程序已运行 1204s，到期停止，进入冷却 1200s
2026-08-16 20:15:22,682 [gpu-keeper] 正在终止假计算程序（宿主 pid=1700386）
2026-08-16 20:35:29,603 [gpu-keeper] 假计算程序在 cuda:1 上运行，目标利用率 ~100%
2026-08-16 20:35:29,945 [gpu-keeper] 已启动假计算程序（宿主 pid=1710308，GPU pid=3088668，目标利用率 ~100%）
2026-08-16 20:55:32,417 [gpu-keeper] 假程序已运行 1204s，到期停止，进入冷却 1200s
2026-08-16 20:55:32,418 [gpu-keeper] 正在终止假计算程序（宿主 pid=1710308）
