[run] stgb-lrfd-fr-42: python run_moe_pretrain_from_scratch.py --model lowrank-full-dim --scenario-loss-weighting sample --seed 42 --run-code stgb-lrfd-fr-42 --device cuda:0 --lr 0.001 --beta2 0.999 --K 4 --routing data --rank 45 --batch-size 10000 --max-epochs 300 --shuffle --router frozen
[run] log -> /apdcephfs/private_xavieryu/projects/LFM4Ads/logs/sample_weighting_stgb-lrfd-fr-42.log
[done] stgb-lrfd-fr-42: status=succeeded pooled_auc=0.7801483538856795 anomaly=None
[run] stgb-lrfd-fr-123: python run_moe_pretrain_from_scratch.py --model lowrank-full-dim --scenario-loss-weighting sample --seed 123 --run-code stgb-lrfd-fr-123 --device cuda:0 --lr 0.001 --beta2 0.999 --K 4 --routing data --rank 45 --batch-size 10000 --max-epochs 300 --shuffle --router frozen
[run] log -> /apdcephfs/private_xavieryu/projects/LFM4Ads/logs/sample_weighting_stgb-lrfd-fr-123.log
[done] stgb-lrfd-fr-123: status=succeeded pooled_auc=0.7810304653594771 anomaly=None
[run] stgb-lrfd-fr-456: python run_moe_pretrain_from_scratch.py --model lowrank-full-dim --scenario-loss-weighting sample --seed 456 --run-code stgb-lrfd-fr-456 --device cuda:0 --lr 0.001 --beta2 0.999 --K 4 --routing data --rank 45 --batch-size 10000 --max-epochs 300 --shuffle --router frozen
[run] log -> /apdcephfs/private_xavieryu/projects/LFM4Ads/logs/sample_weighting_stgb-lrfd-fr-456.log
[done] stgb-lrfd-fr-456: status=succeeded pooled_auc=0.7810024562892414 anomaly=None
[run] stgb-lrfd-soft-42: python run_moe_pretrain_from_scratch.py --model lowrank-full-dim --scenario-loss-weighting sample --seed 42 --run-code stgb-lrfd-soft-42 --device cuda:0 --lr 0.001 --beta2 0.999 --K 4 --routing data --rank 45 --batch-size 10000 --max-epochs 300 --shuffle --router soft
[run] log -> /apdcephfs/private_xavieryu/projects/LFM4Ads/logs/sample_weighting_stgb-lrfd-soft-42.log
[done] stgb-lrfd-soft-42: status=succeeded pooled_auc=0.780291915079321 anomaly=None
[run] stgb-lrfd-soft-123: python run_moe_pretrain_from_scratch.py --model lowrank-full-dim --scenario-loss-weighting sample --seed 123 --run-code stgb-lrfd-soft-123 --device cuda:0 --lr 0.001 --beta2 0.999 --K 4 --routing data --rank 45 --batch-size 10000 --max-epochs 300 --shuffle --router soft
[run] log -> /apdcephfs/private_xavieryu/projects/LFM4Ads/logs/sample_weighting_stgb-lrfd-soft-123.log
[done] stgb-lrfd-soft-123: status=succeeded pooled_auc=0.7802547900339268 anomaly=None
[run] stgb-lrfd-soft-456: python run_moe_pretrain_from_scratch.py --model lowrank-full-dim --scenario-loss-weighting sample --seed 456 --run-code stgb-lrfd-soft-456 --device cuda:0 --lr 0.001 --beta2 0.999 --K 4 --routing data --rank 45 --batch-size 10000 --max-epochs 300 --shuffle --router soft
[run] log -> /apdcephfs/private_xavieryu/projects/LFM4Ads/logs/sample_weighting_stgb-lrfd-soft-456.log
[done] stgb-lrfd-soft-456: status=succeeded pooled_auc=0.7801680372279419 anomaly=None
[run] stgb-sfd-42: python run_moe_pretrain_from_scratch.py --model same-flops-dense --scenario-loss-weighting sample --seed 42 --run-code stgb-sfd-42 --device cuda:0 --lr 0.001 --beta2 0.999 --K 4 --routing data --rank 45 --batch-size 10000 --max-epochs 300 --shuffle --router none
[run] log -> /apdcephfs/private_xavieryu/projects/LFM4Ads/logs/sample_weighting_stgb-sfd-42.log
[done] stgb-sfd-42: status=succeeded pooled_auc=0.7807177059842151 anomaly=None
[run] stgb-sfd-123: python run_moe_pretrain_from_scratch.py --model same-flops-dense --scenario-loss-weighting sample --seed 123 --run-code stgb-sfd-123 --device cuda:0 --lr 0.001 --beta2 0.999 --K 4 --routing data --rank 45 --batch-size 10000 --max-epochs 300 --shuffle --router none
[run] log -> /apdcephfs/private_xavieryu/projects/LFM4Ads/logs/sample_weighting_stgb-sfd-123.log
[done] stgb-sfd-123: status=succeeded pooled_auc=0.7813659722452125 anomaly=None
[run] stgb-sfd-456: python run_moe_pretrain_from_scratch.py --model same-flops-dense --scenario-loss-weighting sample --seed 456 --run-code stgb-sfd-456 --device cuda:0 --lr 0.001 --beta2 0.999 --K 4 --routing data --rank 45 --batch-size 10000 --max-epochs 300 --shuffle --router none
[run] log -> /apdcephfs/private_xavieryu/projects/LFM4Ads/logs/sample_weighting_stgb-sfd-456.log
[done] stgb-sfd-456: status=succeeded pooled_auc=0.7799059361197389 anomaly=None
