=== [fully-routed @ cuda:0] router=none expert=none shared=none ===
[config] model=fully-routed router=none expert=none shared=none device=cuda:0 seed=456 K=4 routing=data lr=0.001 alpha=0.5 epochs=1 batch=16384
[load] cache/moe_fully_routed_seed456.pt  missing=0 unexpected=0
  [epoch 0] batch 50, AU entries=210, loss=0.2437
  [epoch 0] batch 100, AU entries=210, loss=0.4243
  [epoch 0] batch 150, AU entries=210, loss=0.4401
  [epoch 0] batch 200, AU entries=210, loss=0.3006
  [epoch 0] batch 250, AU entries=210, loss=0.2297
  [epoch 0] batch 300, AU entries=210, loss=0.1915
  [epoch 0] batch 350, AU entries=210, loss=0.3364
  [epoch 0] batch 400, AU entries=210, loss=0.6782
  [epoch 0] batch 450, AU entries=210, loss=0.5346
  [epoch 0] batch 500, AU entries=210, loss=0.7780
  [epoch 0] batch 550, AU entries=210, loss=0.1427
  [epoch 0] batch 600, AU entries=210, loss=0.5169
    scenario 0: 0.6761
    scenario 1: 0.7171
    scenario 2: 0.7938
    scenario 3: 0.6286
    scenario 4: 0.7112
    scenario 5: 0.6747
    scenario 6: 0.7292
    scenario 8: 0.7006
  mean per-scenario AUC: 0.7039
  pooled test AUC: 0.7676
  summary → cache/subtask_modulation_fully-routed_rnone_enone_snone_seed456.json
=== [fully-routed @ cuda:0] router=suppress expert=none shared=none ===
[config] model=fully-routed router=suppress expert=none shared=none device=cuda:0 seed=456 K=4 routing=data lr=0.001 alpha=0.5 epochs=1 batch=16384
[load] cache/moe_fully_routed_seed456.pt  missing=0 unexpected=0
  [epoch 0] batch 50, AU entries=210, loss=0.2491
  [epoch 0] batch 100, AU entries=210, loss=0.4973
  [epoch 0] batch 150, AU entries=210, loss=0.4307
  [epoch 0] batch 200, AU entries=210, loss=0.3091
  [epoch 0] batch 250, AU entries=210, loss=0.2112
  [epoch 0] batch 300, AU entries=210, loss=0.2267
  [epoch 0] batch 350, AU entries=210, loss=0.3332
  [epoch 0] batch 400, AU entries=210, loss=0.7353
  [epoch 0] batch 450, AU entries=210, loss=0.5706
  [epoch 0] batch 500, AU entries=210, loss=0.6789
  [epoch 0] batch 550, AU entries=210, loss=0.1261
  [epoch 0] batch 600, AU entries=210, loss=0.4853
    scenario 0: 0.6870
    scenario 1: 0.7223
    scenario 2: 0.7993
    scenario 3: 0.6233
    scenario 4: 0.7186
    scenario 5: 0.7077
    scenario 6: 0.7263
    scenario 8: 0.7379
  mean per-scenario AUC: 0.7153
  pooled test AUC: 0.7720
  summary → cache/subtask_modulation_fully-routed_rsuppress_enone_snone_seed456.json
=== [fully-routed @ cuda:0] router=suppress expert=encourage shared=none ===
[config] model=fully-routed router=suppress expert=encourage shared=none device=cuda:0 seed=456 K=4 routing=data lr=0.001 alpha=0.5 epochs=1 batch=16384
[load] cache/moe_fully_routed_seed456.pt  missing=0 unexpected=0
  [epoch 0] batch 50, AU entries=210, loss=0.2450
  [epoch 0] batch 100, AU entries=210, loss=0.4414
  [epoch 0] batch 150, AU entries=210, loss=0.4253
  [epoch 0] batch 200, AU entries=210, loss=0.2953
  [epoch 0] batch 250, AU entries=210, loss=0.2080
  [epoch 0] batch 300, AU entries=210, loss=0.2234
  [epoch 0] batch 350, AU entries=210, loss=0.3479
  [epoch 0] batch 400, AU entries=210, loss=0.7414
  [epoch 0] batch 450, AU entries=210, loss=0.6274
  [epoch 0] batch 500, AU entries=210, loss=0.6595
  [epoch 0] batch 550, AU entries=210, loss=0.1433
  [epoch 0] batch 600, AU entries=210, loss=0.4812
    scenario 0: 0.6878
    scenario 1: 0.7215
    scenario 2: 0.7985
    scenario 3: 0.6620
    scenario 4: 0.7199
    scenario 5: 0.6922
    scenario 6: 0.7230
    scenario 8: 0.7157
  mean per-scenario AUC: 0.7151
  pooled test AUC: 0.7721
  summary → cache/subtask_modulation_fully-routed_rsuppress_eencourage_snone_seed456.json
=== [fully-routed @ cuda:0] router=suppress expert=suppress shared=none ===
[config] model=fully-routed router=suppress expert=suppress shared=none device=cuda:0 seed=456 K=4 routing=data lr=0.001 alpha=0.5 epochs=1 batch=16384
[load] cache/moe_fully_routed_seed456.pt  missing=0 unexpected=0
  [epoch 0] batch 50, AU entries=210, loss=0.2552
  [epoch 0] batch 100, AU entries=210, loss=0.4749
  [epoch 0] batch 150, AU entries=210, loss=0.4238
  [epoch 0] batch 200, AU entries=210, loss=0.3069
  [epoch 0] batch 250, AU entries=210, loss=0.2016
  [epoch 0] batch 300, AU entries=210, loss=0.2317
  [epoch 0] batch 350, AU entries=210, loss=0.3308
  [epoch 0] batch 400, AU entries=210, loss=0.6551
  [epoch 0] batch 450, AU entries=210, loss=0.5742
  [epoch 0] batch 500, AU entries=210, loss=0.6968
  [epoch 0] batch 550, AU entries=210, loss=0.1556
  [epoch 0] batch 600, AU entries=210, loss=0.5657
    scenario 0: 0.6806
    scenario 1: 0.7206
    scenario 2: 0.7960
    scenario 3: 0.6800
    scenario 4: 0.7177
    scenario 5: 0.6817
    scenario 6: 0.7255
    scenario 8: 0.7281
  mean per-scenario AUC: 0.7163
  pooled test AUC: 0.7710
  summary → cache/subtask_modulation_fully-routed_rsuppress_esuppress_snone_seed456.json
WORKER DONE: fully-routed cuda:0 seed 456
=== SKIP (exists) router=none expert=none shared=none ===
=== [fully-routed @ cuda:0] router=none expert=encourage shared=none ===
[config] model=fully-routed router=none expert=encourage shared=none device=cuda:0 seed=123 K=4 routing=data lr=0.001 alpha=0.5 epochs=1 batch=16384
[load] cache/moe_fully_routed_seed123.pt  missing=0 unexpected=0
  [epoch 0] batch 50, AU entries=210, loss=0.4197
  [epoch 0] batch 100, AU entries=210, loss=0.4084
  [epoch 0] batch 150, AU entries=210, loss=0.3409
  [epoch 0] batch 200, AU entries=210, loss=0.2202
  [epoch 0] batch 250, AU entries=210, loss=0.1320
  [epoch 0] batch 300, AU entries=210, loss=0.4433
  [epoch 0] batch 350, AU entries=210, loss=0.0567
  [epoch 0] batch 400, AU entries=210, loss=0.7722
  [epoch 0] batch 450, AU entries=210, loss=0.2041
  [epoch 0] batch 500, AU entries=210, loss=0.3689
  [epoch 0] batch 550, AU entries=210, loss=0.0651
  [epoch 0] batch 600, AU entries=210, loss=0.7361
    scenario 0: 0.6855
    scenario 1: 0.7166
    scenario 2: 0.7997
    scenario 3: 0.6966
    scenario 4: 0.7144
    scenario 5: 0.6390
    scenario 6: 0.7116
    scenario 8: 0.7445
  mean per-scenario AUC: 0.7135
  pooled test AUC: 0.7688
  summary → cache/subtask_modulation_fully-routed_rnone_eencourage_snone_seed123.json
=== [fully-routed @ cuda:0] router=none expert=suppress shared=none ===
[config] model=fully-routed router=none expert=suppress shared=none device=cuda:0 seed=123 K=4 routing=data lr=0.001 alpha=0.5 epochs=1 batch=16384
[load] cache/moe_fully_routed_seed123.pt  missing=0 unexpected=0
  [epoch 0] batch 50, AU entries=210, loss=0.3987
  [epoch 0] batch 100, AU entries=210, loss=0.3656
  [epoch 0] batch 150, AU entries=210, loss=0.3437
  [epoch 0] batch 200, AU entries=210, loss=0.2405
  [epoch 0] batch 250, AU entries=210, loss=0.1236
  [epoch 0] batch 300, AU entries=210, loss=0.4723
  [epoch 0] batch 350, AU entries=210, loss=0.0432
  [epoch 0] batch 400, AU entries=210, loss=0.6416
  [epoch 0] batch 450, AU entries=210, loss=0.2105
  [epoch 0] batch 500, AU entries=210, loss=0.3502
  [epoch 0] batch 550, AU entries=210, loss=0.0676
  [epoch 0] batch 600, AU entries=210, loss=0.7716
    scenario 0: 0.6832
    scenario 1: 0.7164
    scenario 2: 0.7940
    scenario 3: 0.7334
    scenario 4: 0.7166
    scenario 5: 0.6246
    scenario 6: 0.7173
    scenario 8: 0.7663
  mean per-scenario AUC: 0.7190
  pooled test AUC: 0.7689
  summary → cache/subtask_modulation_fully-routed_rnone_esuppress_snone_seed123.json
=== [fully-routed @ cuda:0] router=encourage expert=none shared=none ===
[config] model=fully-routed router=encourage expert=none shared=none device=cuda:0 seed=123 K=4 routing=data lr=0.001 alpha=0.5 epochs=1 batch=16384
[load] cache/moe_fully_routed_seed123.pt  missing=0 unexpected=0
  [epoch 0] batch 50, AU entries=210, loss=0.4156
  [epoch 0] batch 100, AU entries=210, loss=0.3952
  [epoch 0] batch 150, AU entries=210, loss=0.3533
  [epoch 0] batch 200, AU entries=210, loss=0.2192
  [epoch 0] batch 250, AU entries=210, loss=0.1168
  [epoch 0] batch 300, AU entries=210, loss=0.4168
  [epoch 0] batch 350, AU entries=210, loss=0.0601
  [epoch 0] batch 400, AU entries=210, loss=0.7332
  [epoch 0] batch 450, AU entries=210, loss=0.1942
  [epoch 0] batch 500, AU entries=210, loss=0.3590
  [epoch 0] batch 550, AU entries=210, loss=0.0775
  [epoch 0] batch 600, AU entries=210, loss=0.8895
    scenario 0: 0.6783
    scenario 1: 0.7159
    scenario 2: 0.7918
    scenario 3: 0.7332
    scenario 4: 0.7152
    scenario 5: 0.6527
    scenario 6: 0.7139
    scenario 8: 0.7790
  mean per-scenario AUC: 0.7225
  pooled test AUC: 0.7684
  summary → cache/subtask_modulation_fully-routed_rencourage_enone_snone_seed123.json
=== [fully-routed @ cuda:0] router=encourage expert=encourage shared=none ===
[config] model=fully-routed router=encourage expert=encourage shared=none device=cuda:0 seed=123 K=4 routing=data lr=0.001 alpha=0.5 epochs=1 batch=16384
[load] cache/moe_fully_routed_seed123.pt  missing=0 unexpected=0
  [epoch 0] batch 50, AU entries=210, loss=0.4046
  [epoch 0] batch 100, AU entries=210, loss=0.4040
  [epoch 0] batch 150, AU entries=210, loss=0.3806
  [epoch 0] batch 200, AU entries=210, loss=0.1775
  [epoch 0] batch 250, AU entries=210, loss=0.1306
  [epoch 0] batch 300, AU entries=210, loss=0.4820
  [epoch 0] batch 350, AU entries=210, loss=0.0406
  [epoch 0] batch 400, AU entries=210, loss=0.7470
  [epoch 0] batch 450, AU entries=210, loss=0.2204
  [epoch 0] batch 500, AU entries=210, loss=0.3829
  [epoch 0] batch 550, AU entries=210, loss=0.0663
  [epoch 0] batch 600, AU entries=210, loss=0.8597
    scenario 0: 0.6821
    scenario 1: 0.7174
    scenario 2: 0.7967
    scenario 3: 0.7049
    scenario 4: 0.7155
    scenario 5: 0.6204
    scenario 6: 0.7197
    scenario 8: 0.7375
  mean per-scenario AUC: 0.7118
  pooled test AUC: 0.7692
  summary → cache/subtask_modulation_fully-routed_rencourage_eencourage_snone_seed123.json
=== [fully-routed @ cuda:0] router=encourage expert=suppress shared=none ===
[config] model=fully-routed router=encourage expert=suppress shared=none device=cuda:0 seed=123 K=4 routing=data lr=0.001 alpha=0.5 epochs=1 batch=16384
[load] cache/moe_fully_routed_seed123.pt  missing=0 unexpected=0
  [epoch 0] batch 50, AU entries=210, loss=0.4244
  [epoch 0] batch 100, AU entries=210, loss=0.3180
  [epoch 0] batch 150, AU entries=210, loss=0.3404
  [epoch 0] batch 200, AU entries=210, loss=0.2324
  [epoch 0] batch 250, AU entries=210, loss=0.1052
  [epoch 0] batch 300, AU entries=210, loss=0.4396
  [epoch 0] batch 350, AU entries=210, loss=0.0508
  [epoch 0] batch 400, AU entries=210, loss=0.6611
  [epoch 0] batch 450, AU entries=210, loss=0.2130
  [epoch 0] batch 500, AU entries=210, loss=0.3507
  [epoch 0] batch 550, AU entries=210, loss=0.0690
  [epoch 0] batch 600, AU entries=210, loss=0.9309
    scenario 0: 0.6800
    scenario 1: 0.7163
    scenario 2: 0.7927
    scenario 3: 0.7237
    scenario 4: 0.7135
    scenario 5: 0.6525
    scenario 6: 0.7114
    scenario 8: 0.7621
  mean per-scenario AUC: 0.7190
  pooled test AUC: 0.7684
  summary → cache/subtask_modulation_fully-routed_rencourage_esuppress_snone_seed123.json
=== SKIP (exists) router=suppress expert=none shared=none ===
=== SKIP (exists) router=suppress expert=encourage shared=none ===
=== SKIP (exists) router=suppress expert=suppress shared=none ===
WORKER DONE: fully-routed cuda:0 seed 123
=== SKIP (exists) router=none expert=none shared=none ===
=== [fully-routed @ cuda:0] router=none expert=encourage shared=none ===
[config] model=fully-routed router=none expert=encourage shared=none device=cuda:0 seed=456 K=4 routing=data lr=0.001 alpha=0.5 epochs=1 batch=16384
[load] cache/moe_fully_routed_seed456.pt  missing=0 unexpected=0
  [epoch 0] batch 50, AU entries=210, loss=0.2432
  [epoch 0] batch 100, AU entries=210, loss=0.4812
  [epoch 0] batch 150, AU entries=210, loss=0.4345
  [epoch 0] batch 200, AU entries=210, loss=0.3101
  [epoch 0] batch 250, AU entries=210, loss=0.2474
  [epoch 0] batch 300, AU entries=210, loss=0.2294
  [epoch 0] batch 350, AU entries=210, loss=0.3468
  [epoch 0] batch 400, AU entries=210, loss=0.7983
  [epoch 0] batch 450, AU entries=210, loss=0.6169
  [epoch 0] batch 500, AU entries=210, loss=0.6650
  [epoch 0] batch 550, AU entries=210, loss=0.1553
  [epoch 0] batch 600, AU entries=210, loss=0.4899
    scenario 0: 0.6762
    scenario 1: 0.7162
    scenario 2: 0.7946
    scenario 3: 0.6976
    scenario 4: 0.7133
    scenario 5: 0.6866
    scenario 6: 0.7222
    scenario 8: 0.7595
  mean per-scenario AUC: 0.7208
  pooled test AUC: 0.7682
  summary → cache/subtask_modulation_fully-routed_rnone_eencourage_snone_seed456.json
=== [fully-routed @ cuda:0] router=none expert=suppress shared=none ===
[config] model=fully-routed router=none expert=suppress shared=none device=cuda:0 seed=456 K=4 routing=data lr=0.001 alpha=0.5 epochs=1 batch=16384
[load] cache/moe_fully_routed_seed456.pt  missing=0 unexpected=0
  [epoch 0] batch 50, AU entries=210, loss=0.2385
  [epoch 0] batch 100, AU entries=210, loss=0.4591
  [epoch 0] batch 150, AU entries=210, loss=0.4224
  [epoch 0] batch 200, AU entries=210, loss=0.3178
  [epoch 0] batch 250, AU entries=210, loss=0.2185
  [epoch 0] batch 300, AU entries=210, loss=0.2284
  [epoch 0] batch 350, AU entries=210, loss=0.3039
  [epoch 0] batch 400, AU entries=210, loss=0.6686
  [epoch 0] batch 450, AU entries=210, loss=0.5850
  [epoch 0] batch 500, AU entries=210, loss=0.7301
  [epoch 0] batch 550, AU entries=210, loss=0.1334
  [epoch 0] batch 600, AU entries=210, loss=0.5303
    scenario 0: 0.6799
    scenario 1: 0.7191
    scenario 2: 0.7960
    scenario 3: 0.6963
    scenario 4: 0.7157
    scenario 5: 0.6676
    scenario 6: 0.7251
    scenario 8: 0.7830
  mean per-scenario AUC: 0.7228
  pooled test AUC: 0.7699
  summary → cache/subtask_modulation_fully-routed_rnone_esuppress_snone_seed456.json
=== [fully-routed @ cuda:0] router=encourage expert=none shared=none ===
[config] model=fully-routed router=encourage expert=none shared=none device=cuda:0 seed=456 K=4 routing=data lr=0.001 alpha=0.5 epochs=1 batch=16384
[load] cache/moe_fully_routed_seed456.pt  missing=0 unexpected=0
  [epoch 0] batch 50, AU entries=210, loss=0.2440
  [epoch 0] batch 100, AU entries=210, loss=0.4789
  [epoch 0] batch 150, AU entries=210, loss=0.4241
  [epoch 0] batch 200, AU entries=210, loss=0.3377
  [epoch 0] batch 250, AU entries=210, loss=0.2328
  [epoch 0] batch 300, AU entries=210, loss=0.2811
  [epoch 0] batch 350, AU entries=210, loss=0.3721
  [epoch 0] batch 400, AU entries=210, loss=0.6770
  [epoch 0] batch 450, AU entries=210, loss=0.6628
  [epoch 0] batch 500, AU entries=210, loss=0.6638
  [epoch 0] batch 550, AU entries=210, loss=0.1633
  [epoch 0] batch 600, AU entries=210, loss=0.4409
    scenario 0: 0.6710
    scenario 1: 0.7099
    scenario 2: 0.7951
    scenario 3: 0.6574
    scenario 4: 0.7123
    scenario 5: 0.6866
    scenario 6: 0.7129
    scenario 8: 0.7493
  mean per-scenario AUC: 0.7118
  pooled test AUC: 0.7597
  summary → cache/subtask_modulation_fully-routed_rencourage_enone_snone_seed456.json
=== [fully-routed @ cuda:0] router=encourage expert=encourage shared=none ===
[config] model=fully-routed router=encourage expert=encourage shared=none device=cuda:0 seed=456 K=4 routing=data lr=0.001 alpha=0.5 epochs=1 batch=16384
[load] cache/moe_fully_routed_seed456.pt  missing=0 unexpected=0
  [epoch 0] batch 50, AU entries=210, loss=0.2661
  [epoch 0] batch 100, AU entries=210, loss=0.4605
  [epoch 0] batch 150, AU entries=210, loss=0.4469
  [epoch 0] batch 200, AU entries=210, loss=0.3225
  [epoch 0] batch 250, AU entries=210, loss=0.2274
  [epoch 0] batch 300, AU entries=210, loss=0.2290
  [epoch 0] batch 350, AU entries=210, loss=0.3290
  [epoch 0] batch 400, AU entries=210, loss=0.5790
  [epoch 0] batch 450, AU entries=210, loss=0.5869
  [epoch 0] batch 500, AU entries=210, loss=0.7199
  [epoch 0] batch 550, AU entries=210, loss=0.1462
  [epoch 0] batch 600, AU entries=210, loss=0.5587
    scenario 0: 0.6750
    scenario 1: 0.7165
    scenario 2: 0.7983
    scenario 3: 0.6148
    scenario 4: 0.7147
    scenario 5: 0.7058
    scenario 6: 0.7293
    scenario 8: 0.7526
  mean per-scenario AUC: 0.7134
  pooled test AUC: 0.7667
  summary → cache/subtask_modulation_fully-routed_rencourage_eencourage_snone_seed456.json
=== [fully-routed @ cuda:0] router=encourage expert=suppress shared=none ===
[config] model=fully-routed router=encourage expert=suppress shared=none device=cuda:0 seed=456 K=4 routing=data lr=0.001 alpha=0.5 epochs=1 batch=16384
[load] cache/moe_fully_routed_seed456.pt  missing=0 unexpected=0
  [epoch 0] batch 50, AU entries=210, loss=0.2501
  [epoch 0] batch 100, AU entries=210, loss=0.4231
  [epoch 0] batch 150, AU entries=210, loss=0.4246
  [epoch 0] batch 200, AU entries=210, loss=0.3062
  [epoch 0] batch 250, AU entries=210, loss=0.1777
  [epoch 0] batch 300, AU entries=210, loss=0.2931
  [epoch 0] batch 350, AU entries=210, loss=0.3308
  [epoch 0] batch 400, AU entries=210, loss=0.6752
  [epoch 0] batch 450, AU entries=210, loss=0.5996
  [epoch 0] batch 500, AU entries=210, loss=0.6977
  [epoch 0] batch 550, AU entries=210, loss=0.1596
  [epoch 0] batch 600, AU entries=210, loss=0.5876
    scenario 0: 0.6741
    scenario 1: 0.7165
    scenario 2: 0.8009
    scenario 3: 0.6693
    scenario 4: 0.7151
    scenario 5: 0.6937
    scenario 6: 0.7262
    scenario 8: 0.7344
  mean per-scenario AUC: 0.7163
  pooled test AUC: 0.7683
  summary → cache/subtask_modulation_fully-routed_rencourage_esuppress_snone_seed456.json
=== SKIP (exists) router=suppress expert=none shared=none ===
=== SKIP (exists) router=suppress expert=encourage shared=none ===
=== SKIP (exists) router=suppress expert=suppress shared=none ===
WORKER DONE: fully-routed cuda:0 seed 456
