[launch_pack] 7 jobs, cap=3/device, devices=['cuda:0', 'cuda:1']
[launch_pack] START d6_v2_s42 on cuda:0 (pid=3152894) -> cache/lfm4ads_d6_v2_s42.log
[launch_pack] START d6_v2_s123 on cuda:1 (pid=3152895) -> cache/lfm4ads_d6_v2_s123.log
[launch_pack] START d6_v2_s456 on cuda:0 (pid=3152896) -> cache/lfm4ads_d6_v2_s456.log
[launch_pack] START bb_v1_s42 on cuda:1 (pid=3152898) -> cache/lfm4ads_bb_v1_s42.log
[launch_pack] START bb_v1_s123 on cuda:0 (pid=3153016) -> cache/lfm4ads_bb_v1_s123.log
[launch_pack] START bb_v2_s42 on cuda:1 (pid=3153082) -> cache/lfm4ads_bb_v2_s42.log

[monitor 15:52:18] GPU util% / mem-MiB
  gpu 0, 0, 4257
  gpu 1, 0, 4255
  [RUNNING] d6_v2_s42: [launch_pack] LFM_NUM_WORKERS=4 | 
  [RUNNING] d6_v2_s123: [launch_pack] LFM_NUM_WORKERS=4 | 
  [RUNNING] d6_v2_s456: [launch_pack] LFM_NUM_WORKERS=4 | 
  [RUNNING] bb_v1_s42: [launch_pack] LFM_NUM_WORKERS=4 | 
  [RUNNING] bb_v1_s123: [launch_pack] LFM_NUM_WORKERS=4 | 
  [RUNNING] bb_v2_s42: [launch_pack] LFM_NUM_WORKERS=4 | 

[monitor 15:57:18] GPU util% / mem-MiB
  gpu 0, 99, 12619
  gpu 1, 99, 12619
  [RUNNING] d6_v2_s42: Epoch 1:  50%|████▉     | 460/929 [02:48<02:54,  2.70it/s] | Epoch 1:  50%|████▉     | 461/929 [02:48<02:49,  2.76it/s]
  [RUNNING] d6_v2_s123: Epoch 1:  50%|████▉     | 460/929 [02:48<02:51,  2.73it/s] | Epoch 1:  50%|████▉     | 461/929 [02:48<02:52,  2.71it/s]
  [RUNNING] d6_v2_s456: Epoch 1:  50%|████▉     | 462/929 [02:48<02:46,  2.81it/s] | Epoch 1:  50%|████▉     | 463/929 [02:48<02:46,  2.80it/s]
  [RUNNING] bb_v1_s42: Epoch 1:  39%|███▊      | 359/929 [02:47<04:28,  2.13it/s] | Epoch 1:  39%|███▉      | 360/929 [02:48<04:39,  2.03it/s]
  [RUNNING] bb_v1_s123: Epoch 1:  38%|███▊      | 355/929 [02:48<04:44,  2.02it/s] | Epoch 1:  38%|███▊      | 356/929 [02:48<04:37,  2.07it/s]
  [RUNNING] bb_v2_s42: Epoch 1:  49%|████▉     | 458/929 [02:48<02:57,  2.65it/s] | Epoch 1:  49%|████▉     | 459/929 [02:48<02:53,  2.71it/s]

[monitor 16:02:18] GPU util% / mem-MiB
  gpu 0, 99, 12923
  gpu 1, 99, 12921
  [RUNNING] d6_v2_s42: Epoch 2:  34%|███▎      | 312/929 [02:00<03:36,  2.85it/s] | Epoch 2:  34%|███▎      | 313/929 [02:00<03:40,  2.80it/s]
  [RUNNING] d6_v2_s123: Epoch 2:  34%|███▍      | 314/929 [02:00<03:43,  2.75it/s] | Epoch 2:  34%|███▍      | 315/929 [02:00<03:45,  2.72it/s]
  [RUNNING] d6_v2_s456: Epoch 2:  34%|███▍      | 316/929 [02:00<03:40,  2.78it/s] | Epoch 2:  34%|███▍      | 317/929 [02:01<03:44,  2.73it/s]
  [RUNNING] bb_v1_s42: Epoch 1: 100%|██████████| 929/929 [06:41<00:00,  2.32it/s] | [Epoch 1] Specialization detected! Enabling spec loss.
  [RUNNING] bb_v1_s123: Epoch 1: 100%|██████████| 929/929 [06:46<00:00,  2.28it/s] | [Epoch 1] Specialization detected! Enabling spec loss.
  [RUNNING] bb_v2_s42: Epoch 2:  34%|███▎      | 313/929 [01:59<03:35,  2.86it/s] | Epoch 2:  34%|███▍      | 314/929 [01:59<03:30,  2.92it/s]

[monitor 16:07:19] GPU util% / mem-MiB
  gpu 0, 99, 9780
  gpu 1, 99, 9778
  [RUNNING] d6_v2_s42: Epoch 3:  15%|█▍        | 137/929 [00:56<05:04,  2.60it/s] | Epoch 3:  15%|█▍        | 138/929 [00:57<05:05,  2.59it/s]
  [RUNNING] d6_v2_s123: Epoch 3:  15%|█▌        | 141/929 [00:56<04:59,  2.63it/s] | Epoch 3:  15%|█▌        | 142/929 [00:57<04:55,  2.66it/s]
  [RUNNING] d6_v2_s456: Epoch 3:  16%|█▌        | 146/929 [00:58<04:54,  2.66it/s] | Epoch 3:  16%|█▌        | 147/929 [00:59<04:56,  2.63it/s]
  [RUNNING] bb_v1_s42: Epoch 2:  61%|██████    | 564/929 [04:45<03:36,  1.69it/s] | Epoch 2:  61%|██████    | 565/929 [04:46<03:29,  1.74it/s]
  [RUNNING] bb_v1_s123: Epoch 2:  59%|█████▉    | 550/929 [04:39<03:49,  1.65it/s] | Epoch 2:  59%|█████▉    | 551/929 [04:40<03:37,  1.74it/s]
  [RUNNING] bb_v2_s42: Epoch 3:  15%|█▍        | 137/929 [00:56<04:59,  2.64it/s] | Epoch 3:  15%|█▍        | 138/929 [00:56<05:01,  2.63it/s]

[monitor 16:12:19] GPU util% / mem-MiB
  gpu 0, 99, 11335
  gpu 1, 7, 9780
  [RUNNING] d6_v2_s42: Epoch 3:  88%|████████▊ | 818/929 [05:56<00:50,  2.22it/s] | Epoch 3:  88%|████████▊ | 819/929 [05:57<00:48,  2.26it/s]
  [RUNNING] d6_v2_s123: 71%|███████   | 88/124 [00:07<00:02, 14.50it/s] | 73%|███████▎  | 90/124 [00:07<00:02, 14.42it/s]
  [RUNNING] d6_v2_s456: Epoch 3:  89%|████████▉ | 827/929 [05:58<00:45,  2.25it/s] | Epoch 3:  89%|████████▉ | 828/929 [05:59<00:45,  2.24it/s]
  [RUNNING] bb_v1_s42: 27%|██▋       | 33/121 [00:03<00:07, 12.34it/s] | 29%|██▉       | 35/121 [00:04<00:06, 13.34it/s]
  [RUNNING] bb_v1_s123: Epoch 2: 100%|██████████| 929/929 [09:02<00:00,  1.43it/s] | Epoch 2: 100%|██████████| 929/929 [09:02<00:00,  1.71it/s]
  [RUNNING] bb_v2_s42: 66%|██████▌   | 82/124 [00:07<00:02, 14.22it/s] | 69%|██████▉   | 86/124 [00:08<00:03, 12.28it/s]
[launch_pack] FINISH bb_v1_s42 on cuda:1 (rc=0)
[launch_pack] FINISH bb_v1_s123 on cuda:0 (rc=0)
[launch_pack] FINISH bb_v2_s42 on cuda:1 (rc=0)
[launch_pack] START bb_v2_s123 on cuda:0 (pid=3176072) -> cache/lfm4ads_bb_v2_s123.log

[monitor 16:17:19] GPU util% / mem-MiB
  gpu 0, 99, 8694
  gpu 1, 27, 3097
  [RUNNING] d6_v2_s42: 0%|          | 3/1052 [00:23<2:14:26,  7.69s/it] | 0%|          | 4/1052 [00:30<2:11:56,  7.55s/it]
  [RUNNING] d6_v2_s123: 12%|█▏        | 129/1052 [01:12<08:06,  1.90it/s] | 12%|█▏        | 130/1052 [01:12<08:05,  1.90it/s]
  [RUNNING] d6_v2_s456: 0%|          | 2/1052 [00:16<2:20:31,  8.03s/it] | 0%|          | 3/1052 [00:23<2:14:40,  7.70s/it]
  [RUNNING] bb_v2_s123: [launch_pack] LFM_NUM_WORKERS=4 | 

[monitor 16:22:19] GPU util% / mem-MiB
  gpu 0, 99, 11411
  gpu 1, 27, 3097
  [RUNNING] d6_v2_s42: 3%|▎         | 33/1052 [05:15<3:00:20, 10.62s/it] | 3%|▎         | 34/1052 [05:25<2:59:57, 10.61s/it]
  [RUNNING] d6_v2_s123: 65%|██████▌   | 684/1052 [06:12<03:12,  1.91it/s] | 65%|██████▌   | 685/1052 [06:12<03:12,  1.91it/s]
  [RUNNING] d6_v2_s456: 3%|▎         | 33/1052 [05:15<3:00:13, 10.61s/it] | 3%|▎         | 34/1052 [05:26<2:59:51, 10.60s/it]
  [RUNNING] bb_v2_s123: Epoch 1:  69%|██████▉   | 643/929 [03:58<01:31,  3.11it/s] | Epoch 1:  69%|██████▉   | 644/929 [03:58<01:31,  3.11it/s]

[monitor 16:27:19] GPU util% / mem-MiB
  gpu 0, 99, 11417
  gpu 1, 25, 3097
  [RUNNING] d6_v2_s42: 6%|▌         | 61/1052 [10:14<3:04:02, 11.14s/it] | 6%|▌         | 62/1052 [10:25<3:03:43, 11.13s/it]
  [RUNNING] d6_v2_s123: 16%|█▌        | 170/1052 [01:36<08:21,  1.76it/s] | 16%|█▋        | 171/1052 [01:37<08:20,  1.76it/s]
  [RUNNING] d6_v2_s456: 6%|▌         | 61/1052 [10:14<3:04:02, 11.14s/it] | 6%|▌         | 62/1052 [10:25<3:03:47, 11.14s/it]
  [RUNNING] bb_v2_s123: Epoch 2:  50%|████▉     | 462/929 [03:04<03:04,  2.53it/s] | Epoch 2:  50%|████▉     | 463/929 [03:04<03:06,  2.49it/s]

[monitor 16:32:19] GPU util% / mem-MiB
  gpu 0, 99, 11787
  gpu 1, 26, 3097
  [RUNNING] d6_v2_s42: 8%|▊         | 89/1052 [15:18<2:54:17, 10.86s/it] | 9%|▊         | 90/1052 [15:29<2:54:12, 10.87s/it]
  [RUNNING] d6_v2_s123: 67%|██████▋   | 709/1052 [06:36<03:14,  1.76it/s] | 67%|██████▋   | 710/1052 [06:37<03:13,  1.77it/s]
  [RUNNING] d6_v2_s456: 8%|▊         | 89/1052 [15:19<2:54:18, 10.86s/it] | 9%|▊         | 90/1052 [15:30<2:54:13, 10.87s/it]
  [RUNNING] bb_v2_s123: Epoch 3:  29%|██▉       | 270/929 [01:45<04:19,  2.54it/s] | Epoch 3:  29%|██▉       | 271/929 [01:45<04:19,  2.53it/s]

[monitor 16:37:19] GPU util% / mem-MiB
  gpu 0, 98, 11787
  gpu 1, 21, 4749
  [RUNNING] d6_v2_s42: 12%|█▏        | 121/1052 [20:18<1:55:32,  7.45s/it] | 12%|█▏        | 122/1052 [20:25<1:53:13,  7.30s/it]
  [RUNNING] d6_v2_s123: 96%|█████████▌| 586/610 [00:45<00:01, 13.68it/s] | 97%|█████████▋| 590/610 [00:45<00:01, 13.70it/s]
  [RUNNING] d6_v2_s456: 12%|█▏        | 121/1052 [20:18<1:54:59,  7.41s/it] | 12%|█▏        | 122/1052 [20:25<1:52:50,  7.28s/it]
  [RUNNING] bb_v2_s123: 33%|███▎      | 1/3 [00:01<00:02,  1.10s/it] | 100%|██████████| 3/3 [00:01<00:00,  1.79it/s]
[launch_pack] FINISH bb_v2_s123 on cuda:0 (rc=0)

[monitor 16:42:19] GPU util% / mem-MiB
  gpu 0, 98, 8694
  gpu 1, 21, 4751
  [RUNNING] d6_v2_s42: 16%|█▌        | 165/1052 [25:24<1:42:18,  6.92s/it] | 16%|█▌        | 166/1052 [25:31<1:42:02,  6.91s/it]
  [RUNNING] d6_v2_s123: 87%|████████▋ | 529/610 [00:40<00:06, 13.00it/s] | 87%|████████▋ | 533/610 [00:41<00:05, 13.27it/s]
  [RUNNING] d6_v2_s456: 16%|█▌        | 164/1052 [25:17<1:42:22,  6.92s/it] | 16%|█▌        | 165/1052 [25:24<1:42:13,  6.91s/it]

[monitor 16:47:19] GPU util% / mem-MiB
  gpu 0, 98, 8694
  gpu 1, 2, 4751
  [RUNNING] d6_v2_s42: 20%|█▉        | 208/1052 [30:20<1:37:23,  6.92s/it] | 20%|█▉        | 209/1052 [30:27<1:37:12,  6.92s/it]
  [RUNNING] d6_v2_s123: 29%|██▉       | 24/83 [00:03<00:05, 11.77it/s] | 34%|███▎      | 28/83 [00:03<00:04, 12.68it/s]
  [RUNNING] d6_v2_s456: 20%|█▉        | 208/1052 [30:22<1:37:17,  6.92s/it] | 20%|█▉        | 209/1052 [30:29<1:37:07,  6.91s/it]

[monitor 16:52:19] GPU util% / mem-MiB
  gpu 0, 98, 8694
  gpu 1, 21, 4751
  [RUNNING] d6_v2_s42: 24%|██▍       | 251/1052 [35:18<1:32:21,  6.92s/it] | 24%|██▍       | 252/1052 [35:25<1:32:12,  6.92s/it]
  [RUNNING] d6_v2_s123: 20%|██        | 124/610 [00:10<00:32, 15.02it/s] | 21%|██        | 128/610 [00:10<00:32, 15.01it/s]
  [RUNNING] d6_v2_s456: 24%|██▍       | 251/1052 [35:19<1:32:22,  6.92s/it] | 24%|██▍       | 252/1052 [35:26<1:32:13,  6.92s/it]

[monitor 16:57:20] GPU util% / mem-MiB
  gpu 0, 98, 8694
  gpu 1, 19, 4751
  [RUNNING] d6_v2_s42: 28%|██▊       | 295/1052 [40:22<1:27:23,  6.93s/it] | 28%|██▊       | 296/1052 [40:29<1:27:12,  6.92s/it]
  [RUNNING] d6_v2_s123: 64%|██████▍   | 390/610 [00:28<00:15, 14.51it/s] | 65%|██████▍   | 394/610 [00:28<00:14, 14.51it/s]
  [RUNNING] d6_v2_s456: 28%|██▊       | 295/1052 [40:24<1:27:14,  6.92s/it] | 28%|██▊       | 296/1052 [40:30<1:27:06,  6.91s/it]

[monitor 17:02:20] GPU util% / mem-MiB
  gpu 0, 98, 8694
  gpu 1, 1, 4751
  [RUNNING] d6_v2_s42: 32%|███▏      | 338/1052 [45:20<1:22:21,  6.92s/it] | 32%|███▏      | 339/1052 [45:26<1:22:11,  6.92s/it]
  [RUNNING] d6_v2_s123: 48%|████▊     | 40/83 [00:04<00:02, 14.39it/s] | 53%|█████▎    | 44/83 [00:04<00:02, 14.58it/s]
  [RUNNING] d6_v2_s456: 32%|███▏      | 338/1052 [45:21<1:22:22,  6.92s/it] | 32%|███▏      | 339/1052 [45:28<1:22:12,  6.92s/it]

[monitor 17:07:20] GPU util% / mem-MiB
  gpu 0, 98, 8694
  gpu 1, 21, 4751
  [RUNNING] d6_v2_s42: 36%|███▋      | 382/1052 [50:24<1:17:16,  6.92s/it] | 36%|███▋      | 383/1052 [50:31<1:17:07,  6.92s/it]
  [RUNNING] d6_v2_s123: 30%|███       | 184/610 [00:14<00:29, 14.60it/s] | 31%|███       | 188/610 [00:14<00:28, 14.67it/s]
  [RUNNING] d6_v2_s456: 36%|███▌      | 381/1052 [50:18<1:17:24,  6.92s/it] | 36%|███▋      | 382/1052 [50:25<1:17:14,  6.92s/it]

[monitor 17:12:20] GPU util% / mem-MiB
  gpu 0, 98, 8694
  gpu 1, 9, 4751
  [RUNNING] d6_v2_s42: 40%|████      | 425/1052 [55:21<1:12:39,  6.95s/it] | 40%|████      | 426/1052 [55:28<1:12:23,  6.94s/it]
  [RUNNING] d6_v2_s123: 90%|████████▉ | 548/610 [00:38<00:04, 14.77it/s] | 90%|█████████ | 552/610 [00:39<00:03, 14.76it/s]
  [RUNNING] d6_v2_s456: 40%|████      | 425/1052 [55:23<1:12:26,  6.93s/it] | 40%|████      | 426/1052 [55:30<1:12:14,  6.92s/it]

[monitor 17:17:20] GPU util% / mem-MiB
  gpu 0, 98, 8694
  gpu 1, 21, 4751
  [RUNNING] d6_v2_s42: 44%|████▍     | 468/1052 [1:00:19<1:07:16,  6.91s/it] | 45%|████▍     | 469/1052 [1:00:26<1:07:08,  6.91s/it]
  [RUNNING] d6_v2_s123: 10%|█         | 64/610 [00:05<00:36, 15.07it/s] | 11%|█         | 68/610 [00:06<00:35, 15.06it/s]
  [RUNNING] d6_v2_s456: 44%|████▍     | 468/1052 [1:00:20<1:07:17,  6.91s/it] | 45%|████▍     | 469/1052 [1:00:27<1:07:09,  6.91s/it]

[monitor 17:22:20] GPU util% / mem-MiB
  gpu 0, 98, 8694
  gpu 1, 14, 4751
  [RUNNING] d6_v2_s42: 49%|████▊     | 512/1052 [1:05:23<1:02:12,  6.91s/it] | 49%|████▉     | 513/1052 [1:05:30<1:02:04,  6.91s/it]
  [RUNNING] d6_v2_s123: 61%|██████    | 373/610 [00:27<00:15, 14.94it/s] | 62%|██████▏   | 377/610 [00:27<00:15, 14.93it/s]
  [RUNNING] d6_v2_s456: 49%|████▊     | 511/1052 [1:05:18<1:02:21,  6.92s/it] | 49%|████▊     | 512/1052 [1:05:25<1:02:12,  6.91s/it]

[monitor 17:27:20] GPU util% / mem-MiB
  gpu 0, 98, 8694
  gpu 1, 21, 4751
  [RUNNING] d6_v2_s42: 53%|█████▎    | 555/1052 [1:10:21<57:30,  6.94s/it] | 53%|█████▎    | 556/1052 [1:10:28<57:18,  6.93s/it]
  [RUNNING] d6_v2_s123: 98%|█████████▊| 596/610 [00:42<00:00, 14.60it/s] | 98%|█████████▊| 600/610 [00:42<00:00, 14.61it/s]
  [RUNNING] d6_v2_s456: 53%|█████▎    | 555/1052 [1:10:22<57:10,  6.90s/it] | 53%|█████▎    | 556/1052 [1:10:29<57:04,  6.90s/it]

[monitor 17:32:20] GPU util% / mem-MiB
  gpu 0, 98, 8694
  gpu 1, 0, 4751
  [RUNNING] d6_v2_s42: 57%|█████▋    | 599/1052 [1:15:25<52:10,  6.91s/it] | 57%|█████▋    | 600/1052 [1:15:32<52:03,  6.91s/it]
  [RUNNING] d6_v2_s123: 19%|█▉        | 117/610 [00:09<00:32, 15.05it/s] | 20%|█▉        | 121/610 [00:09<00:37, 13.14it/s]
  [RUNNING] d6_v2_s456: 57%|█████▋    | 598/1052 [1:15:20<52:19,  6.91s/it] | 57%|█████▋    | 599/1052 [1:15:27<52:11,  6.91s/it]

[monitor 17:37:20] GPU util% / mem-MiB
  gpu 0, 98, 8694
  gpu 1, 40, 4751
  [RUNNING] d6_v2_s42: 61%|██████    | 642/1052 [1:20:23<47:13,  6.91s/it] | 61%|██████    | 643/1052 [1:20:30<47:06,  6.91s/it]
  [RUNNING] d6_v2_s123: 98%|█████████▊| 599/610 [00:42<00:00, 14.69it/s] | 99%|█████████▉| 603/610 [00:42<00:00, 14.69it/s]
  [RUNNING] d6_v2_s456: 61%|██████    | 642/1052 [1:20:24<47:14,  6.91s/it] | 61%|██████    | 643/1052 [1:20:31<47:07,  6.91s/it]

[monitor 17:42:20] GPU util% / mem-MiB
  gpu 0, 98, 8694
  gpu 1, 0, 4751
  [RUNNING] d6_v2_s42: 65%|██████▌   | 685/1052 [1:25:20<42:17,  6.91s/it] | 65%|██████▌   | 686/1052 [1:25:27<42:25,  6.95s/it]
  [RUNNING] d6_v2_s123: 29%|██▉       | 177/610 [00:13<00:28, 14.97it/s] | 30%|██▉       | 181/610 [00:13<00:28, 14.94it/s]
  [RUNNING] d6_v2_s456: 65%|██████▌   | 685/1052 [1:25:22<42:10,  6.90s/it] | 65%|██████▌   | 686/1052 [1:25:29<42:04,  6.90s/it]

[monitor 17:47:21] GPU util% / mem-MiB
  gpu 0, 98, 8694
  gpu 1, 22, 4751
  [RUNNING] d6_v2_s42: 69%|██████▉   | 729/1052 [1:30:24<37:12,  6.91s/it] | 69%|██████▉   | 730/1052 [1:30:31<37:04,  6.91s/it]
  [RUNNING] d6_v2_s123: 83%|████████▎ | 504/610 [00:35<00:07, 14.95it/s] | 83%|████████▎ | 508/610 [00:35<00:06, 14.93it/s]
  [RUNNING] d6_v2_s456: 69%|██████▉   | 728/1052 [1:30:19<37:20,  6.91s/it] | 69%|██████▉   | 729/1052 [1:30:26<37:12,  6.91s/it]

[monitor 17:52:21] GPU util% / mem-MiB
  gpu 0, 98, 8694
  gpu 1, 21, 4751
  [RUNNING] d6_v2_s42: 73%|███████▎  | 772/1052 [1:35:22<32:15,  6.91s/it] | 73%|███████▎  | 773/1052 [1:35:29<32:08,  6.91s/it]
  [RUNNING] d6_v2_s123: 8%|▊         | 48/610 [00:04<00:38, 14.77it/s] | 9%|▊         | 52/610 [00:05<00:37, 14.92it/s]
  [RUNNING] d6_v2_s456: 73%|███████▎  | 772/1052 [1:35:23<32:16,  6.92s/it] | 73%|███████▎  | 773/1052 [1:35:30<32:08,  6.91s/it]

[monitor 17:57:21] GPU util% / mem-MiB
  gpu 0, 98, 8694
  gpu 1, 6, 4751
  [RUNNING] d6_v2_s42: 77%|███████▋  | 815/1052 [1:40:19<27:18,  6.91s/it] | 78%|███████▊  | 816/1052 [1:40:26<27:11,  6.91s/it]
  [RUNNING] d6_v2_s123: 10%|█         | 20/193 [00:03<00:15, 11.03it/s] | 12%|█▏        | 24/193 [00:03<00:13, 12.16it/s]
  [RUNNING] d6_v2_s456: 77%|███████▋  | 815/1052 [1:40:21<27:19,  6.92s/it] | 78%|███████▊  | 816/1052 [1:40:28<27:11,  6.91s/it]

[monitor 18:02:21] GPU util% / mem-MiB
  gpu 0, 98, 8694
  gpu 1, 22, 4753
  [RUNNING] d6_v2_s42: 82%|████████▏ | 859/1052 [1:45:24<22:14,  6.91s/it] | 82%|████████▏ | 860/1052 [1:45:31<22:06,  6.91s/it]
  [RUNNING] d6_v2_s123: 60%|██████    | 116/193 [00:09<00:05, 14.92it/s] | 62%|██████▏   | 120/193 [00:09<00:04, 14.95it/s]
  [RUNNING] d6_v2_s456: 82%|████████▏ | 859/1052 [1:45:25<22:14,  6.91s/it] | 82%|████████▏ | 860/1052 [1:45:32<22:07,  6.91s/it]

[monitor 18:07:21] GPU util% / mem-MiB
  gpu 0, 98, 8694
  gpu 1, 0, 4753
  [RUNNING] d6_v2_s42: 86%|████████▌ | 902/1052 [1:50:21<17:16,  6.91s/it] | 86%|████████▌ | 903/1052 [1:50:28<17:09,  6.91s/it]
  [RUNNING] d6_v2_s123: 95%|█████████▌| 184/193 [00:14<00:00, 14.96it/s] | 97%|█████████▋| 188/193 [00:14<00:00, 14.97it/s]
  [RUNNING] d6_v2_s456: 86%|████████▌ | 902/1052 [1:50:23<17:17,  6.91s/it] | 86%|████████▌ | 903/1052 [1:50:30<17:09,  6.91s/it]

[monitor 18:12:21] GPU util% / mem-MiB
  gpu 0, 98, 8694
  gpu 1, 0, 4753
  [RUNNING] d6_v2_s42: 90%|████████▉ | 946/1052 [1:55:25<12:13,  6.92s/it] | 90%|█████████ | 947/1052 [1:55:32<12:06,  6.92s/it]
  [RUNNING] d6_v2_s123: 0%|          | 0/193 [00:00<?, ?it/s] | 1%|          | 1/193 [00:01<04:49,  1.51s/it]
  [RUNNING] d6_v2_s456: 90%|████████▉ | 945/1052 [1:55:20<12:20,  6.92s/it] | 90%|████████▉ | 946/1052 [1:55:27<12:13,  6.92s/it]

[monitor 18:17:21] GPU util% / mem-MiB
  gpu 0, 98, 8694
  gpu 1, 22, 4753
  [RUNNING] d6_v2_s42: 94%|█████████▍| 989/1052 [2:00:23<07:16,  6.92s/it] | 94%|█████████▍| 990/1052 [2:00:30<07:08,  6.92s/it]
  [RUNNING] d6_v2_s123: 68%|██████▊   | 132/193 [00:10<00:04, 14.87it/s] | 70%|███████   | 136/193 [00:10<00:03, 14.87it/s]
  [RUNNING] d6_v2_s456: 94%|█████████▍| 989/1052 [2:00:25<07:16,  6.93s/it] | 94%|█████████▍| 990/1052 [2:00:32<07:09,  6.92s/it]

[monitor 18:22:21] GPU util% / mem-MiB
  gpu 0, 98, 8694
  gpu 1, 16, 4753
  [RUNNING] d6_v2_s42: 98%|█████████▊| 1032/1052 [2:05:21<02:18,  6.93s/it] | 98%|█████████▊| 1033/1052 [2:05:28<02:11,  6.92s/it]
  [RUNNING] d6_v2_s123: 2%|▏         | 4/193 [00:02<01:21,  2.33it/s] | 4%|▍         | 8/193 [00:02<00:36,  5.08it/s]
  [RUNNING] d6_v2_s456: 98%|█████████▊| 1032/1052 [2:05:22<02:18,  6.92s/it] | 98%|█████████▊| 1033/1052 [2:05:29<02:11,  6.92s/it]

[monitor 18:27:21] GPU util% / mem-MiB
  gpu 0, 98, 8694
  gpu 1, 21, 4753
  [RUNNING] d6_v2_s42: 2%|▏         | 24/1052 [02:46<1:58:34,  6.92s/it] | 2%|▏         | 25/1052 [02:53<1:58:22,  6.92s/it]
  [RUNNING] d6_v2_s123: 39%|███▉      | 28/71 [00:03<00:03, 13.13it/s] | 45%|████▌     | 32/71 [00:03<00:02, 13.74it/s]
  [RUNNING] d6_v2_s456: 2%|▏         | 24/1052 [02:47<1:58:40,  6.93s/it] | 2%|▏         | 25/1052 [02:54<1:58:26,  6.92s/it]

[monitor 18:32:22] GPU util% / mem-MiB
  gpu 0, 98, 8694
  gpu 1, 0, 4753
  [RUNNING] d6_v2_s42: 6%|▋         | 68/1052 [07:51<1:53:32,  6.92s/it] | 7%|▋         | 69/1052 [07:58<1:53:20,  6.92s/it]
  [RUNNING] d6_v2_s123:  | 0%|          | 0/10 [00:00<?, ?it/s]
  [RUNNING] d6_v2_s456: 6%|▋         | 67/1052 [07:45<1:53:37,  6.92s/it] | 6%|▋         | 68/1052 [07:52<1:53:25,  6.92s/it]

[monitor 18:37:22] GPU util% / mem-MiB
  gpu 0, 98, 8694
  gpu 1, 0, 4753
  [RUNNING] d6_v2_s42: 11%|█         | 111/1052 [12:46<1:48:25,  6.91s/it] | 11%|█         | 112/1052 [12:53<1:48:15,  6.91s/it]
  [RUNNING] d6_v2_s123:  | 0%|          | 0/10 [00:00<?, ?it/s]
  [RUNNING] d6_v2_s456: 11%|█         | 111/1052 [12:47<1:48:23,  6.91s/it] | 11%|█         | 112/1052 [12:54<1:48:14,  6.91s/it]

[monitor 18:42:22] GPU util% / mem-MiB
  gpu 0, 98, 8694
  gpu 1, 3, 6976
  [RUNNING] d6_v2_s42: 15%|█▍        | 155/1052 [17:51<1:43:31,  6.92s/it] | 15%|█▍        | 156/1052 [17:57<1:43:18,  6.92s/it]
  [RUNNING] d6_v2_s123: 100%|██████████| 10/10 [00:02<00:00,  4.12it/s] | [MoE_V2] scenario=4 method=   gate CR_5 AUC=0.7137
  [RUNNING] d6_v2_s456: 15%|█▍        | 154/1052 [17:44<1:43:49,  6.94s/it] | 15%|█▍        | 155/1052 [17:51<1:43:33,  6.93s/it]

[monitor 18:47:22] GPU util% / mem-MiB
  gpu 0, 98, 8694
  gpu 1, 48, 10586
  [RUNNING] d6_v2_s42: 19%|█▉        | 198/1052 [22:48<1:38:37,  6.93s/it] | 19%|█▉        | 199/1052 [22:55<1:38:24,  6.92s/it]
  [RUNNING] d6_v2_s123:  | 0%|          | 0/33 [00:00<?, ?it/s]
  [RUNNING] d6_v2_s456: 19%|█▉        | 198/1052 [22:49<1:38:32,  6.92s/it] | 19%|█▉        | 199/1052 [22:55<1:38:20,  6.92s/it]

[monitor 18:52:22] GPU util% / mem-MiB
  gpu 0, 98, 8694
  gpu 1, 49, 11432
  [RUNNING] d6_v2_s42: 23%|██▎       | 242/1052 [27:52<1:33:16,  6.91s/it] | 23%|██▎       | 243/1052 [27:59<1:33:28,  6.93s/it]
  [RUNNING] d6_v2_s123:  | 0%|          | 0/4 [00:00<?, ?it/s]
  [RUNNING] d6_v2_s456: 23%|██▎       | 241/1052 [27:46<1:33:23,  6.91s/it] | 23%|██▎       | 242/1052 [27:53<1:33:15,  6.91s/it]

[monitor 18:57:22] GPU util% / mem-MiB
  gpu 0, 98, 8694
  gpu 1, 0, 4753
  [RUNNING] d6_v2_s42: 27%|██▋       | 285/1052 [32:49<1:28:13,  6.90s/it] | 27%|██▋       | 286/1052 [32:56<1:28:07,  6.90s/it]
  [RUNNING] d6_v2_s123:  | 0%|          | 0/3 [00:00<?, ?it/s]
  [RUNNING] d6_v2_s456: 27%|██▋       | 285/1052 [32:50<1:28:26,  6.92s/it] | 27%|██▋       | 286/1052 [32:57<1:28:35,  6.94s/it]

[monitor 19:02:22] GPU util% / mem-MiB
  gpu 0, 98, 8694
  gpu 1, 6, 4753
  [RUNNING] d6_v2_s42: 31%|███       | 328/1052 [37:47<1:23:17,  6.90s/it] | 31%|███▏      | 329/1052 [37:54<1:23:10,  6.90s/it]
  [RUNNING] d6_v2_s123: 0%|          | 0/15 [00:00<?, ?it/s] | 7%|▋         | 1/15 [00:01<00:20,  1.48s/it]
  [RUNNING] d6_v2_s456: 31%|███       | 328/1052 [37:47<1:23:17,  6.90s/it] | 31%|███▏      | 329/1052 [37:54<1:23:10,  6.90s/it]

[monitor 19:07:22] GPU util% / mem-MiB
  gpu 0, 90, 8694
  gpu 1, 0, 4753
  [RUNNING] d6_v2_s42: 35%|███▌      | 372/1052 [42:51<1:18:16,  6.91s/it] | 35%|███▌      | 373/1052 [42:58<1:18:08,  6.91s/it]
  [RUNNING] d6_v2_s123:  | 0%|          | 0/15 [00:00<?, ?it/s]
  [RUNNING] d6_v2_s456: 35%|███▌      | 371/1052 [42:45<1:18:24,  6.91s/it] | 35%|███▌      | 372/1052 [42:52<1:18:16,  6.91s/it]

[monitor 19:12:22] GPU util% / mem-MiB
  gpu 0, 98, 8694
  gpu 1, 0, 4753
  [RUNNING] d6_v2_s42: 39%|███▉      | 415/1052 [47:48<1:13:12,  6.90s/it] | 40%|███▉      | 416/1052 [47:55<1:13:07,  6.90s/it]
  [RUNNING] d6_v2_s123: 100%|██████████| 1/1 [00:01<00:00,  1.68s/it] | [Vanilla] scenario=3 method= concat CR_2 AUC=0.6665
  [RUNNING] d6_v2_s456: 39%|███▉      | 415/1052 [47:49<1:13:35,  6.93s/it] | 40%|███▉      | 416/1052 [47:56<1:13:23,  6.92s/it]

[monitor 19:17:23] GPU util% / mem-MiB
  gpu 0, 98, 8694
  gpu 1, 0, 4753
  [RUNNING] d6_v2_s42: 44%|████▎     | 459/1052 [52:52<1:08:12,  6.90s/it] | 44%|████▎     | 460/1052 [52:59<1:08:05,  6.90s/it]
  [RUNNING] d6_v2_s123: 0%|          | 0/4 [00:00<?, ?it/s] | 25%|██▌       | 1/4 [00:01<00:03,  1.26s/it]
  [RUNNING] d6_v2_s456: 44%|████▎     | 458/1052 [52:47<1:08:19,  6.90s/it] | 44%|████▎     | 459/1052 [52:54<1:08:13,  6.90s/it]

[monitor 19:22:23] GPU util% / mem-MiB
  gpu 0, 98, 8694
  gpu 1, 0, 4753
  [RUNNING] d6_v2_s42: 48%|████▊     | 502/1052 [57:50<1:03:21,  6.91s/it] | 48%|████▊     | 503/1052 [57:57<1:03:13,  6.91s/it]
  [RUNNING] d6_v2_s123:  | 0%|          | 0/4 [00:00<?, ?it/s]
  [RUNNING] d6_v2_s456: 48%|████▊     | 502/1052 [57:51<1:03:20,  6.91s/it] | 48%|████▊     | 503/1052 [57:58<1:03:12,  6.91s/it]

[monitor 19:27:23] GPU util% / mem-MiB
  gpu 0, 98, 8694
  gpu 1, 0, 4753
  [RUNNING] d6_v2_s42: 52%|█████▏    | 545/1052 [1:02:47<58:12,  6.89s/it] | 52%|█████▏    | 546/1052 [1:02:54<58:08,  6.89s/it]
  [RUNNING] d6_v2_s123:  | 0%|          | 0/1 [00:00<?, ?it/s]
  [RUNNING] d6_v2_s456: 52%|█████▏    | 545/1052 [1:02:49<58:47,  6.96s/it] | 52%|█████▏    | 546/1052 [1:02:55<58:32,  6.94s/it]

[monitor 19:32:23] GPU util% / mem-MiB
  gpu 0, 98, 8694
  gpu 1, 9, 4753
  [RUNNING] d6_v2_s42: 56%|█████▌    | 589/1052 [1:07:51<53:15,  6.90s/it] | 56%|█████▌    | 590/1052 [1:07:58<53:09,  6.90s/it]
  [RUNNING] d6_v2_s123: 0%|          | 0/2 [00:00<?, ?it/s] | 50%|█████     | 1/2 [00:01<00:01,  1.31s/it]
  [RUNNING] d6_v2_s456: 56%|█████▌    | 588/1052 [1:07:46<53:18,  6.89s/it] | 56%|█████▌    | 589/1052 [1:07:53<53:12,  6.89s/it]

[monitor 19:37:23] GPU util% / mem-MiB
  gpu 0, 98, 8694
  gpu 1, 0, 4753
  [RUNNING] d6_v2_s42: 60%|██████    | 632/1052 [1:12:49<48:22,  6.91s/it] | 60%|██████    | 633/1052 [1:12:56<48:14,  6.91s/it]
  [RUNNING] d6_v2_s123:  | 0%|          | 0/2 [00:00<?, ?it/s]
  [RUNNING] d6_v2_s456: 60%|██████    | 632/1052 [1:12:50<48:18,  6.90s/it] | 60%|██████    | 633/1052 [1:12:57<48:12,  6.90s/it]

[monitor 19:42:23] GPU util% / mem-MiB
  gpu 0, 98, 8694
  gpu 1, 0, 4753
  [RUNNING] d6_v2_s42: 64%|██████▍   | 676/1052 [1:17:53<43:17,  6.91s/it] | 64%|██████▍   | 677/1052 [1:18:00<43:01,  6.89s/it]
  [RUNNING] d6_v2_s123: 0%|          | 0/2 [00:00<?, ?it/s] | 50%|█████     | 1/2 [00:01<00:01,  1.40s/it]
  [RUNNING] d6_v2_s456: 64%|██████▍   | 675/1052 [1:17:47<43:24,  6.91s/it] | 64%|██████▍   | 676/1052 [1:17:54<43:15,  6.90s/it]

[monitor 19:47:23] GPU util% / mem-MiB
  gpu 0, 98, 8694
  gpu 1, 0, 4753
  [RUNNING] d6_v2_s42: 68%|██████▊   | 719/1052 [1:22:50<38:21,  6.91s/it] | 68%|██████▊   | 720/1052 [1:22:57<38:14,  6.91s/it]
  [RUNNING] d6_v2_s123:  | 0%|          | 0/1 [00:00<?, ?it/s]
  [RUNNING] d6_v2_s456: 68%|██████▊   | 719/1052 [1:22:51<38:21,  6.91s/it] | 68%|██████▊   | 720/1052 [1:22:58<38:08,  6.89s/it]

[monitor 19:52:24] GPU util% / mem-MiB
  gpu 0, 98, 8694
  gpu 1, 0, 4753
  [RUNNING] d6_v2_s42: 73%|███████▎  | 763/1052 [1:27:54<33:17,  6.91s/it] | 73%|███████▎  | 764/1052 [1:28:01<33:09,  6.91s/it]
  [RUNNING] d6_v2_s123: 0%|          | 0/1 [00:00<?, ?it/s] | 100%|██████████| 1/1 [00:01<00:00,  1.05s/it]
  [RUNNING] d6_v2_s456: 72%|███████▏  | 762/1052 [1:27:48<33:23,  6.91s/it] | 73%|███████▎  | 763/1052 [1:27:55<33:16,  6.91s/it]

[monitor 19:57:24] GPU util% / mem-MiB
  gpu 0, 98, 8694
  gpu 1, 0, 4753
  [RUNNING] d6_v2_s42: 77%|███████▋  | 806/1052 [1:32:52<28:20,  6.91s/it] | 77%|███████▋  | 807/1052 [1:32:59<28:12,  6.91s/it]
  [RUNNING] d6_v2_s123:  | 0%|          | 0/2 [00:00<?, ?it/s]
  [RUNNING] d6_v2_s456: 77%|███████▋  | 806/1052 [1:32:52<28:20,  6.91s/it] | 77%|███████▋  | 807/1052 [1:32:59<28:12,  6.91s/it]

[monitor 20:02:24] GPU util% / mem-MiB
  gpu 0, 98, 8694
  gpu 1, 0, 4753
  [RUNNING] d6_v2_s42: 81%|████████  | 849/1052 [1:37:49<23:24,  6.92s/it] | 81%|████████  | 850/1052 [1:37:56<23:17,  6.92s/it]
  [RUNNING] d6_v2_s123:  | 0%|          | 0/1 [00:00<?, ?it/s]
  [RUNNING] d6_v2_s456: 81%|████████  | 849/1052 [1:37:50<23:22,  6.91s/it] | 81%|████████  | 850/1052 [1:37:57<23:15,  6.91s/it]
[launch_pack] FINISH d6_v2_s123 on cuda:1 (rc=0)

[monitor 20:07:24] GPU util% / mem-MiB
  gpu 0, 98, 8694
  gpu 1, 0, 3
  [RUNNING] d6_v2_s42: 85%|████████▍ | 893/1052 [1:42:53<18:20,  6.92s/it] | 85%|████████▍ | 894/1052 [1:43:00<18:12,  6.92s/it]
  [RUNNING] d6_v2_s456: 85%|████████▍ | 892/1052 [1:42:47<18:25,  6.91s/it] | 85%|████████▍ | 893/1052 [1:42:54<18:18,  6.91s/it]

[monitor 20:12:24] GPU util% / mem-MiB
  gpu 0, 98, 8694
  gpu 1, 0, 3
  [RUNNING] d6_v2_s42: 89%|████████▉ | 936/1052 [1:47:50<13:22,  6.92s/it] | 89%|████████▉ | 937/1052 [1:47:57<13:14,  6.91s/it]
  [RUNNING] d6_v2_s456: 89%|████████▉ | 936/1052 [1:47:51<13:22,  6.92s/it] | 89%|████████▉ | 937/1052 [1:47:58<13:15,  6.91s/it]

[monitor 20:17:24] GPU util% / mem-MiB
  gpu 0, 98, 8694
  gpu 1, 0, 3
  [RUNNING] d6_v2_s42: 93%|█████████▎| 980/1052 [1:52:55<08:18,  6.93s/it] | 93%|█████████▎| 981/1052 [1:53:01<08:11,  6.92s/it]
  [RUNNING] d6_v2_s456: 93%|█████████▎| 979/1052 [1:52:48<08:26,  6.93s/it] | 93%|█████████▎| 980/1052 [1:52:55<08:18,  6.93s/it]

[monitor 20:22:24] GPU util% / mem-MiB
  gpu 0, 98, 8694
  gpu 1, 0, 3
  [RUNNING] d6_v2_s42: 97%|█████████▋| 1023/1052 [1:57:52<03:20,  6.92s/it] | 97%|█████████▋| 1024/1052 [1:57:59<03:13,  6.92s/it]
  [RUNNING] d6_v2_s456: 97%|█████████▋| 1023/1052 [1:57:53<03:20,  6.90s/it] | 97%|█████████▋| 1024/1052 [1:58:00<03:13,  6.90s/it]

[monitor 20:27:24] GPU util% / mem-MiB
  gpu 0, 43, 13024
  gpu 1, 0, 3
  [RUNNING] d6_v2_s42: 29%|██▉       | 24/83 [00:03<00:05, 11.41it/s] | 34%|███▎      | 28/83 [00:04<00:04, 12.15it/s]
  [RUNNING] d6_v2_s456: 39%|███▊      | 32/83 [00:04<00:04, 11.44it/s] | 43%|████▎     | 36/83 [00:04<00:03, 11.95it/s]

[monitor 20:32:24] GPU util% / mem-MiB
  gpu 0, 13, 13752
  gpu 1, 0, 3
  [RUNNING] d6_v2_s42: 87%|████████▋ | 532/610 [00:42<00:04, 15.69it/s] | 88%|████████▊ | 534/610 [00:42<00:05, 13.47it/s]
  [RUNNING] d6_v2_s456: 84%|████████▎ | 510/610 [00:40<00:07, 13.61it/s] | 84%|████████▍ | 514/610 [00:40<00:08, 11.73it/s]

[monitor 20:37:24] GPU util% / mem-MiB
  gpu 0, 42, 13752
  gpu 1, 0, 3
  [RUNNING] d6_v2_s42: 90%|█████████ | 549/610 [00:43<00:04, 13.54it/s] | 91%|█████████ | 553/610 [00:44<00:04, 13.33it/s]
  [RUNNING] d6_v2_s456: 87%|████████▋ | 533/610 [00:42<00:05, 13.15it/s] | 88%|████████▊ | 537/610 [00:42<00:05, 13.34it/s]

[monitor 20:42:24] GPU util% / mem-MiB
  gpu 0, 66, 13752
  gpu 1, 0, 3
  [RUNNING] d6_v2_s42: 70%|███████   | 428/610 [00:33<00:13, 13.52it/s] | 71%|███████   | 431/610 [00:34<00:13, 13.07it/s]
  [RUNNING] d6_v2_s456: 72%|███████▏  | 438/610 [00:34<00:12, 13.72it/s] | 72%|███████▏  | 442/610 [00:34<00:12, 13.85it/s]

[monitor 20:47:25] GPU util% / mem-MiB
  gpu 0, 68, 13752
  gpu 1, 0, 3
  [RUNNING] d6_v2_s42: 48%|████▊     | 295/610 [00:23<00:22, 14.01it/s] | 49%|████▊     | 297/610 [00:23<00:21, 14.38it/s]
  [RUNNING] d6_v2_s456: 47%|████▋     | 287/610 [00:23<00:20, 15.52it/s] | 47%|████▋     | 289/610 [00:23<00:23, 13.78it/s]

[monitor 20:52:25] GPU util% / mem-MiB
  gpu 0, 77, 13752
  gpu 1, 0, 3
  [RUNNING] d6_v2_s42: 69%|██████▉   | 420/610 [00:32<00:12, 15.58it/s] | 69%|██████▉   | 422/610 [00:32<00:13, 14.04it/s]
  [RUNNING] d6_v2_s456: 67%|██████▋   | 409/610 [00:31<00:13, 14.56it/s] | 67%|██████▋   | 411/610 [00:31<00:14, 13.58it/s]

[monitor 20:57:25] GPU util% / mem-MiB
  gpu 0, 27, 13752
  gpu 1, 0, 3
  [RUNNING] d6_v2_s42: 52%|█████▏    | 318/610 [00:24<00:24, 11.82it/s] | 52%|█████▏    | 320/610 [00:24<00:23, 12.15it/s]
  [RUNNING] d6_v2_s456: 51%|█████     | 312/610 [00:23<00:21, 14.08it/s] | 51%|█████▏    | 314/610 [00:23<00:19, 15.07it/s]

[monitor 21:02:25] GPU util% / mem-MiB
  gpu 0, 72, 13752
  gpu 1, 0, 3
  [RUNNING] d6_v2_s42: 35%|███▍      | 212/610 [00:17<00:30, 12.88it/s] | 35%|███▌      | 216/610 [00:17<00:29, 13.37it/s]
  [RUNNING] d6_v2_s456: 28%|██▊       | 172/610 [00:14<00:33, 13.06it/s] | 29%|██▉       | 176/610 [00:15<00:33, 12.88it/s]
