[config] model=fully-routed router=suppress expert=none shared=none device=cuda:1 seed=42 K=4 routing=data lr=0.001 alpha=0.25 epochs=1 batch=16384
[load] cache/moe_fully_routed_seed42.pt  missing=0 unexpected=0
  [epoch 0] batch 50, AU entries=195, loss=0.9206
  [epoch 0] batch 100, AU entries=210, loss=0.5819
  [epoch 0] batch 150, AU entries=210, loss=0.2444
  [epoch 0] batch 200, AU entries=210, loss=0.0644
  [epoch 0] batch 250, AU entries=210, loss=0.6201
  [epoch 0] batch 300, AU entries=210, loss=0.1795
  [epoch 0] batch 350, AU entries=210, loss=0.6258
  [epoch 0] batch 400, AU entries=210, loss=0.1384
  [epoch 0] batch 450, AU entries=210, loss=0.3585
  [epoch 0] batch 500, AU entries=210, loss=0.1404
  [epoch 0] batch 550, AU entries=210, loss=0.3180
  [epoch 0] batch 600, AU entries=210, loss=0.4410
    scenario 0: 0.6899
    scenario 1: 0.7206
    scenario 2: 0.7862
    scenario 3: 0.7314
    scenario 4: 0.7108
    scenario 5: 0.6536
    scenario 6: 0.7307
    scenario 8: 0.7641
  mean per-scenario AUC: 0.7234
  pooled test AUC: 0.7711
  summary → cache/subtask_modulation_fully-routed_rsuppress_enone_snone_seed42_a0.25.json
[config] model=partial-shared router=suppress expert=none shared=none device=cuda:1 seed=42 K=4 routing=data lr=0.001 alpha=0.25 epochs=1 batch=16384
[load] cache/moe_partial_shared_seed42.pt  missing=0 unexpected=0
  [epoch 0] batch 50, AU entries=234, loss=0.6838
  [epoch 0] batch 100, AU entries=234, loss=0.3162
  [epoch 0] batch 150, AU entries=234, loss=0.1705
  [epoch 0] batch 200, AU entries=252, loss=0.3284
  [epoch 0] batch 250, AU entries=252, loss=1.2931
  [epoch 0] batch 300, AU entries=252, loss=0.2938
  [epoch 0] batch 350, AU entries=252, loss=0.1433
  [epoch 0] batch 400, AU entries=252, loss=0.3798
  [epoch 0] batch 450, AU entries=252, loss=0.4202
  [epoch 0] batch 500, AU entries=252, loss=0.0850
  [epoch 0] batch 550, AU entries=252, loss=0.2407
  [epoch 0] batch 600, AU entries=252, loss=0.0005
    scenario 0: 0.6743
    scenario 1: 0.7098
    scenario 2: 0.7851
    scenario 3: 0.6913
    scenario 4: 0.7046
    scenario 5: 0.6649
    scenario 6: 0.7122
    scenario 8: 0.6872
  mean per-scenario AUC: 0.7037
  pooled test AUC: 0.7637
  summary → cache/subtask_modulation_partial-shared_rsuppress_enone_snone_seed42_a0.25.json
[config] model=fully-routed router=suppress expert=none shared=none device=cuda:1 seed=42 K=4 routing=data lr=0.001 alpha=1.0 epochs=1 batch=16384
[load] cache/moe_fully_routed_seed42.pt  missing=0 unexpected=0
  [epoch 0] batch 50, AU entries=195, loss=0.9894
  [epoch 0] batch 100, AU entries=210, loss=0.5882
  [epoch 0] batch 150, AU entries=210, loss=0.2697
  [epoch 0] batch 200, AU entries=210, loss=0.0749
  [epoch 0] batch 250, AU entries=210, loss=0.6123
  [epoch 0] batch 300, AU entries=210, loss=0.1865
  [epoch 0] batch 350, AU entries=210, loss=0.6272
  [epoch 0] batch 400, AU entries=210, loss=0.2152
  [epoch 0] batch 450, AU entries=210, loss=0.3237
  [epoch 0] batch 500, AU entries=210, loss=0.1664
  [epoch 0] batch 550, AU entries=210, loss=0.3032
  [epoch 0] batch 600, AU entries=210, loss=0.4217
    scenario 0: 0.6884
    scenario 1: 0.7221
    scenario 2: 0.7835
    scenario 3: 0.7174
    scenario 4: 0.7123
    scenario 5: 0.6363
    scenario 6: 0.7289
    scenario 8: 0.7888
  mean per-scenario AUC: 0.7222
  pooled test AUC: 0.7717
  summary → cache/subtask_modulation_fully-routed_rsuppress_enone_snone_seed42_a1.json
[config] model=partial-shared router=suppress expert=none shared=none device=cuda:1 seed=42 K=4 routing=data lr=0.001 alpha=1.0 epochs=1 batch=16384
[load] cache/moe_partial_shared_seed42.pt  missing=0 unexpected=0
  [epoch 0] batch 50, AU entries=234, loss=1.1692
  [epoch 0] batch 100, AU entries=234, loss=0.2956
  [epoch 0] batch 150, AU entries=234, loss=0.1953
  [epoch 0] batch 200, AU entries=252, loss=0.3756
  [epoch 0] batch 250, AU entries=252, loss=1.0614
  [epoch 0] batch 300, AU entries=252, loss=0.2791
  [epoch 0] batch 350, AU entries=252, loss=0.1460
  [epoch 0] batch 400, AU entries=252, loss=0.3587
  [epoch 0] batch 450, AU entries=252, loss=0.4162
  [epoch 0] batch 500, AU entries=252, loss=0.1178
  [epoch 0] batch 550, AU entries=252, loss=0.2586
  [epoch 0] batch 600, AU entries=252, loss=0.0030
    scenario 0: 0.6598
    scenario 1: 0.7143
    scenario 2: 0.7875
    scenario 3: 0.6122
    scenario 4: 0.7072
    scenario 5: 0.6732
    scenario 6: 0.7162
    scenario 8: 0.6501
  mean per-scenario AUC: 0.6901
  pooled test AUC: 0.7656
  summary → cache/subtask_modulation_partial-shared_rsuppress_enone_snone_seed42_a1.json
ALPHA SWEEP DONE
