=== [partial-shared] router=none expert=none shared=none ===
[config] model=partial-shared router=none expert=none shared=none device=cuda:1 seed=42 K=4 routing=data lr=0.001 alpha=0.5 epochs=1 batch=16384
[load] cache/moe_partial_shared_seed42.pt  missing=0 unexpected=0
  [epoch 0] batch 50, AU entries=234, loss=0.6766
  [epoch 0] batch 100, AU entries=234, loss=0.3292
  [epoch 0] batch 150, AU entries=234, loss=0.2645
  [epoch 0] batch 200, AU entries=252, loss=0.3478
  [epoch 0] batch 250, AU entries=252, loss=1.2078
  [epoch 0] batch 300, AU entries=252, loss=0.3030
  [epoch 0] batch 350, AU entries=252, loss=0.1970
  [epoch 0] batch 400, AU entries=252, loss=0.3284
  [epoch 0] batch 450, AU entries=252, loss=0.7816
  [epoch 0] batch 500, AU entries=252, loss=0.1309
  [epoch 0] batch 550, AU entries=252, loss=0.2688
  [epoch 0] batch 600, AU entries=252, loss=0.0011
    scenario 0: 0.6624
    scenario 1: 0.7080
    scenario 2: 0.7765
    scenario 3: 0.7103
    scenario 4: 0.7099
    scenario 5: 0.6592
    scenario 6: 0.7113
    scenario 8: 0.7380
  mean per-scenario AUC: 0.7094
  pooled test AUC: 0.7619
  summary → cache/subtask_modulation_partial-shared_rnone_enone_snone_seed42.json
=== [partial-shared] router=none expert=none shared=encourage ===
[config] model=partial-shared router=none expert=none shared=encourage device=cuda:1 seed=42 K=4 routing=data lr=0.001 alpha=0.5 epochs=1 batch=16384
[load] cache/moe_partial_shared_seed42.pt  missing=0 unexpected=0
  [epoch 0] batch 50, AU entries=234, loss=0.5825
  [epoch 0] batch 100, AU entries=234, loss=0.2800
  [epoch 0] batch 150, AU entries=234, loss=0.2340
  [epoch 0] batch 200, AU entries=252, loss=0.3624
  [epoch 0] batch 250, AU entries=252, loss=0.9923
  [epoch 0] batch 300, AU entries=252, loss=0.2618
  [epoch 0] batch 350, AU entries=252, loss=0.2065
  [epoch 0] batch 400, AU entries=252, loss=0.3527
  [epoch 0] batch 450, AU entries=252, loss=1.2526
  [epoch 0] batch 500, AU entries=252, loss=0.0961
  [epoch 0] batch 550, AU entries=252, loss=0.2882
  [epoch 0] batch 600, AU entries=252, loss=0.0004
    scenario 0: 0.6677
    scenario 1: 0.7146
    scenario 2: 0.7950
    scenario 3: 0.7095
    scenario 4: 0.7048
    scenario 5: 0.6738
    scenario 6: 0.7231
    scenario 8: 0.7152
  mean per-scenario AUC: 0.7130
  pooled test AUC: 0.7667
  summary → cache/subtask_modulation_partial-shared_rnone_enone_sencourage_seed42.json
=== [partial-shared] router=none expert=none shared=suppress ===
[config] model=partial-shared router=none expert=none shared=suppress device=cuda:1 seed=42 K=4 routing=data lr=0.001 alpha=0.5 epochs=1 batch=16384
[load] cache/moe_partial_shared_seed42.pt  missing=0 unexpected=0
  [epoch 0] batch 50, AU entries=234, loss=1.0285
  [epoch 0] batch 100, AU entries=234, loss=0.1758
  [epoch 0] batch 150, AU entries=234, loss=0.2600
  [epoch 0] batch 200, AU entries=252, loss=0.3638
  [epoch 0] batch 250, AU entries=252, loss=0.8666
  [epoch 0] batch 300, AU entries=252, loss=0.2624
  [epoch 0] batch 350, AU entries=252, loss=0.1620
  [epoch 0] batch 400, AU entries=252, loss=0.3542
  [epoch 0] batch 450, AU entries=252, loss=0.4934
  [epoch 0] batch 500, AU entries=252, loss=0.0863
  [epoch 0] batch 550, AU entries=252, loss=0.3328
  [epoch 0] batch 600, AU entries=252, loss=0.0005
    scenario 0: 0.6665
    scenario 1: 0.7077
    scenario 2: 0.7888
    scenario 3: 0.6823
    scenario 4: 0.7021
    scenario 5: 0.6964
    scenario 6: 0.7208
    scenario 8: 0.7048
  mean per-scenario AUC: 0.7087
  pooled test AUC: 0.7625
  summary → cache/subtask_modulation_partial-shared_rnone_enone_ssuppress_seed42.json
=== [partial-shared] router=none expert=encourage shared=none ===
[config] model=partial-shared router=none expert=encourage shared=none device=cuda:1 seed=42 K=4 routing=data lr=0.001 alpha=0.5 epochs=1 batch=16384
[load] cache/moe_partial_shared_seed42.pt  missing=0 unexpected=0
  [epoch 0] batch 50, AU entries=234, loss=0.7561
  [epoch 0] batch 100, AU entries=234, loss=0.3507
  [epoch 0] batch 150, AU entries=234, loss=0.1747
  [epoch 0] batch 200, AU entries=252, loss=0.3753
  [epoch 0] batch 250, AU entries=252, loss=1.1647
  [epoch 0] batch 300, AU entries=252, loss=0.2888
  [epoch 0] batch 350, AU entries=252, loss=0.1646
  [epoch 0] batch 400, AU entries=252, loss=0.3556
  [epoch 0] batch 450, AU entries=252, loss=0.3838
  [epoch 0] batch 500, AU entries=252, loss=0.0855
  [epoch 0] batch 550, AU entries=252, loss=0.2943
  [epoch 0] batch 600, AU entries=252, loss=0.0013
    scenario 0: 0.6666
    scenario 1: 0.7068
    scenario 2: 0.7774
    scenario 3: 0.6509
    scenario 4: 0.6983
    scenario 5: 0.6380
    scenario 6: 0.7125
    scenario 8: 0.5580
  mean per-scenario AUC: 0.6761
  pooled test AUC: 0.7596
  summary → cache/subtask_modulation_partial-shared_rnone_eencourage_snone_seed42.json
=== [partial-shared] router=none expert=encourage shared=encourage ===
[config] model=partial-shared router=none expert=encourage shared=encourage device=cuda:1 seed=42 K=4 routing=data lr=0.001 alpha=0.5 epochs=1 batch=16384
[load] cache/moe_partial_shared_seed42.pt  missing=0 unexpected=0
  [epoch 0] batch 50, AU entries=234, loss=1.0577
  [epoch 0] batch 100, AU entries=234, loss=0.2406
  [epoch 0] batch 150, AU entries=234, loss=0.2730
  [epoch 0] batch 200, AU entries=252, loss=0.3583
  [epoch 0] batch 250, AU entries=252, loss=1.3489
  [epoch 0] batch 300, AU entries=252, loss=0.2908
  [epoch 0] batch 350, AU entries=252, loss=0.1500
  [epoch 0] batch 400, AU entries=252, loss=0.3261
  [epoch 0] batch 450, AU entries=252, loss=0.3567
  [epoch 0] batch 500, AU entries=252, loss=0.1205
  [epoch 0] batch 550, AU entries=252, loss=0.3087
  [epoch 0] batch 600, AU entries=252, loss=0.0010
    scenario 0: 0.6704
    scenario 1: 0.7118
    scenario 2: 0.7833
    scenario 3: 0.7452
    scenario 4: 0.7060
    scenario 5: 0.6610
    scenario 6: 0.7228
    scenario 8: 0.7114
  mean per-scenario AUC: 0.7140
  pooled test AUC: 0.7645
  summary → cache/subtask_modulation_partial-shared_rnone_eencourage_sencourage_seed42.json
=== [partial-shared] router=none expert=encourage shared=suppress ===
[config] model=partial-shared router=none expert=encourage shared=suppress device=cuda:1 seed=42 K=4 routing=data lr=0.001 alpha=0.5 epochs=1 batch=16384
[load] cache/moe_partial_shared_seed42.pt  missing=0 unexpected=0
  [epoch 0] batch 50, AU entries=234, loss=0.5995
  [epoch 0] batch 100, AU entries=234, loss=0.2817
  [epoch 0] batch 150, AU entries=234, loss=0.2683
  [epoch 0] batch 200, AU entries=252, loss=0.3916
  [epoch 0] batch 250, AU entries=252, loss=1.0946
  [epoch 0] batch 300, AU entries=252, loss=0.2698
  [epoch 0] batch 350, AU entries=252, loss=0.2440
  [epoch 0] batch 400, AU entries=252, loss=0.3432
  [epoch 0] batch 450, AU entries=252, loss=0.5891
  [epoch 0] batch 500, AU entries=252, loss=0.1124
  [epoch 0] batch 550, AU entries=252, loss=0.2644
  [epoch 0] batch 600, AU entries=252, loss=0.0006
    scenario 0: 0.6651
    scenario 1: 0.7068
    scenario 2: 0.7795
    scenario 3: 0.6624
    scenario 4: 0.7000
    scenario 5: 0.6621
    scenario 6: 0.7209
    scenario 8: 0.6486
  mean per-scenario AUC: 0.6932
  pooled test AUC: 0.7612
  summary → cache/subtask_modulation_partial-shared_rnone_eencourage_ssuppress_seed42.json
=== [partial-shared] router=none expert=suppress shared=none ===
[config] model=partial-shared router=none expert=suppress shared=none device=cuda:1 seed=42 K=4 routing=data lr=0.001 alpha=0.5 epochs=1 batch=16384
[load] cache/moe_partial_shared_seed42.pt  missing=0 unexpected=0
  [epoch 0] batch 50, AU entries=234, loss=0.4741
  [epoch 0] batch 100, AU entries=234, loss=0.3022
  [epoch 0] batch 150, AU entries=234, loss=0.2222
  [epoch 0] batch 200, AU entries=252, loss=0.3882
  [epoch 0] batch 250, AU entries=252, loss=1.1883
  [epoch 0] batch 300, AU entries=252, loss=0.2921
  [epoch 0] batch 350, AU entries=252, loss=0.1523
  [epoch 0] batch 400, AU entries=252, loss=0.3572
  [epoch 0] batch 450, AU entries=252, loss=0.3856
  [epoch 0] batch 500, AU entries=252, loss=0.0910
  [epoch 0] batch 550, AU entries=252, loss=0.1844
  [epoch 0] batch 600, AU entries=252, loss=0.0001
    scenario 0: 0.6295
    scenario 1: 0.6968
    scenario 2: 0.7735
    scenario 3: 0.6184
    scenario 4: 0.6922
    scenario 5: 0.6675
    scenario 6: 0.6858
    scenario 8: 0.5808
  mean per-scenario AUC: 0.6681
  pooled test AUC: 0.7534
  summary → cache/subtask_modulation_partial-shared_rnone_esuppress_snone_seed42.json
=== [partial-shared] router=none expert=suppress shared=encourage ===
[config] model=partial-shared router=none expert=suppress shared=encourage device=cuda:1 seed=42 K=4 routing=data lr=0.001 alpha=0.5 epochs=1 batch=16384
[load] cache/moe_partial_shared_seed42.pt  missing=0 unexpected=0
  [epoch 0] batch 50, AU entries=234, loss=0.6040
  [epoch 0] batch 100, AU entries=234, loss=0.3015
  [epoch 0] batch 150, AU entries=234, loss=0.2370
  [epoch 0] batch 200, AU entries=252, loss=0.3582
  [epoch 0] batch 250, AU entries=252, loss=0.9419
  [epoch 0] batch 300, AU entries=252, loss=0.3011
  [epoch 0] batch 350, AU entries=252, loss=0.1154
  [epoch 0] batch 400, AU entries=252, loss=0.5308
  [epoch 0] batch 450, AU entries=252, loss=0.4668
  [epoch 0] batch 500, AU entries=252, loss=0.1101
  [epoch 0] batch 550, AU entries=252, loss=0.3123
  [epoch 0] batch 600, AU entries=252, loss=0.0001
    scenario 0: 0.6568
    scenario 1: 0.7074
    scenario 2: 0.7786
    scenario 3: 0.6558
    scenario 4: 0.7047
    scenario 5: 0.6284
    scenario 6: 0.7112
    scenario 8: 0.6922
  mean per-scenario AUC: 0.6919
  pooled test AUC: 0.7610
  summary → cache/subtask_modulation_partial-shared_rnone_esuppress_sencourage_seed42.json
=== [partial-shared] router=none expert=suppress shared=suppress ===
[config] model=partial-shared router=none expert=suppress shared=suppress device=cuda:1 seed=42 K=4 routing=data lr=0.001 alpha=0.5 epochs=1 batch=16384
[load] cache/moe_partial_shared_seed42.pt  missing=0 unexpected=0
  [epoch 0] batch 50, AU entries=234, loss=0.6715
  [epoch 0] batch 100, AU entries=234, loss=0.3018
  [epoch 0] batch 150, AU entries=234, loss=0.2523
  [epoch 0] batch 200, AU entries=252, loss=0.3469
  [epoch 0] batch 250, AU entries=252, loss=1.0057
  [epoch 0] batch 300, AU entries=252, loss=0.2873
  [epoch 0] batch 350, AU entries=252, loss=0.1695
  [epoch 0] batch 400, AU entries=252, loss=0.4405
  [epoch 0] batch 450, AU entries=252, loss=0.6857
  [epoch 0] batch 500, AU entries=252, loss=0.1037
  [epoch 0] batch 550, AU entries=252, loss=0.1826
  [epoch 0] batch 600, AU entries=252, loss=0.0005
    scenario 0: 0.6571
    scenario 1: 0.7052
    scenario 2: 0.7799
    scenario 3: 0.6879
    scenario 4: 0.6994
    scenario 5: 0.6665
    scenario 6: 0.7147
    scenario 8: 0.7161
  mean per-scenario AUC: 0.7034
  pooled test AUC: 0.7599
  summary → cache/subtask_modulation_partial-shared_rnone_esuppress_ssuppress_seed42.json
=== [partial-shared] router=encourage expert=none shared=none ===
[config] model=partial-shared router=encourage expert=none shared=none device=cuda:1 seed=42 K=4 routing=data lr=0.001 alpha=0.5 epochs=1 batch=16384
[load] cache/moe_partial_shared_seed42.pt  missing=0 unexpected=0
  [epoch 0] batch 50, AU entries=234, loss=0.7887
  [epoch 0] batch 100, AU entries=234, loss=0.2720
  [epoch 0] batch 150, AU entries=234, loss=0.1971
  [epoch 0] batch 200, AU entries=252, loss=0.3831
  [epoch 0] batch 250, AU entries=252, loss=1.3626
  [epoch 0] batch 300, AU entries=252, loss=0.2876
  [epoch 0] batch 350, AU entries=252, loss=0.1372
  [epoch 0] batch 400, AU entries=252, loss=0.3406
  [epoch 0] batch 450, AU entries=252, loss=0.3961
  [epoch 0] batch 500, AU entries=252, loss=0.1027
  [epoch 0] batch 550, AU entries=252, loss=0.2571
  [epoch 0] batch 600, AU entries=252, loss=0.0002
    scenario 0: 0.6620
    scenario 1: 0.7073
    scenario 2: 0.7852
    scenario 3: 0.6276
    scenario 4: 0.7052
    scenario 5: 0.6731
    scenario 6: 0.7152
    scenario 8: 0.6377
  mean per-scenario AUC: 0.6892
  pooled test AUC: 0.7619
  summary → cache/subtask_modulation_partial-shared_rencourage_enone_snone_seed42.json
=== [partial-shared] router=encourage expert=none shared=encourage ===
[config] model=partial-shared router=encourage expert=none shared=encourage device=cuda:1 seed=42 K=4 routing=data lr=0.001 alpha=0.5 epochs=1 batch=16384
[load] cache/moe_partial_shared_seed42.pt  missing=0 unexpected=0
  [epoch 0] batch 50, AU entries=234, loss=0.6554
  [epoch 0] batch 100, AU entries=234, loss=0.2821
  [epoch 0] batch 150, AU entries=234, loss=0.3035
  [epoch 0] batch 200, AU entries=252, loss=0.3498
  [epoch 0] batch 250, AU entries=252, loss=0.9821
  [epoch 0] batch 300, AU entries=252, loss=0.2745
  [epoch 0] batch 350, AU entries=252, loss=0.1508
  [epoch 0] batch 400, AU entries=252, loss=0.3561
  [epoch 0] batch 450, AU entries=252, loss=0.4576
  [epoch 0] batch 500, AU entries=252, loss=0.0925
  [epoch 0] batch 550, AU entries=252, loss=0.2569
  [epoch 0] batch 600, AU entries=252, loss=0.0005
    scenario 0: 0.6540
    scenario 1: 0.7115
    scenario 2: 0.7821
    scenario 3: 0.6394
    scenario 4: 0.7025
    scenario 5: 0.6361
    scenario 6: 0.7155
    scenario 8: 0.6290
  mean per-scenario AUC: 0.6838
  pooled test AUC: 0.7637
  summary → cache/subtask_modulation_partial-shared_rencourage_enone_sencourage_seed42.json
=== [partial-shared] router=encourage expert=none shared=suppress ===
[config] model=partial-shared router=encourage expert=none shared=suppress device=cuda:1 seed=42 K=4 routing=data lr=0.001 alpha=0.5 epochs=1 batch=16384
[load] cache/moe_partial_shared_seed42.pt  missing=0 unexpected=0
  [epoch 0] batch 50, AU entries=234, loss=0.6284
  [epoch 0] batch 100, AU entries=234, loss=0.2731
  [epoch 0] batch 150, AU entries=234, loss=0.1422
  [epoch 0] batch 200, AU entries=252, loss=0.4133
  [epoch 0] batch 250, AU entries=252, loss=0.8999
  [epoch 0] batch 300, AU entries=252, loss=0.4037
  [epoch 0] batch 350, AU entries=252, loss=0.1531
  [epoch 0] batch 400, AU entries=252, loss=0.3649
  [epoch 0] batch 450, AU entries=252, loss=0.4436
  [epoch 0] batch 500, AU entries=252, loss=0.0971
  [epoch 0] batch 550, AU entries=252, loss=0.2951
  [epoch 0] batch 600, AU entries=252, loss=0.0000
    scenario 0: 0.6487
    scenario 1: 0.6951
    scenario 2: 0.7682
    scenario 3: 0.6024
    scenario 4: 0.6851
    scenario 5: 0.6451
    scenario 6: 0.6997
    scenario 8: 0.5583
  mean per-scenario AUC: 0.6628
  pooled test AUC: 0.7525
  summary → cache/subtask_modulation_partial-shared_rencourage_enone_ssuppress_seed42.json
=== [partial-shared] router=encourage expert=encourage shared=none ===
[config] model=partial-shared router=encourage expert=encourage shared=none device=cuda:1 seed=42 K=4 routing=data lr=0.001 alpha=0.5 epochs=1 batch=16384
[load] cache/moe_partial_shared_seed42.pt  missing=0 unexpected=0
  [epoch 0] batch 50, AU entries=234, loss=0.9178
  [epoch 0] batch 100, AU entries=234, loss=0.3489
  [epoch 0] batch 150, AU entries=234, loss=0.2312
  [epoch 0] batch 200, AU entries=252, loss=0.5368
  [epoch 0] batch 250, AU entries=252, loss=1.0465
  [epoch 0] batch 300, AU entries=252, loss=0.2983
  [epoch 0] batch 350, AU entries=252, loss=0.2136
  [epoch 0] batch 400, AU entries=252, loss=0.3372
  [epoch 0] batch 450, AU entries=252, loss=0.4425
  [epoch 0] batch 500, AU entries=252, loss=0.1007
  [epoch 0] batch 550, AU entries=252, loss=0.2564
  [epoch 0] batch 600, AU entries=252, loss=0.0024
    scenario 0: 0.6513
    scenario 1: 0.7040
    scenario 2: 0.7835
    scenario 3: 0.7212
    scenario 4: 0.6943
    scenario 5: 0.6554
    scenario 6: 0.7125
    scenario 8: 0.6377
  mean per-scenario AUC: 0.6950
  pooled test AUC: 0.7587
  summary → cache/subtask_modulation_partial-shared_rencourage_eencourage_snone_seed42.json
=== [partial-shared] router=encourage expert=encourage shared=encourage ===
[config] model=partial-shared router=encourage expert=encourage shared=encourage device=cuda:1 seed=42 K=4 routing=data lr=0.001 alpha=0.5 epochs=1 batch=16384
[load] cache/moe_partial_shared_seed42.pt  missing=0 unexpected=0
  [epoch 0] batch 50, AU entries=234, loss=0.7296
  [epoch 0] batch 100, AU entries=234, loss=0.2748
  [epoch 0] batch 150, AU entries=234, loss=0.1990
  [epoch 0] batch 200, AU entries=252, loss=0.3441
  [epoch 0] batch 250, AU entries=252, loss=0.8503
  [epoch 0] batch 300, AU entries=252, loss=0.3078
  [epoch 0] batch 350, AU entries=252, loss=0.1533
  [epoch 0] batch 400, AU entries=252, loss=0.3522
  [epoch 0] batch 450, AU entries=252, loss=0.4471
  [epoch 0] batch 500, AU entries=252, loss=0.0604
  [epoch 0] batch 550, AU entries=252, loss=0.2910
  [epoch 0] batch 600, AU entries=252, loss=0.0002
    scenario 0: 0.6619
    scenario 1: 0.7096
    scenario 2: 0.7851
    scenario 3: 0.6682
    scenario 4: 0.7029
    scenario 5: 0.6420
    scenario 6: 0.7195
    scenario 8: 0.4855
  mean per-scenario AUC: 0.6718
  pooled test AUC: 0.7625
  summary → cache/subtask_modulation_partial-shared_rencourage_eencourage_sencourage_seed42.json
=== [partial-shared] router=encourage expert=encourage shared=suppress ===
[config] model=partial-shared router=encourage expert=encourage shared=suppress device=cuda:1 seed=42 K=4 routing=data lr=0.001 alpha=0.5 epochs=1 batch=16384
[load] cache/moe_partial_shared_seed42.pt  missing=0 unexpected=0
  [epoch 0] batch 50, AU entries=234, loss=1.2344
  [epoch 0] batch 100, AU entries=234, loss=0.3121
  [epoch 0] batch 150, AU entries=234, loss=0.2514
  [epoch 0] batch 200, AU entries=252, loss=0.4070
  [epoch 0] batch 250, AU entries=252, loss=1.0318
  [epoch 0] batch 300, AU entries=252, loss=0.2797
  [epoch 0] batch 350, AU entries=252, loss=0.2249
  [epoch 0] batch 400, AU entries=252, loss=0.3597
  [epoch 0] batch 450, AU entries=252, loss=0.5435
  [epoch 0] batch 500, AU entries=252, loss=0.0966
  [epoch 0] batch 550, AU entries=252, loss=0.3349
  [epoch 0] batch 600, AU entries=252, loss=0.0003
    scenario 0: 0.6426
    scenario 1: 0.6905
    scenario 2: 0.7777
    scenario 3: 0.6378
    scenario 4: 0.6784
    scenario 5: 0.6312
    scenario 6: 0.6903
    scenario 8: 0.7622
  mean per-scenario AUC: 0.6888
  pooled test AUC: 0.7497
  summary → cache/subtask_modulation_partial-shared_rencourage_eencourage_ssuppress_seed42.json
