[config] model=fully-routed router=suppress expert=encourage shared=none device=cuda:0 seed=42 K=4 routing=data lr=0.001 alpha=0.5 epochs=1 batch=16384
[load] cache/moe_fully_routed_seed42.pt  missing=0 unexpected=0
  [epoch 0] batch 50, AU entries=195, loss=0.9937
  [epoch 0] batch 100, AU entries=210, loss=0.5641
  [epoch 0] batch 150, AU entries=210, loss=0.2418
  [epoch 0] batch 200, AU entries=210, loss=0.0849
  [epoch 0] batch 250, AU entries=210, loss=0.6086
  [epoch 0] batch 300, AU entries=210, loss=0.1870
  [epoch 0] batch 350, AU entries=210, loss=0.4894
  [epoch 0] batch 400, AU entries=210, loss=0.1187
  [epoch 0] batch 450, AU entries=210, loss=0.3802
  [epoch 0] batch 500, AU entries=210, loss=0.1430
  [epoch 0] batch 550, AU entries=210, loss=0.3334
  [epoch 0] batch 600, AU entries=210, loss=0.4734
    scenario 0: 0.6910
    scenario 1: 0.7209
    scenario 2: 0.7831
    scenario 3: 0.7328
    scenario 4: 0.7170
    scenario 5: 0.6228
    scenario 6: 0.7249
    scenario 8: 0.7461
  mean per-scenario AUC: 0.7173
  pooled test AUC: 0.7715
  summary → cache/subtask_modulation_fully-routed_rsuppress_eencourage_snone_seed42.json
  backbone → cache/subtask_backbone_fully-routed_rsuppress_eencourage_snone_seed42.pt
