=== [partial-shared @ cuda:0] router=encourage expert=suppress shared=none ===
[config] model=partial-shared router=encourage expert=suppress shared=none device=cuda:0 seed=42 K=4 routing=data lr=0.001 alpha=0.5 epochs=1 batch=16384
[load] cache/moe_partial_shared_seed42.pt  missing=0 unexpected=0
  [epoch 0] batch 50, AU entries=234, loss=0.3607
  [epoch 0] batch 100, AU entries=234, loss=0.3402
  [epoch 0] batch 150, AU entries=234, loss=0.6652
  [epoch 0] batch 200, AU entries=252, loss=0.3744
  [epoch 0] batch 250, AU entries=252, loss=1.5133
  [epoch 0] batch 300, AU entries=252, loss=0.3246
  [epoch 0] batch 350, AU entries=252, loss=0.1105
  [epoch 0] batch 400, AU entries=252, loss=0.3765
  [epoch 0] batch 450, AU entries=252, loss=0.3798
  [epoch 0] batch 500, AU entries=252, loss=0.1567
  [epoch 0] batch 550, AU entries=252, loss=0.3102
  [epoch 0] batch 600, AU entries=252, loss=0.0014
    scenario 0: 0.6450
    scenario 1: 0.6959
    scenario 2: 0.7770
    scenario 3: 0.6676
    scenario 4: 0.6945
    scenario 5: 0.6416
    scenario 6: 0.7004
    scenario 8: 0.6025
  mean per-scenario AUC: 0.6781
  pooled test AUC: 0.7540
  summary → cache/subtask_modulation_partial-shared_rencourage_esuppress_snone_seed42.json
=== [partial-shared @ cuda:0] router=encourage expert=suppress shared=encourage ===
[config] model=partial-shared router=encourage expert=suppress shared=encourage device=cuda:0 seed=42 K=4 routing=data lr=0.001 alpha=0.5 epochs=1 batch=16384
[load] cache/moe_partial_shared_seed42.pt  missing=0 unexpected=0
  [epoch 0] batch 50, AU entries=234, loss=0.5258
  [epoch 0] batch 100, AU entries=234, loss=0.3149
  [epoch 0] batch 150, AU entries=234, loss=0.4736
  [epoch 0] batch 200, AU entries=252, loss=0.4398
  [epoch 0] batch 250, AU entries=252, loss=0.9087
  [epoch 0] batch 300, AU entries=252, loss=0.2840
  [epoch 0] batch 350, AU entries=252, loss=0.1697
  [epoch 0] batch 400, AU entries=252, loss=0.3148
  [epoch 0] batch 450, AU entries=252, loss=0.4259
  [epoch 0] batch 500, AU entries=252, loss=0.1105
  [epoch 0] batch 550, AU entries=252, loss=0.2883
  [epoch 0] batch 600, AU entries=252, loss=0.0030
    scenario 0: 0.6491
    scenario 1: 0.7071
    scenario 2: 0.7787
    scenario 3: 0.6660
    scenario 4: 0.7006
    scenario 5: 0.6538
    scenario 6: 0.7053
    scenario 8: 0.5911
  mean per-scenario AUC: 0.6815
  pooled test AUC: 0.7608
  summary → cache/subtask_modulation_partial-shared_rencourage_esuppress_sencourage_seed42.json
=== [partial-shared @ cuda:0] router=encourage expert=suppress shared=suppress ===
[config] model=partial-shared router=encourage expert=suppress shared=suppress device=cuda:0 seed=42 K=4 routing=data lr=0.001 alpha=0.5 epochs=1 batch=16384
[load] cache/moe_partial_shared_seed42.pt  missing=0 unexpected=0
  [epoch 0] batch 50, AU entries=234, loss=0.6103
  [epoch 0] batch 100, AU entries=234, loss=0.3041
  [epoch 0] batch 150, AU entries=234, loss=0.2058
  [epoch 0] batch 200, AU entries=252, loss=0.4384
  [epoch 0] batch 250, AU entries=252, loss=0.9776
  [epoch 0] batch 300, AU entries=252, loss=0.2328
  [epoch 0] batch 350, AU entries=252, loss=0.1750
  [epoch 0] batch 400, AU entries=252, loss=0.3535
  [epoch 0] batch 450, AU entries=252, loss=0.9859
  [epoch 0] batch 500, AU entries=252, loss=0.0884
  [epoch 0] batch 550, AU entries=252, loss=0.2040
  [epoch 0] batch 600, AU entries=252, loss=0.0003
    scenario 0: 0.6294
    scenario 1: 0.6916
    scenario 2: 0.7723
    scenario 3: 0.6105
    scenario 4: 0.6780
    scenario 5: 0.6444
    scenario 6: 0.6920
    scenario 8: 0.6744
  mean per-scenario AUC: 0.6741
  pooled test AUC: 0.7498
  summary → cache/subtask_modulation_partial-shared_rencourage_esuppress_ssuppress_seed42.json
=== [partial-shared @ cuda:0] router=suppress expert=none shared=none ===
[config] model=partial-shared router=suppress expert=none shared=none device=cuda:0 seed=42 K=4 routing=data lr=0.001 alpha=0.5 epochs=1 batch=16384
[load] cache/moe_partial_shared_seed42.pt  missing=0 unexpected=0
  [epoch 0] batch 50, AU entries=234, loss=1.1968
  [epoch 0] batch 100, AU entries=234, loss=0.2844
  [epoch 0] batch 150, AU entries=234, loss=0.2474
  [epoch 0] batch 200, AU entries=252, loss=0.4302
  [epoch 0] batch 250, AU entries=252, loss=1.0221
  [epoch 0] batch 300, AU entries=252, loss=0.3052
  [epoch 0] batch 350, AU entries=252, loss=0.1985
  [epoch 0] batch 400, AU entries=252, loss=0.3360
  [epoch 0] batch 450, AU entries=252, loss=0.3352
  [epoch 0] batch 500, AU entries=252, loss=0.1381
  [epoch 0] batch 550, AU entries=252, loss=0.3296
  [epoch 0] batch 600, AU entries=252, loss=0.0011
    scenario 0: 0.6795
    scenario 1: 0.7144
    scenario 2: 0.7833
    scenario 3: 0.6837
    scenario 4: 0.7100
    scenario 5: 0.6585
    scenario 6: 0.7246
    scenario 8: 0.7275
  mean per-scenario AUC: 0.7102
  pooled test AUC: 0.7664
  summary → cache/subtask_modulation_partial-shared_rsuppress_enone_snone_seed42.json
=== [partial-shared @ cuda:0] router=suppress expert=none shared=encourage ===
[config] model=partial-shared router=suppress expert=none shared=encourage device=cuda:0 seed=42 K=4 routing=data lr=0.001 alpha=0.5 epochs=1 batch=16384
[load] cache/moe_partial_shared_seed42.pt  missing=0 unexpected=0
  [epoch 0] batch 50, AU entries=234, loss=0.5794
  [epoch 0] batch 100, AU entries=234, loss=0.2915
  [epoch 0] batch 150, AU entries=234, loss=0.1353
  [epoch 0] batch 200, AU entries=252, loss=0.3987
  [epoch 0] batch 250, AU entries=252, loss=1.0858
  [epoch 0] batch 300, AU entries=252, loss=0.3096
  [epoch 0] batch 350, AU entries=252, loss=0.1638
  [epoch 0] batch 400, AU entries=252, loss=0.3403
  [epoch 0] batch 450, AU entries=252, loss=0.4248
  [epoch 0] batch 500, AU entries=252, loss=0.1067
  [epoch 0] batch 550, AU entries=252, loss=0.3087
  [epoch 0] batch 600, AU entries=252, loss=0.0016
    scenario 0: 0.6786
    scenario 1: 0.7154
    scenario 2: 0.7831
    scenario 3: 0.6846
    scenario 4: 0.7091
    scenario 5: 0.6346
    scenario 6: 0.7190
    scenario 8: 0.6512
  mean per-scenario AUC: 0.6969
  pooled test AUC: 0.7671
  summary → cache/subtask_modulation_partial-shared_rsuppress_enone_sencourage_seed42.json
=== [partial-shared @ cuda:0] router=suppress expert=none shared=suppress ===
[config] model=partial-shared router=suppress expert=none shared=suppress device=cuda:0 seed=42 K=4 routing=data lr=0.001 alpha=0.5 epochs=1 batch=16384
[load] cache/moe_partial_shared_seed42.pt  missing=0 unexpected=0
  [epoch 0] batch 50, AU entries=234, loss=0.8556
  [epoch 0] batch 100, AU entries=234, loss=0.3076
  [epoch 0] batch 150, AU entries=234, loss=0.2625
  [epoch 0] batch 200, AU entries=252, loss=0.3487
  [epoch 0] batch 250, AU entries=252, loss=1.1485
  [epoch 0] batch 300, AU entries=252, loss=0.2903
  [epoch 0] batch 350, AU entries=252, loss=0.1951
  [epoch 0] batch 400, AU entries=252, loss=0.3277
  [epoch 0] batch 450, AU entries=252, loss=0.4382
  [epoch 0] batch 500, AU entries=252, loss=0.1059
  [epoch 0] batch 550, AU entries=252, loss=0.2550
  [epoch 0] batch 600, AU entries=252, loss=0.0003
    scenario 0: 0.6777
    scenario 1: 0.7134
    scenario 2: 0.7759
    scenario 3: 0.6575
    scenario 4: 0.7070
    scenario 5: 0.6651
    scenario 6: 0.7203
    scenario 8: 0.6367
  mean per-scenario AUC: 0.6942
  pooled test AUC: 0.7660
  summary → cache/subtask_modulation_partial-shared_rsuppress_enone_ssuppress_seed42.json
WORKER DONE: partial-shared cuda:0 seed 42
=== [partial-shared @ cuda:0] router=none expert=none shared=none ===
[config] model=partial-shared router=none expert=none shared=none device=cuda:0 seed=456 K=4 routing=data lr=0.001 alpha=0.5 epochs=1 batch=16384
[load] cache/moe_partial_shared_seed456.pt  missing=0 unexpected=0
  [epoch 0] batch 50, AU entries=252, loss=0.2919
  [epoch 0] batch 100, AU entries=252, loss=0.3205
  [epoch 0] batch 150, AU entries=252, loss=0.5324
  [epoch 0] batch 200, AU entries=252, loss=0.1619
  [epoch 0] batch 250, AU entries=252, loss=0.1812
  [epoch 0] batch 300, AU entries=252, loss=0.2684
  [epoch 0] batch 350, AU entries=252, loss=0.4115
  [epoch 0] batch 400, AU entries=252, loss=0.5151
  [epoch 0] batch 450, AU entries=252, loss=0.3476
  [epoch 0] batch 500, AU entries=252, loss=0.1467
  [epoch 0] batch 550, AU entries=252, loss=0.6998
  [epoch 0] batch 600, AU entries=252, loss=1.0974
    scenario 0: 0.6552
    scenario 1: 0.7064
    scenario 2: 0.7825
    scenario 3: 0.7152
    scenario 4: 0.6986
    scenario 5: 0.6576
    scenario 6: 0.7166
    scenario 8: 0.7257
  mean per-scenario AUC: 0.7072
  pooled test AUC: 0.7599
  summary → cache/subtask_modulation_partial-shared_rnone_enone_snone_seed456.json
=== [partial-shared @ cuda:0] router=suppress expert=encourage shared=none ===
[config] model=partial-shared router=suppress expert=encourage shared=none device=cuda:0 seed=456 K=4 routing=data lr=0.001 alpha=0.5 epochs=1 batch=16384
[load] cache/moe_partial_shared_seed456.pt  missing=0 unexpected=0
  [epoch 0] batch 50, AU entries=252, loss=0.1896
  [epoch 0] batch 100, AU entries=252, loss=0.3430
  [epoch 0] batch 150, AU entries=252, loss=0.5809
  [epoch 0] batch 200, AU entries=252, loss=0.1333
  [epoch 0] batch 250, AU entries=252, loss=0.2597
  [epoch 0] batch 300, AU entries=252, loss=0.2727
  [epoch 0] batch 350, AU entries=252, loss=0.4343
  [epoch 0] batch 400, AU entries=252, loss=0.4779
  [epoch 0] batch 450, AU entries=252, loss=0.3593
  [epoch 0] batch 500, AU entries=252, loss=0.1422
  [epoch 0] batch 550, AU entries=252, loss=0.7256
  [epoch 0] batch 600, AU entries=252, loss=1.1068
    scenario 0: 0.6772
    scenario 1: 0.7149
    scenario 2: 0.7782
    scenario 3: 0.7074
    scenario 4: 0.7082
    scenario 5: 0.6744
    scenario 6: 0.7286
    scenario 8: 0.7573
  mean per-scenario AUC: 0.7183
  pooled test AUC: 0.7666
  summary → cache/subtask_modulation_partial-shared_rsuppress_eencourage_snone_seed456.json
=== [partial-shared @ cuda:0] router=suppress expert=none shared=encourage ===
[config] model=partial-shared router=suppress expert=none shared=encourage device=cuda:0 seed=456 K=4 routing=data lr=0.001 alpha=0.5 epochs=1 batch=16384
[load] cache/moe_partial_shared_seed456.pt  missing=0 unexpected=0
  [epoch 0] batch 50, AU entries=252, loss=0.2772
  [epoch 0] batch 100, AU entries=252, loss=0.3329
  [epoch 0] batch 150, AU entries=252, loss=0.5455
  [epoch 0] batch 200, AU entries=252, loss=0.0949
  [epoch 0] batch 250, AU entries=252, loss=0.2189
  [epoch 0] batch 300, AU entries=252, loss=0.3363
  [epoch 0] batch 350, AU entries=252, loss=0.4865
  [epoch 0] batch 400, AU entries=252, loss=0.4728
  [epoch 0] batch 450, AU entries=252, loss=0.3167
  [epoch 0] batch 500, AU entries=252, loss=0.1301
  [epoch 0] batch 550, AU entries=252, loss=0.6835
  [epoch 0] batch 600, AU entries=252, loss=0.8632
    scenario 0: 0.6711
    scenario 1: 0.7133
    scenario 2: 0.7860
    scenario 3: 0.6861
    scenario 4: 0.7096
    scenario 5: 0.6639
    scenario 6: 0.7201
    scenario 8: 0.7638
  mean per-scenario AUC: 0.7143
  pooled test AUC: 0.7658
  summary → cache/subtask_modulation_partial-shared_rsuppress_enone_sencourage_seed456.json
=== [partial-shared @ cuda:0] router=none expert=none shared=encourage ===
[config] model=partial-shared router=none expert=none shared=encourage device=cuda:0 seed=456 K=4 routing=data lr=0.001 alpha=0.5 epochs=1 batch=16384
[load] cache/moe_partial_shared_seed456.pt  missing=0 unexpected=0
  [epoch 0] batch 50, AU entries=252, loss=0.2473
  [epoch 0] batch 100, AU entries=252, loss=0.2876
  [epoch 0] batch 150, AU entries=252, loss=0.5791
  [epoch 0] batch 200, AU entries=252, loss=0.3213
  [epoch 0] batch 250, AU entries=252, loss=0.2035
  [epoch 0] batch 300, AU entries=252, loss=0.2847
  [epoch 0] batch 350, AU entries=252, loss=0.4968
  [epoch 0] batch 400, AU entries=252, loss=0.4767
  [epoch 0] batch 450, AU entries=252, loss=0.2995
  [epoch 0] batch 500, AU entries=252, loss=0.1305
  [epoch 0] batch 550, AU entries=252, loss=0.6603
  [epoch 0] batch 600, AU entries=252, loss=1.0888
    scenario 0: 0.6522
    scenario 1: 0.7039
    scenario 2: 0.7826
    scenario 3: 0.7148
    scenario 4: 0.6990
    scenario 5: 0.6794
    scenario 6: 0.7124
    scenario 8: 0.6994
  mean per-scenario AUC: 0.7055
  pooled test AUC: 0.7589
  summary → cache/subtask_modulation_partial-shared_rnone_enone_sencourage_seed456.json
=== [partial-shared @ cuda:0] router=encourage expert=none shared=suppress ===
[config] model=partial-shared router=encourage expert=none shared=suppress device=cuda:0 seed=456 K=4 routing=data lr=0.001 alpha=0.5 epochs=1 batch=16384
[load] cache/moe_partial_shared_seed456.pt  missing=0 unexpected=0
  [epoch 0] batch 50, AU entries=252, loss=0.3293
  [epoch 0] batch 100, AU entries=252, loss=0.3572
  [epoch 0] batch 150, AU entries=252, loss=0.5145
  [epoch 0] batch 200, AU entries=252, loss=0.1484
  [epoch 0] batch 250, AU entries=252, loss=0.2369
  [epoch 0] batch 300, AU entries=252, loss=0.2758
  [epoch 0] batch 350, AU entries=252, loss=0.3642
  [epoch 0] batch 400, AU entries=252, loss=0.5235
  [epoch 0] batch 450, AU entries=252, loss=0.3208
  [epoch 0] batch 500, AU entries=252, loss=0.1577
  [epoch 0] batch 550, AU entries=252, loss=0.6771
  [epoch 0] batch 600, AU entries=252, loss=1.1787
    scenario 0: 0.6229
    scenario 1: 0.6853
    scenario 2: 0.7717
    scenario 3: 0.6163
    scenario 4: 0.6790
    scenario 5: 0.6459
    scenario 6: 0.6845
    scenario 8: 0.7206
  mean per-scenario AUC: 0.6783
  pooled test AUC: 0.7441
  summary → cache/subtask_modulation_partial-shared_rencourage_enone_ssuppress_seed456.json
WORKER DONE: partial-shared cuda:0 seed 456
=== SKIP (exists) router=none expert=none shared=none ===
=== SKIP (exists) router=none expert=none shared=encourage ===
=== [partial-shared @ cuda:0] router=none expert=none shared=suppress ===
[config] model=partial-shared router=none expert=none shared=suppress device=cuda:0 seed=123 K=4 routing=data lr=0.001 alpha=0.5 epochs=1 batch=16384
[load] cache/moe_partial_shared_seed123.pt  missing=0 unexpected=0
  [epoch 0] batch 50, AU entries=234, loss=0.3993
  [epoch 0] batch 100, AU entries=234, loss=0.4668
  [epoch 0] batch 150, AU entries=252, loss=0.2184
  [epoch 0] batch 200, AU entries=252, loss=0.5821
  [epoch 0] batch 250, AU entries=252, loss=0.7622
  [epoch 0] batch 300, AU entries=252, loss=0.5101
  [epoch 0] batch 350, AU entries=252, loss=0.1070
  [epoch 0] batch 400, AU entries=252, loss=0.2653
  [epoch 0] batch 450, AU entries=252, loss=0.4545
  [epoch 0] batch 500, AU entries=252, loss=0.3710
  [epoch 0] batch 550, AU entries=252, loss=0.5862
  [epoch 0] batch 600, AU entries=252, loss=0.3939
    scenario 0: 0.6487
    scenario 1: 0.6973
    scenario 2: 0.7802
    scenario 3: 0.6830
    scenario 4: 0.6984
    scenario 5: 0.6689
    scenario 6: 0.7039
    scenario 8: 0.5758
  mean per-scenario AUC: 0.6820
  pooled test AUC: 0.7544
  summary → cache/subtask_modulation_partial-shared_rnone_enone_ssuppress_seed123.json
=== [partial-shared @ cuda:0] router=none expert=encourage shared=none ===
[config] model=partial-shared router=none expert=encourage shared=none device=cuda:0 seed=123 K=4 routing=data lr=0.001 alpha=0.5 epochs=1 batch=16384
[load] cache/moe_partial_shared_seed123.pt  missing=0 unexpected=0
  [epoch 0] batch 50, AU entries=234, loss=0.4422
  [epoch 0] batch 100, AU entries=234, loss=0.4553
  [epoch 0] batch 150, AU entries=252, loss=0.2082
  [epoch 0] batch 200, AU entries=252, loss=0.5593
  [epoch 0] batch 250, AU entries=252, loss=0.8972
  [epoch 0] batch 300, AU entries=252, loss=0.3985
  [epoch 0] batch 350, AU entries=252, loss=0.1227
  [epoch 0] batch 400, AU entries=252, loss=0.2432
  [epoch 0] batch 450, AU entries=252, loss=0.5617
  [epoch 0] batch 500, AU entries=252, loss=0.5360
  [epoch 0] batch 550, AU entries=252, loss=0.5616
  [epoch 0] batch 600, AU entries=252, loss=0.3558
    scenario 0: 0.6501
    scenario 1: 0.6995
    scenario 2: 0.7902
    scenario 3: 0.7131
    scenario 4: 0.7004
    scenario 5: 0.6889
    scenario 6: 0.6995
    scenario 8: 0.7479
  mean per-scenario AUC: 0.7112
  pooled test AUC: 0.7562
  summary → cache/subtask_modulation_partial-shared_rnone_eencourage_snone_seed123.json
=== [partial-shared @ cuda:0] router=none expert=encourage shared=encourage ===
[config] model=partial-shared router=none expert=encourage shared=encourage device=cuda:0 seed=123 K=4 routing=data lr=0.001 alpha=0.5 epochs=1 batch=16384
[load] cache/moe_partial_shared_seed123.pt  missing=0 unexpected=0
  [epoch 0] batch 50, AU entries=234, loss=0.4353
  [epoch 0] batch 100, AU entries=234, loss=0.3430
  [epoch 0] batch 150, AU entries=252, loss=0.2757
  [epoch 0] batch 200, AU entries=252, loss=0.7447
  [epoch 0] batch 250, AU entries=252, loss=0.7494
  [epoch 0] batch 300, AU entries=252, loss=0.3605
  [epoch 0] batch 350, AU entries=252, loss=0.1122
  [epoch 0] batch 400, AU entries=252, loss=0.2315
  [epoch 0] batch 450, AU entries=252, loss=0.4631
  [epoch 0] batch 500, AU entries=252, loss=0.5481
  [epoch 0] batch 550, AU entries=252, loss=0.5618
  [epoch 0] batch 600, AU entries=252, loss=0.3610
    scenario 0: 0.6526
    scenario 1: 0.7019
    scenario 2: 0.7872
    scenario 3: 0.7078
    scenario 4: 0.7032
    scenario 5: 0.6400
    scenario 6: 0.6648
    scenario 8: 0.7215
  mean per-scenario AUC: 0.6974
  pooled test AUC: 0.7574
  summary → cache/subtask_modulation_partial-shared_rnone_eencourage_sencourage_seed123.json
=== [partial-shared @ cuda:0] router=none expert=encourage shared=suppress ===
[config] model=partial-shared router=none expert=encourage shared=suppress device=cuda:0 seed=123 K=4 routing=data lr=0.001 alpha=0.5 epochs=1 batch=16384
[load] cache/moe_partial_shared_seed123.pt  missing=0 unexpected=0
  [epoch 0] batch 50, AU entries=234, loss=0.3235
  [epoch 0] batch 100, AU entries=234, loss=0.4298
  [epoch 0] batch 150, AU entries=252, loss=0.2317
  [epoch 0] batch 200, AU entries=252, loss=0.7073
  [epoch 0] batch 250, AU entries=252, loss=0.7208
  [epoch 0] batch 300, AU entries=252, loss=0.4668
  [epoch 0] batch 350, AU entries=252, loss=0.1662
  [epoch 0] batch 400, AU entries=252, loss=0.2209
  [epoch 0] batch 450, AU entries=252, loss=0.4660
  [epoch 0] batch 500, AU entries=252, loss=0.4093
  [epoch 0] batch 550, AU entries=252, loss=0.6048
  [epoch 0] batch 600, AU entries=252, loss=0.3670
    scenario 0: 0.6278
    scenario 1: 0.6978
    scenario 2: 0.7817
    scenario 3: 0.6898
    scenario 4: 0.6894
    scenario 5: 0.5980
    scenario 6: 0.7067
    scenario 8: 0.6920
  mean per-scenario AUC: 0.6854
  pooled test AUC: 0.7545
  summary → cache/subtask_modulation_partial-shared_rnone_eencourage_ssuppress_seed123.json
=== [partial-shared @ cuda:0] router=none expert=suppress shared=none ===
[config] model=partial-shared router=none expert=suppress shared=none device=cuda:0 seed=123 K=4 routing=data lr=0.001 alpha=0.5 epochs=1 batch=16384
[load] cache/moe_partial_shared_seed123.pt  missing=0 unexpected=0
  [epoch 0] batch 50, AU entries=234, loss=0.2853
  [epoch 0] batch 100, AU entries=234, loss=0.4078
  [epoch 0] batch 150, AU entries=252, loss=0.1775
  [epoch 0] batch 200, AU entries=252, loss=0.5160
  [epoch 0] batch 250, AU entries=252, loss=1.1350
  [epoch 0] batch 300, AU entries=252, loss=0.4172
  [epoch 0] batch 350, AU entries=252, loss=0.0818
  [epoch 0] batch 400, AU entries=252, loss=0.2836
  [epoch 0] batch 450, AU entries=252, loss=0.4457
  [epoch 0] batch 500, AU entries=252, loss=0.4972
  [epoch 0] batch 550, AU entries=252, loss=0.6705
  [epoch 0] batch 600, AU entries=252, loss=0.4048
    scenario 0: 0.6378
    scenario 1: 0.6977
    scenario 2: 0.7833
    scenario 3: 0.6461
    scenario 4: 0.6998
    scenario 5: 0.6420
    scenario 6: 0.6889
    scenario 8: 0.6367
  mean per-scenario AUC: 0.6790
  pooled test AUC: 0.7550
  summary → cache/subtask_modulation_partial-shared_rnone_esuppress_snone_seed123.json
=== [partial-shared @ cuda:0] router=none expert=suppress shared=encourage ===
[config] model=partial-shared router=none expert=suppress shared=encourage device=cuda:0 seed=123 K=4 routing=data lr=0.001 alpha=0.5 epochs=1 batch=16384
[load] cache/moe_partial_shared_seed123.pt  missing=0 unexpected=0
  [epoch 0] batch 50, AU entries=234, loss=0.5273
  [epoch 0] batch 100, AU entries=234, loss=0.4326
  [epoch 0] batch 150, AU entries=252, loss=0.2162
  [epoch 0] batch 200, AU entries=252, loss=0.5720
  [epoch 0] batch 250, AU entries=252, loss=0.5720
  [epoch 0] batch 300, AU entries=252, loss=0.3606
  [epoch 0] batch 350, AU entries=252, loss=0.1280
  [epoch 0] batch 400, AU entries=252, loss=0.2490
  [epoch 0] batch 450, AU entries=252, loss=0.4844
  [epoch 0] batch 500, AU entries=252, loss=0.4415
  [epoch 0] batch 550, AU entries=252, loss=0.6232
  [epoch 0] batch 600, AU entries=252, loss=0.3968
    scenario 0: 0.6344
    scenario 1: 0.7031
    scenario 2: 0.7824
    scenario 3: 0.7028
    scenario 4: 0.7020
    scenario 5: 0.6658
    scenario 6: 0.7026
    scenario 8: 0.7283
  mean per-scenario AUC: 0.7027
  pooled test AUC: 0.7582
  summary → cache/subtask_modulation_partial-shared_rnone_esuppress_sencourage_seed123.json
=== [partial-shared @ cuda:0] router=none expert=suppress shared=suppress ===
[config] model=partial-shared router=none expert=suppress shared=suppress device=cuda:0 seed=123 K=4 routing=data lr=0.001 alpha=0.5 epochs=1 batch=16384
[load] cache/moe_partial_shared_seed123.pt  missing=0 unexpected=0
  [epoch 0] batch 50, AU entries=234, loss=0.3432
  [epoch 0] batch 100, AU entries=234, loss=0.4289
  [epoch 0] batch 150, AU entries=252, loss=0.1400
  [epoch 0] batch 200, AU entries=252, loss=0.5126
  [epoch 0] batch 250, AU entries=252, loss=0.6281
  [epoch 0] batch 300, AU entries=252, loss=0.5025
  [epoch 0] batch 350, AU entries=252, loss=0.0939
  [epoch 0] batch 400, AU entries=252, loss=0.2407
  [epoch 0] batch 450, AU entries=252, loss=0.6892
  [epoch 0] batch 500, AU entries=252, loss=0.4468
  [epoch 0] batch 550, AU entries=252, loss=0.5581
  [epoch 0] batch 600, AU entries=252, loss=0.3735
    scenario 0: 0.6226
    scenario 1: 0.6797
    scenario 2: 0.7602
    scenario 3: 0.6558
    scenario 4: 0.6856
    scenario 5: 0.6450
    scenario 6: 0.6853
    scenario 8: 0.6885
  mean per-scenario AUC: 0.6778
  pooled test AUC: 0.7416
  summary → cache/subtask_modulation_partial-shared_rnone_esuppress_ssuppress_seed123.json
=== [partial-shared @ cuda:0] router=encourage expert=none shared=none ===
[config] model=partial-shared router=encourage expert=none shared=none device=cuda:0 seed=123 K=4 routing=data lr=0.001 alpha=0.5 epochs=1 batch=16384
[load] cache/moe_partial_shared_seed123.pt  missing=0 unexpected=0
  [epoch 0] batch 50, AU entries=234, loss=0.2996
  [epoch 0] batch 100, AU entries=234, loss=0.3817
  [epoch 0] batch 150, AU entries=252, loss=0.2309
  [epoch 0] batch 200, AU entries=252, loss=0.6672
  [epoch 0] batch 250, AU entries=252, loss=0.6599
  [epoch 0] batch 300, AU entries=252, loss=0.3621
  [epoch 0] batch 350, AU entries=252, loss=0.1925
  [epoch 0] batch 400, AU entries=252, loss=0.2723
  [epoch 0] batch 450, AU entries=252, loss=0.5193
  [epoch 0] batch 500, AU entries=252, loss=0.2949
  [epoch 0] batch 550, AU entries=252, loss=0.6012
  [epoch 0] batch 600, AU entries=252, loss=0.3881
    scenario 0: 0.6483
    scenario 1: 0.6983
    scenario 2: 0.7839
    scenario 3: 0.7236
    scenario 4: 0.7020
    scenario 5: 0.6767
    scenario 6: 0.7094
    scenario 8: 0.7881
  mean per-scenario AUC: 0.7163
  pooled test AUC: 0.7556
  summary → cache/subtask_modulation_partial-shared_rencourage_enone_snone_seed123.json
=== [partial-shared @ cuda:0] router=encourage expert=none shared=encourage ===
[config] model=partial-shared router=encourage expert=none shared=encourage device=cuda:0 seed=123 K=4 routing=data lr=0.001 alpha=0.5 epochs=1 batch=16384
[load] cache/moe_partial_shared_seed123.pt  missing=0 unexpected=0
  [epoch 0] batch 50, AU entries=234, loss=0.4446
  [epoch 0] batch 100, AU entries=234, loss=0.4264
  [epoch 0] batch 150, AU entries=252, loss=0.1858
  [epoch 0] batch 200, AU entries=252, loss=0.5894
  [epoch 0] batch 250, AU entries=252, loss=0.8803
  [epoch 0] batch 300, AU entries=252, loss=0.4466
  [epoch 0] batch 350, AU entries=252, loss=0.1003
  [epoch 0] batch 400, AU entries=252, loss=0.3496
  [epoch 0] batch 450, AU entries=252, loss=0.4798
  [epoch 0] batch 500, AU entries=252, loss=0.5136
  [epoch 0] batch 550, AU entries=252, loss=0.6100
  [epoch 0] batch 600, AU entries=252, loss=0.3731
    scenario 0: 0.6441
    scenario 1: 0.7007
    scenario 2: 0.7489
    scenario 3: 0.6668
    scenario 4: 0.6983
    scenario 5: 0.6396
    scenario 6: 0.7021
    scenario 8: 0.6477
  mean per-scenario AUC: 0.6810
  pooled test AUC: 0.7555
  summary → cache/subtask_modulation_partial-shared_rencourage_enone_sencourage_seed123.json
=== SKIP (exists) router=encourage expert=none shared=suppress ===
=== [partial-shared @ cuda:0] router=encourage expert=encourage shared=none ===
[config] model=partial-shared router=encourage expert=encourage shared=none device=cuda:0 seed=123 K=4 routing=data lr=0.001 alpha=0.5 epochs=1 batch=16384
[load] cache/moe_partial_shared_seed123.pt  missing=0 unexpected=0
  [epoch 0] batch 50, AU entries=234, loss=0.4194
  [epoch 0] batch 100, AU entries=234, loss=0.5011
  [epoch 0] batch 150, AU entries=252, loss=0.1292
  [epoch 0] batch 200, AU entries=252, loss=0.7190
  [epoch 0] batch 250, AU entries=252, loss=0.8498
  [epoch 0] batch 300, AU entries=252, loss=0.3911
  [epoch 0] batch 350, AU entries=252, loss=0.1002
  [epoch 0] batch 400, AU entries=252, loss=0.2821
  [epoch 0] batch 450, AU entries=252, loss=0.5107
  [epoch 0] batch 500, AU entries=252, loss=0.5120
  [epoch 0] batch 550, AU entries=252, loss=0.5780
  [epoch 0] batch 600, AU entries=252, loss=0.3569
    scenario 0: 0.6458
    scenario 1: 0.6979
    scenario 2: 0.7838
    scenario 3: 0.6855
    scenario 4: 0.6998
    scenario 5: 0.6878
    scenario 6: 0.7008
    scenario 8: 0.7153
  mean per-scenario AUC: 0.7021
  pooled test AUC: 0.7549
  summary → cache/subtask_modulation_partial-shared_rencourage_eencourage_snone_seed123.json
=== [partial-shared @ cuda:0] router=encourage expert=encourage shared=encourage ===
[config] model=partial-shared router=encourage expert=encourage shared=encourage device=cuda:0 seed=123 K=4 routing=data lr=0.001 alpha=0.5 epochs=1 batch=16384
[load] cache/moe_partial_shared_seed123.pt  missing=0 unexpected=0
  [epoch 0] batch 50, AU entries=234, loss=0.3893
  [epoch 0] batch 100, AU entries=234, loss=0.4642
  [epoch 0] batch 150, AU entries=252, loss=0.1542
  [epoch 0] batch 200, AU entries=252, loss=0.6224
  [epoch 0] batch 250, AU entries=252, loss=1.4177
  [epoch 0] batch 300, AU entries=252, loss=0.4225
  [epoch 0] batch 350, AU entries=252, loss=0.0658
  [epoch 0] batch 400, AU entries=252, loss=0.2082
  [epoch 0] batch 450, AU entries=252, loss=0.5783
  [epoch 0] batch 500, AU entries=252, loss=0.4066
  [epoch 0] batch 550, AU entries=252, loss=0.5286
  [epoch 0] batch 600, AU entries=252, loss=0.3713
    scenario 0: 0.6535
    scenario 1: 0.7093
    scenario 2: 0.7903
    scenario 3: 0.7005
    scenario 4: 0.7104
    scenario 5: 0.6955
    scenario 6: 0.7197
    scenario 8: 0.7097
  mean per-scenario AUC: 0.7111
  pooled test AUC: 0.7627
  summary → cache/subtask_modulation_partial-shared_rencourage_eencourage_sencourage_seed123.json
=== [partial-shared @ cuda:0] router=encourage expert=encourage shared=suppress ===
[config] model=partial-shared router=encourage expert=encourage shared=suppress device=cuda:0 seed=123 K=4 routing=data lr=0.001 alpha=0.5 epochs=1 batch=16384
[load] cache/moe_partial_shared_seed123.pt  missing=0 unexpected=0
  [epoch 0] batch 50, AU entries=234, loss=0.3308
  [epoch 0] batch 100, AU entries=234, loss=0.4135
  [epoch 0] batch 150, AU entries=252, loss=0.1279
  [epoch 0] batch 200, AU entries=252, loss=0.5790
  [epoch 0] batch 250, AU entries=252, loss=0.6644
  [epoch 0] batch 300, AU entries=252, loss=0.3427
  [epoch 0] batch 350, AU entries=252, loss=0.1180
  [epoch 0] batch 400, AU entries=252, loss=0.2336
  [epoch 0] batch 450, AU entries=252, loss=0.4620
  [epoch 0] batch 500, AU entries=252, loss=0.4126
  [epoch 0] batch 550, AU entries=252, loss=0.5462
  [epoch 0] batch 600, AU entries=252, loss=0.4657
    scenario 0: 0.6359
    scenario 1: 0.6910
    scenario 2: 0.7885
    scenario 3: 0.6961
    scenario 4: 0.6913
    scenario 5: 0.6477
    scenario 6: 0.6998
    scenario 8: 0.7281
  mean per-scenario AUC: 0.6973
  pooled test AUC: 0.7510
  summary → cache/subtask_modulation_partial-shared_rencourage_eencourage_ssuppress_seed123.json
=== [partial-shared @ cuda:0] router=encourage expert=suppress shared=none ===
[config] model=partial-shared router=encourage expert=suppress shared=none device=cuda:0 seed=123 K=4 routing=data lr=0.001 alpha=0.5 epochs=1 batch=16384
[load] cache/moe_partial_shared_seed123.pt  missing=0 unexpected=0
  [epoch 0] batch 50, AU entries=234, loss=0.3614
  [epoch 0] batch 100, AU entries=234, loss=0.3757
  [epoch 0] batch 150, AU entries=252, loss=0.1577
  [epoch 0] batch 200, AU entries=252, loss=0.6259
  [epoch 0] batch 250, AU entries=252, loss=0.7170
  [epoch 0] batch 300, AU entries=252, loss=0.4900
  [epoch 0] batch 350, AU entries=252, loss=0.1149
  [epoch 0] batch 400, AU entries=252, loss=0.2212
  [epoch 0] batch 450, AU entries=252, loss=0.5502
  [epoch 0] batch 500, AU entries=252, loss=0.3700
  [epoch 0] batch 550, AU entries=252, loss=0.5235
  [epoch 0] batch 600, AU entries=252, loss=0.3904
    scenario 0: 0.6424
    scenario 1: 0.6909
    scenario 2: 0.7738
    scenario 3: 0.6917
    scenario 4: 0.6924
    scenario 5: 0.6177
    scenario 6: 0.6883
    scenario 8: 0.7354
  mean per-scenario AUC: 0.6916
  pooled test AUC: 0.7498
  summary → cache/subtask_modulation_partial-shared_rencourage_esuppress_snone_seed123.json
=== [partial-shared @ cuda:0] router=encourage expert=suppress shared=encourage ===
[config] model=partial-shared router=encourage expert=suppress shared=encourage device=cuda:0 seed=123 K=4 routing=data lr=0.001 alpha=0.5 epochs=1 batch=16384
[load] cache/moe_partial_shared_seed123.pt  missing=0 unexpected=0
  [epoch 0] batch 50, AU entries=234, loss=0.4850
  [epoch 0] batch 100, AU entries=234, loss=0.4344
  [epoch 0] batch 150, AU entries=252, loss=0.1623
  [epoch 0] batch 200, AU entries=252, loss=0.5966
  [epoch 0] batch 250, AU entries=252, loss=0.8996
  [epoch 0] batch 300, AU entries=252, loss=0.4723
  [epoch 0] batch 350, AU entries=252, loss=0.1913
  [epoch 0] batch 400, AU entries=252, loss=0.2389
  [epoch 0] batch 450, AU entries=252, loss=0.5388
  [epoch 0] batch 500, AU entries=252, loss=0.5063
  [epoch 0] batch 550, AU entries=252, loss=0.6071
  [epoch 0] batch 600, AU entries=252, loss=0.3921
    scenario 0: 0.6382
    scenario 1: 0.7023
    scenario 2: 0.7811
    scenario 3: 0.6460
    scenario 4: 0.7032
    scenario 5: 0.6563
    scenario 6: 0.7119
    scenario 8: 0.7233
  mean per-scenario AUC: 0.6953
  pooled test AUC: 0.7575
  summary → cache/subtask_modulation_partial-shared_rencourage_esuppress_sencourage_seed123.json
=== [partial-shared @ cuda:0] router=encourage expert=suppress shared=suppress ===
[config] model=partial-shared router=encourage expert=suppress shared=suppress device=cuda:0 seed=123 K=4 routing=data lr=0.001 alpha=0.5 epochs=1 batch=16384
[load] cache/moe_partial_shared_seed123.pt  missing=0 unexpected=0
  [epoch 0] batch 50, AU entries=234, loss=0.3572
  [epoch 0] batch 100, AU entries=234, loss=0.4556
  [epoch 0] batch 150, AU entries=252, loss=0.1863
  [epoch 0] batch 200, AU entries=252, loss=0.5283
  [epoch 0] batch 250, AU entries=252, loss=0.8977
  [epoch 0] batch 300, AU entries=252, loss=0.4036
  [epoch 0] batch 350, AU entries=252, loss=0.0721
  [epoch 0] batch 400, AU entries=252, loss=0.2147
  [epoch 0] batch 450, AU entries=252, loss=0.7978
  [epoch 0] batch 500, AU entries=252, loss=0.4067
  [epoch 0] batch 550, AU entries=252, loss=0.6286
  [epoch 0] batch 600, AU entries=252, loss=0.3977
    scenario 0: 0.6227
    scenario 1: 0.6919
    scenario 2: 0.7736
    scenario 3: 0.6907
    scenario 4: 0.6985
    scenario 5: 0.6504
    scenario 6: 0.6973
    scenario 8: 0.7723
  mean per-scenario AUC: 0.6997
  pooled test AUC: 0.7507
  summary → cache/subtask_modulation_partial-shared_rencourage_esuppress_ssuppress_seed123.json
WORKER DONE: partial-shared cuda:0 seed 123
